Godot Engine v4.7.2.stable.official.ed1daf0bf - https://godotengine.org

[DataRegistry] config load summary
[DataRegistry] - weapons: 2 records
[DataRegistry] - relics: 72 records
[DataRegistry] - bonds: 4 records
[DataRegistry] - characters: 1 records
[DataRegistry] - enemies: 1 records
[DataRegistry] - camp_buildings: 6 records
[DataRegistry] - zones: 3 records
[DataRegistry] - waves: 20 records
[DataRegistry] - drop_tables: 3 records
[DataRegistry] - augmentations: 12 records
[DataRegistry] stat check: attack_speed=100 => interval 0.50s from 1.00s
[DataRegistry] stat check: armor=100 => damage_taken_percent 50
[DataRegistry] stat check: area_size=40 => radius 140 from 100
[DataRegistry] stat check: finance=101 interest_rate=5 => gain 6
[DataRegistry] load completed without errors
AUDIT USER_DIR C:/Users/mi/AppData/Roaming/CodexRelicAudit20260922
AUDIT CONFIRMED 72_SINGLE_RELIC_FLAT_STATS []
AUDIT CONFIRMED ALL_LIMITED_STACK_CAPS []
AUDIT CONFIRMED HIGH_YIELD_ANNUITY_BYPASS [{"base_gain":9,"blocked":true,"gain":0,"interest_rate":9.0,"principal_after":100,"principal_before":100,"reason":"high_yield_requires_wave_start_deposit","source":"wave_end","success":false,"wave_number":1},{"base_gain":9,"blocked":false,"gain":9,"interest_rate":9.0,"interest_rate_after":9.0,"principal_after":109,"principal_before":100,"reason":"interest_collected","source":"annuity_extra","success":true,"wave_number":1}]
AUDIT CONFIRMED TOME_EXTRA_SETTLEMENT_SKIPPED {"rate_bonus":0.2,"results":[{"base_gain":5,"blocked":false,"gain":5,"interest_rate":5.0,"interest_rate_after":5.2,"principal_after":105,"principal_before":100,"reason":"interest_collected","source":"wave_end","success":true,"wave_number":1},{"base_gain":6,"blocked":false,"gain":6,"interest_rate":5.2,"interest_rate_after":5.2,"principal_after":111,"principal_before":105,"reason":"interest_collected","source":"annuity_extra","success":true,"wave_number":1}]}
AUDIT CONFIRMED HUD_PLAYER_RATE_MISSES_TOME [5.0,5.2]
[PlayerController] player revived, remaining=0
AUDIT CONFIRMED SEED_REVIVE_RESTORED_BY_OTHER_RELIC [0,1]
AUDIT CONFIRMED MAX_HP_REBUILD_LOSES_CURRENT_HP [13,10,13.0]
AUDIT CONFIRMED CANDLE_REMOVES_EXISTING_SANITY_BONUS [110.0,100.0]
AUDIT CONFIRMED SOUL_STONE_BYPASSES_CANDLE [100.0,110.0]
AUDIT CONFIRMED DYNAMIC_ORDER_DEPENDENCE [[70.0,240.0],[70.0,252.0]]
AUDIT CONFIRMED FUSION_STALE_UNTIL_FINANCE_EVENT {"first":{"base_gain":50,"blocked":false,"gain":50,"interest_rate":5.0,"interest_rate_after":5.0,"principal_after":1050,"principal_before":1000,"reason":"interest_collected","source":"wave_end","success":true,"wave_number":0},"rate_before":5.0,"stale":5.0,"updated":5.5}
AUDIT CONFIRMED DISCOUNT_PRICE_VS_HUD [16.0,[8.0,8.0]]
AUDIT CONFIRMED MELEE_NO_DAMAGE_EFFECT [8,8]
AUDIT CONFIRMED ZERO_SPREAD_IGNORES_PROJECTILE_COUNT ["weapon_plasma_cannon",2.0,[0.0]]
AUDIT CONFIRMED GALE_NEGATIVE_DAMAGE_CLAMPED [5.0,5.0,0.0]
AUDIT CONFIRMED PREVIEW_IGNORES_CANDLE [60.0,50.0]
AUDIT CONFIRMED PREVIEW_IGNORES_DYNAMIC [252.0,240.0]
AUDIT CONFIRMED SMALL_REWARD_BONUSES_ROUNDED_AWAY [1,1]
AUDIT CONFIRMED SMALL_REWARD_PENALTY_ROUNDED_AWAY 2
AUDIT CONFIRMED BANKRUPTCY_ONLY_ONCE [2200,0]
AUDIT CONFIRMED CLOCK_USES_GLOBAL_WAVE_COUNT [{"base_gain":5,"blocked":false,"gain":5,"interest_rate":5.0,"interest_rate_after":5.0,"principal_after":105,"principal_before":100,"reason":"interest_collected","source":"wave_end","success":true,"wave_number":3},{"base_gain":6,"blocked":false,"gain":6,"interest_rate":5.0,"interest_rate_after":5.0,"principal_after":111,"principal_before":105,"reason":"interest_collected","source":"periodic","success":true,"wave_number":3}]
AUDIT COMPLETE unexpected=0
