Godot Engine v4.7.2.stable.official.ed1daf0bf - https://godotengine.org

[DataRegistry] config load summary
[DataRegistry] - weapons: 2 records
[DataRegistry] - relics: 72 records
[DataRegistry] - bonds: 4 records
[DataRegistry] - characters: 1 records
[DataRegistry] - enemies: 1 records
[DataRegistry] - camp_buildings: 6 records
[DataRegistry] - zones: 3 records
[DataRegistry] - waves: 20 records
[DataRegistry] - drop_tables: 3 records
[DataRegistry] - augmentations: 12 records
[DataRegistry] stat check: attack_speed=100 => interval 0.50s from 1.00s
[DataRegistry] stat check: armor=100 => damage_taken_percent 50
[DataRegistry] stat check: area_size=40 => radius 140 from 100
[DataRegistry] stat check: finance=101 interest_rate=5 => gain 6
[DataRegistry] load completed without errors
[Bootstrap] data self-test started
[GameGlobal] bootstrap runtime ready
[Bootstrap] modifier stack checks
[Bootstrap] - element_damage definition: passed
[Bootstrap] - melee_damage add_flat/add_percent: passed
[Bootstrap] - shop offer count bonus and minimum: passed
[Bootstrap] - replace_same_source: passed
[Bootstrap] - temporary modifier tick expiry: passed
[Bootstrap] - debug_stat source chain: passed
[Bootstrap] - melee_damage final: 23.0
[Bootstrap] - melee_damage modifier sources: 2
[Bootstrap] - damage_taken_percent armor rate: 50.0
[Bootstrap] relic bond checks
[Bootstrap] - relic system init: passed
[Bootstrap] - relic max_stack zero: passed
[Bootstrap] - relic add modifier interest rate 6.5: passed
[Bootstrap] - bond count zero without bond relic: passed
[Bootstrap] - bond count stays zero without bond relic: passed
[Bootstrap] - bond count still zero after second relic: passed
[Bootstrap] - relic stack unlimited: passed
[Bootstrap] player checks
[Bootstrap] - player scene instantiate: passed
[Bootstrap] - player initialize character: passed
[Bootstrap] - talent shield at wave start: passed
[Bootstrap] - player max_hp: passed
[Bootstrap] - player move_speed: passed
[Bootstrap] - player start weapons: passed
[Bootstrap] - player pickup radius: passed
[Bootstrap] - player damage flow: passed
[PlayerController] player revived, remaining=0
[Bootstrap] - player extra revive: passed
[Bootstrap] survival relic checks
[Bootstrap] - survival relic scene instantiate: passed
[Bootstrap] - survival relic player initialize: passed
[Bootstrap] - survival relic flat stats: passed
[Bootstrap] - survival relic negative movement: passed
[Bootstrap] - survival relic low hp armor: passed
[Bootstrap] - survival relic low hp condition: passed
[Bootstrap] - survival relic condition clears: passed
[Bootstrap] - survival relic shield start: passed
[Bootstrap] - survival relic shield granted: passed
[Bootstrap] - survival relic shield regen add: passed
[Bootstrap] - survival relic shield regen: passed
[Bootstrap] - survival relic shield regen after two seconds: passed
[Bootstrap] - survival relic shield regen continues while full: passed
[Bootstrap] - survival relic low sanity movement: passed
[Bootstrap] - survival relic conditional movement: passed
[Bootstrap] - survival relic wave end trigger: passed
[Bootstrap] - survival relic wave end stat: passed
[Bootstrap] - survival relic revive trigger: passed
[PlayerController] player revived, remaining=0
[Bootstrap] - survival relic revive effect: passed
[Bootstrap] - survival relic derived stat: passed
[Bootstrap] - survival relic derived armor: passed
[Bootstrap] - survival relic move speed armor: passed
[Bootstrap] - survival relic negative regen keeps true value: passed
[Bootstrap] - survival relic negative regen does not drain: passed
[Bootstrap] weapon checks
[Bootstrap] - weapon test scene instantiate: passed
[Bootstrap] - weapon loadout initialize: passed
[Bootstrap] - weapon load cost: passed
[Bootstrap] - weapon instance lookup: passed
[Bootstrap] - weapon config runtime fields: passed
[Bootstrap] - weapon area_size radius: passed
[Bootstrap] - weapon attack interval base: passed
[Bootstrap] - weapon attack_speed interval: passed
[Bootstrap] - weapon upgrade: passed
[Bootstrap] - weapon damage event: passed
[Bootstrap] - weapon projectile hit sfx once: passed
[Bootstrap] - weapon loadout runtime projectile spawn: passed
WARNING: [WeaponLoadout] weapon_void_blade failed: weapon_already_owned
   at: push_warning (core/variant/variant_utility.cpp:1033)
   GDScript backtrace (most recent call first):
       [0] _fail (res://scripts/weapons/weapon_loadout.gd:371)
       [1] _equip_weapon_internal (res://scripts/weapons/weapon_loadout.gd:228)
       [2] try_buy_weapon (res://scripts/weapons/weapon_loadout.gd:49)
       [3] _run_weapon_checks (res://scripts/core/bootstrap.gd:752)
       [4] run_data_self_test (res://scripts/core/bootstrap.gd:57)
       [5] _ready (res://scripts/core/bootstrap.gd:41)
[Bootstrap] - weapon duplicate purchase rejected: passed
[Bootstrap] - weapon load capacity check: passed
[Bootstrap] - shop zone rarity bonus: passed
[Bootstrap] - shop rarity luck gates: passed
[Bootstrap] - weapon upgrade lower pity weights: passed
[Bootstrap] - shared reward/shop pool generation: passed
[Bootstrap] - weapon upgrade shop price: passed
[Bootstrap] - weapon upgrade luck gates: passed
[Bootstrap] - relic global count baseline: passed
[Bootstrap] - relic global count price step: passed
[Bootstrap] - epic relic rarity weighted price: passed
[Bootstrap] - shop discount layers multiply: passed
[Bootstrap] - shop discount negative layer raises price: passed
[Bootstrap] enemy wave checks
[Bootstrap] - enemy wave test scene instantiate: passed
[Bootstrap] - enemy config load: passed
[Bootstrap] - wave config load: passed
[Bootstrap] - wave duration formula: passed
[Bootstrap] - enemy instantiate: passed
[Bootstrap] - enemy registry register: passed
[Bootstrap] - enemy wave move speed modifier: passed
[Bootstrap] - enemy contact damage knockback: passed
[Bootstrap] - enemy damage and death: passed
[Bootstrap] - enemy kill heal: passed
[Bootstrap] - enemy spawn rate: passed
[Bootstrap] - enemy drop table link: passed
[Bootstrap] - wave collect exp orbs: passed
[Bootstrap] - reward action build: passed
[Bootstrap] - health pack spawn: passed
[Bootstrap] - health pack collection: passed
[Bootstrap] - level up shared reward/shop trigger: passed
[Bootstrap] camp meta progression checks
[Bootstrap] - camp config load: passed
[Bootstrap] - camp state init: passed
[Bootstrap] - camp save schema: passed
[Bootstrap] - camp ruins state: passed
[Bootstrap] - camp scene instantiate: passed
[Bootstrap] - camp scene slot count: passed
[Bootstrap] - camp scene slot lookup: passed
[Bootstrap] - camp unlock sync: passed
[Bootstrap] - camp element damage upgrade config: passed
[Bootstrap] - camp currency unlock: passed
[Bootstrap] - camp melee building unlock: passed
[Bootstrap] - camp upgrade option: passed
[Bootstrap] zone streak fortune checks
[Bootstrap] - zone table count: passed
[Bootstrap] - zone test player instantiate: passed
[Bootstrap] - zone initial select: passed
[Bootstrap] - zone stay accumulation: passed
[Bootstrap] - zone pressure applied: passed
[Bootstrap] - zone runtime context: passed
[Bootstrap] - zone harvest context: passed
[Bootstrap] - zone switch harvest: passed
[Bootstrap] - zone harvest acknowledge: passed
[Bootstrap] zone ui checks
[Bootstrap] - zone ui controller instantiate: passed
[Bootstrap] - zone ui controller layer: passed
[Bootstrap] - zone ui select popup: passed
[Bootstrap] - zone ui harvest popup: passed
[Bootstrap] - zone select popup instantiate: passed
[Bootstrap] - zone select card instantiate: passed
[Bootstrap] - zone harvest popup instantiate: passed
[Bootstrap] - game root zone ui controller removed: passed
[Bootstrap] audio checks
[Bootstrap] - audio manager autoload: passed
[Bootstrap] - audio sfx bus: passed
[Bootstrap] - audio menu bgm playback: passed
[Bootstrap] - weapon hit sfx missing fallback: passed
[Bootstrap] - audio volume set fallback: passed
[Bootstrap] ui flow checks
[Bootstrap] - reward option scene instantiate: passed
[Bootstrap] - reward option free button text: passed
[Bootstrap] - reward option shop button text: passed
[Bootstrap] - interest settlement popup instantiate: passed
[Bootstrap] - shop popup instantiate: passed
[Bootstrap] - shop ui controller instantiate: passed
[Bootstrap] - battle root instantiate: passed
[Bootstrap] - main menu ui controller instantiate: passed
[Bootstrap] - camp ui controller instantiate: passed
[Bootstrap] finance checks
[Bootstrap] - finance scene instantiate: passed
[Bootstrap] - finance payload build: passed
[Bootstrap] - finance failed attempt preserves opportunity: passed
[Bootstrap] - finance deposit: passed
[Bootstrap] - finance one operation per preparation: passed
[Bootstrap] - finance interest settle: passed
[Bootstrap] - finance preparation defers wave start effects: passed
[Bootstrap] - finance piggy relic: passed
[Bootstrap] - finance wave start effects exactly once: passed
[Bootstrap] - finance dividend check settle: passed
[Bootstrap] - finance fixed deposit deposit: passed
[Bootstrap] - finance cannot withdraw after deposit: passed
[Bootstrap] - finance compound rate growth on wave end: passed
[Bootstrap] - finance annuity extra settlement: passed
[Bootstrap] - finance high yield blocks below threshold: passed
[Bootstrap] - finance high yield threshold deposit: passed
[Bootstrap] - finance preparation deposit survives wave start: passed
[Bootstrap] - finance high yield passes at threshold: passed
[Bootstrap] - finance popup instantiate: passed
[Bootstrap] - finance ui controller instantiate: passed
[Bootstrap] - finance flyer ad discount layers: passed
[Bootstrap] - finance steel vault principal armor: passed
[Bootstrap] - finance hostile takeover damage percent: passed
[Bootstrap] - finance divine fusion fractional rate: passed
[Bootstrap] main flow checks
[Bootstrap] - main flow scene instantiate: passed
[Bootstrap] - main flow start page: passed
[Bootstrap] - main flow battle context instantiate: passed
[Bootstrap] - main flow character selection: passed
[Bootstrap] - main flow start weapon sync: passed
[Bootstrap] - main flow first wave auto start: passed
[Bootstrap] - main flow shop offer count bonus: passed
[Bootstrap] - main flow shared reward/shop popup: passed
[Bootstrap] - main flow shared reward/shop dedupe: passed
[Bootstrap] - main flow resume combat after popup: passed
[Bootstrap] - main flow unified preparation ready: passed
[Bootstrap] - shop refresh cost wave1: passed
[Bootstrap] - shop refresh reject no gold: passed
[Bootstrap] - shop refresh pay and weighted cost: passed
[Bootstrap] - main flow shop reject invalid offer: passed
[Bootstrap] - main flow finance submit: passed
[Bootstrap] - main flow banking stays in preparation: passed
[Bootstrap] - main flow explicit next wave starts combat: passed
[Bootstrap] - main flow battle result: passed
[Bootstrap] - main flow reset after result: passed
[Bootstrap] - main flow camp entry: passed
[Bootstrap] config table counts
[Bootstrap] - weapons: 2
[Bootstrap] - relics: 72
[Bootstrap] - bonds: 4
[Bootstrap] - characters: 1
[Bootstrap] - enemies: 1
[Bootstrap] - camp_buildings: 6
[Bootstrap] - zones: 3
[Bootstrap] - waves: 20
[Bootstrap] - drop_tables: 3
[Bootstrap] - augmentations: 12
[Bootstrap] lookup checks
[Bootstrap] - found weapons.weapon_void_blade
[Bootstrap] - found relics.relic_finance_manager
[Bootstrap] - found relics.relic_piggy_bank
[Bootstrap] - found bonds.bond_mighty
[Bootstrap] - found characters.character_void_hunter
[Bootstrap] - found enemies.enemy_mutated_grub
[Bootstrap] - found zones.zone_nearstring_battlefield
[Bootstrap] - found drop_tables.drop_basic_enemy
[Bootstrap] - found augmentations.scroll_fire
[Bootstrap] - found waves.wave_stage_01
[Bootstrap] formula checks
[Bootstrap] - attack_speed=100: 1.00s -> 0.50s
[Bootstrap] - armor=100: damage_taken_percent=50
[Bootstrap] - area_size=40: radius 100 -> 140
[Bootstrap] - finance=101 interest_rate=5: gain 6
[Bootstrap] engine foundation checks
[Bootstrap] - GameGlobal mode: camp
[Bootstrap] - GameGlobal bootstrap flag: true
[Bootstrap] - GameRoot scene ready: true
[Bootstrap] - DebugRoot scene ready: true
[Bootstrap] - ZoneUIController scene ready: true
[Bootstrap] - ZoneSelectPopup scene ready: true
[Bootstrap] - ZoneSelectCard scene ready: true
[Bootstrap] - ZoneHarvestResultPopup scene ready: true
[Bootstrap] validation warnings: 0
[Bootstrap] validation errors: 0
[Bootstrap] data self-test passed
