Godot Engine v4.7.2.stable.official.ed1daf0bf - https://godotengine.org

[DataRegistry] config load summary
[DataRegistry] - weapons: 2 records
[DataRegistry] - relics: 72 records
[DataRegistry] - bonds: 4 records
[DataRegistry] - characters: 1 records
[DataRegistry] - enemies: 2 records
[DataRegistry] - camp_buildings: 6 records
[DataRegistry] - zones: 3 records
[DataRegistry] - waves: 20 records
[DataRegistry] - drop_tables: 3 records
[DataRegistry] - augmentations: 12 records
[DataRegistry] stat check: attack_speed=100 => interval 0.50s from 1.00s
[DataRegistry] stat check: armor=100 => damage_taken_percent 50
[DataRegistry] stat check: area_size=40 => radius 140 from 100
[DataRegistry] stat check: finance=101 interest_rate=5 => gain 6
[DataRegistry] load completed without errors
[GameGlobal] game root ready
PASS start real battle
PASS wave end opens unified page
PASS paid shelf minimum three
PASS Escape opens inspection from finance despite amount focus shop
PASS inspection panel stays inside viewport shop
PASS inspection is read only and hides finance actions shop
PASS inspection returns to paused finance shop
PASS finance widgets and scroll survive inspection shop
PASS inspection preserves transactions and exact shelf shop
PASS Escape key repeat does not reopen inspection
PASS Escape opens inspection from finance despite amount focus enchant
PASS inspection panel stays inside viewport enchant
PASS inspection is read only and hides finance actions enchant
PASS inspection returns to paused finance enchant
PASS finance widgets and scroll survive inspection enchant
PASS inspection preserves transactions and exact shelf enchant
PASS Escape key repeat does not reopen inspection
PASS overdraft disables confirmation 121
PASS authoritative overdraft rejected 121
PASS overdraft preserves money and banking opportunity
PASS overdraft disables confirmation 999999999999
PASS authoritative overdraft rejected 999999999999
PASS overdraft preserves money and banking opportunity
PASS stale displayed balance cannot mint gold
PASS exact principal can be withdrawn
PASS withdrawal conserves total gold and principal
PASS repeated withdrawal cannot mint gold
PASS failed bank attempt keeps opportunity
PASS UI deposit locks bank without starting wave
PASS receipt and small deposit smile
PASS cannot withdraw after depositing
PASS equip second weapon fixture
PASS attach selected instance to second weapon
PASS equipped enchantment cannot be sold
PASS transfer across weapons
PASS transfer updates both ownership lists
PASS detach selected instance
PASS reorder works when every slot is occupied
PASS slot order and ownership stay consistent
PASS invalid reorder keeps prior order
PASS full slots preserve original inventory
PASS failed weapon payout rolls back complete transaction
PASS weapon removal rollback preserves identity and attachments
PASS weapon sale pays carried gold
PASS sold weapon returns all enchantments
PASS duplicate sale rejected
PASS last weapon protected
PASS stale quote cannot sell replacement instance
PASS failed item payout restores exact instance
PASS item rollback preserves exact rolled instance
PASS sell one enchantment without removing same-type others
PASS buy sell and enchant never reset bank lock
PASS discounted weapon cannot resell above actual cost
PASS title bonus extension contributes to quote
PASS bank expression 1
PASS bank expression 2
PASS bank expression 3
PASS bank expression 4
PASS backpack shows only unequipped instances
PASS card hover does not show enchantment details
PASS magnifier hover shows exact enchantment details
PASS enchantment details fit without clipping
PASS leaving magnifier hides details
PASS equip backpack instance
PASS equipping immediately removes instance from backpack
PASS unequip returns instance to backpack
PASS detached instance is visible again
PASS refresh after banking remains available
PASS one thousand goods without count cap
PASS all shelf slots have unique identity
PASS only visible shop cards instantiated
PASS visible goods retain actual item icons
PASS visible goods retain actual item icons
PASS visible goods retain actual item icons
PASS visible goods retain actual item icons
PASS visible goods retain actual item icons
PASS visible goods retain actual item icons
PASS visible goods retain actual item icons
PASS visible goods retain actual item icons
PASS visible goods retain actual item icons
PASS visible goods retain actual item icons
PASS visible goods retain actual item icons
PASS visible goods retain actual item icons
PASS visible goods retain actual item icons
PASS visible goods retain actual item icons
PASS visible goods retain actual item icons
PASS visible goods retain actual item icons
PASS visible goods retain actual item icons
PASS visible goods retain actual item icons
PASS last good reachable by scroll
SHOP_GEOMETRY scroll=46448 columns=3 viewport=[P: (278.0, 190.0), S: (518.0, 304.0)] content=(518.0, 46752.0) pool=18
PASS UI purchase uses authoritative price
PASS purchase preserves slot and scroll
PASS duplicate purchase rejected
PASS tab switching preserves scroll
PASS bank refresh preserves scroll
PASS refresh works after exhausting distinct catalog
PASS refresh resets scroll and retains bonus count
PASS Escape opens inspection from finance despite amount focus shop
PASS inspection panel stays inside viewport shop
PASS inspection is read only and hides finance actions shop
PASS inspection returns to paused finance shop
PASS finance widgets and scroll survive inspection shop
PASS inspection preserves transactions and exact shelf shop
PASS Escape key repeat does not reopen inspection
PASS Escape opens inspection from finance despite amount focus enchant
PASS inspection panel stays inside viewport enchant
PASS inspection is read only and hides finance actions enchant
PASS inspection returns to paused finance enchant
PASS finance widgets and scroll survive inspection enchant
PASS inspection preserves transactions and exact shelf enchant
PASS Escape key repeat does not reopen inspection
PASS Escape cancels sale confirmation before opening inspection
PASS frame and start fit (1280, 720)shop
PASS refresh clears start button (1280, 720)
PASS frame and start fit (1280, 720)enchant
PASS enchant controls reachable (1280, 720)
PASS magnifier details fit (1280, 720)
PASS frame and start fit (960, 540)shop
PASS refresh clears start button (960, 540)
PASS frame and start fit (960, 540)enchant
PASS enchant controls reachable (960, 540)
PASS magnifier details fit (960, 540)
PASS compact drawer gets clear inspection space
PASS return from drawer preserves preparation
PASS frame and start fit (640, 360)shop
PASS refresh clears start button (640, 360)
PASS frame and start fit (640, 360)enchant
PASS enchant controls reachable (640, 360)
PASS magnifier details fit (640, 360)
PASS frame and start fit (640, 360)bank
PASS compact drawer gets clear inspection space
PASS return from drawer preserves preparation
PASS frame and start fit (1152, 648)shop
PASS refresh clears start button (1152, 648)
PASS frame and start fit (1152, 648)enchant
PASS enchant controls reachable (1152, 648)
PASS magnifier details fit (1152, 648)
PASS new wave-start relic waits for start
PASS start button runs newly acquired wave-start relic once
PASS preparation deposit survives real start
PASS double start rejected
PASS free reward retains separate screen
PASS free reward resumes same combat
PASS ESC weapon strip read only
PASS ESC item drag disabled
PASS ESC item drag disabled
PASS ESC item drag disabled
PASS ESC item drag disabled
PASS manual attachment rejected outside finance
FINANCE_PREPARATION_DONE failures=0
