Godot Engine v4.7.2.stable.official.ed1daf0bf - https://godotengine.org
OpenGL API 3.3.0 - Build 31.0.101.5333 - Compatibility - Using Device: Intel - Intel(R) Arc(TM) Graphics

[DataRegistry] config load summary
[DataRegistry] - weapons: 2 records
[DataRegistry] - relics: 72 records
[DataRegistry] - bonds: 4 records
[DataRegistry] - characters: 1 records
[DataRegistry] - enemies: 2 records
[DataRegistry] - camp_buildings: 6 records
[DataRegistry] - zones: 3 records
[DataRegistry] - waves: 20 records
[DataRegistry] - drop_tables: 3 records
[DataRegistry] - augmentations: 12 records
[DataRegistry] stat check: attack_speed=100 => interval 0.50s from 1.00s
[DataRegistry] stat check: armor=100 => damage_taken_percent 50
[DataRegistry] stat check: area_size=40 => radius 140 from 100
[DataRegistry] stat check: finance=101 interest_rate=5 => gain 6
[DataRegistry] load completed without errors
PASS ground drops do not select or grant a relic
PASS first pickup creates a choice
PASS reuse upgrade popup with relic-only candidates
PASS default three choices carry an independent reward identity
PASS choice pauses combat
PASS second pickup queues without overwriting current choices
PASS selecting grants exactly one free relic
PASS queued level-up remains an ordinary upgrade reward
PASS previous relic card cannot select a following reward
PASS next ground reward opens after queued upgrade
PASS relic choice does not fabricate a level-up
PASS reuse paid refresh at its displayed price
PASS refresh preserves choice token and does not affect weapon upgrade guarantee
PASS refresh invalidates stale card IDs
PASS existing popup shows miniboss title and free selection mode
PASS skipping consumes only one choice and gives no free heal
PASS queue completion resumes combat
PASS wave-end auto-pickups become sequential choices before preparation
PASS first wave-end choice leaves second open
PASS all choices complete before finance opens
PASS snapshot counts selected relics separately from collected tokens
PASS final wave waits for reward choices before victory
PASS final victory still waits for last reward
PASS final reward completes then victory appears
PASS reset clears all choice state
MINIBOSS_CHOICE_COMPLETE checks=25 failures=0
