Godot Engine v4.7.2.stable.official.ed1daf0bf - https://godotengine.org
OpenGL API OpenGL ES 3.0 (ANGLE 2.1.1 git hash: aaebda1c5a40) - Compatibility - Using Device: Google Inc. (Intel) - ANGLE (Intel, Intel(R) Arc(TM) Graphics (0x00007D55) Direct3D11 vs_5_0 ps_5_0, D3D11-31.0.101.5333)

[DataRegistry] config load summary
[DataRegistry] - weapons: 11 records
[DataRegistry] - relics: 90 records
[DataRegistry] - bonds: 4 records
[DataRegistry] - characters: 2 records
[DataRegistry] - enemies: 2 records
[DataRegistry] - erosion_pressure_rules: 1 records
[DataRegistry] - camp_buildings: 6 records
[DataRegistry] - zones: 3 records
[DataRegistry] - waves: 20 records
[DataRegistry] - drop_tables: 3 records
[DataRegistry] - augmentations: 19 records
[DataRegistry] stat check: attack_speed=100 => interval 0.50s from 1.00s
[DataRegistry] stat check: armor=100 => damage_taken_percent 50
[DataRegistry] stat check: area_size=40 => radius 140 from 100
[DataRegistry] stat check: finance=101 interest_rate=5 => gain 6
[DataRegistry] load completed without errors
[GameGlobal] game root ready
HAMMER_REVIEW original all={ "frames": 672, "fps": 83.9275495428571, "mean_ms": 11.9150386904762, "p50_ms": 7.751, "p95_ms": 20.731, "p99_ms": 143.073, "max_ms": 192.201, "over16": 34, "over33": 22 } active={ "frames": 62, "fps": 19.4229625782166, "mean_ms": 51.4854516129032, "p50_ms": 22.453, "p95_ms": 174.933, "p99_ms": 192.201, "max_ms": 192.201, "over16": 34, "over33": 22 } counters={ "hammer_nodes": 30, "strikes": 60, "bolt_meshes": 120, "bolt_vertices": 133440, "hit_bursts": 237, "requested_lightning_flash": 1422, "spawned_lightning_flash": 458, "requested_lightning_impact": 8295, "spawned_lightning_impact": 2627, "thunder_enemy_hits": 177 }
