Godot Engine v4.7.2.stable.official.ed1daf0bf - https://godotengine.org
OpenGL API OpenGL ES 3.0 (ANGLE 2.1.1 git hash: aaebda1c5a40) - Compatibility - Using Device: Google Inc. (Intel) - ANGLE (Intel, Intel(R) Arc(TM) Graphics (0x00007D55) Direct3D11 vs_5_0 ps_5_0, D3D11-31.0.101.5333)

[DataRegistry] config load summary
[DataRegistry] - weapons: 11 records
[DataRegistry] - relics: 90 records
[DataRegistry] - bonds: 4 records
[DataRegistry] - characters: 2 records
[DataRegistry] - enemies: 2 records
[DataRegistry] - erosion_pressure_rules: 1 records
[DataRegistry] - camp_buildings: 6 records
[DataRegistry] - zones: 3 records
[DataRegistry] - waves: 20 records
[DataRegistry] - drop_tables: 3 records
[DataRegistry] - augmentations: 19 records
[DataRegistry] stat check: attack_speed=100 => interval 0.50s from 1.00s
[DataRegistry] stat check: armor=100 => damage_taken_percent 50
[DataRegistry] stat check: area_size=40 => radius 140 from 100
[DataRegistry] stat check: finance=101 interest_rate=5 => gain 6
[DataRegistry] load completed without errors
[GameGlobal] game root ready
HAMMER_REVIEW both all={ "frames": 219, "fps": 72.8653448427306, "mean_ms": 13.7239452054795, "p50_ms": 7.689, "p95_ms": 51.683, "p99_ms": 137.872, "max_ms": 169.599, "over16": 16, "over33": 11 } active={ "frames": 38, "fps": 23.7800520407665, "mean_ms": 42.0520526315789, "p50_ms": 10.445, "p95_ms": 166.232, "p99_ms": 169.599, "max_ms": 169.599, "over16": 16, "over33": 11 } counters={ "hammer_nodes": 15, "strikes": 30, "bolt_meshes": 60, "bolt_vertices": 22080, "hit_bursts": 109, "thunder_enemy_hits": 79 }
