Godot Engine v4.7.2.stable.official.ed1daf0bf - https://godotengine.org

Unable to open Android 'build-tools' directory.
[   0% ] first_scan_filesystem | Started 项目初始化 (5 steps)
[   0% ] first_scan_filesystem | 正在扫描文件结构……
[  16% ] first_scan_filesystem | 正在加载全局类名……
[  33% ] first_scan_filesystem | 正在校验 GDExtension……
[  50% ] first_scan_filesystem | 正在创建自动加载脚本……
[  66% ] first_scan_filesystem | 正在初始化插件……
[  83% ] first_scan_filesystem | 正在启动文件扫描……
[ DONE ] first_scan_filesystem

[   0% ] update_scripts_classes | Started 正在注册全局类…… (18 steps)
[   0% ] update_scripts_classes | 
[   5% ] update_scripts_classes | 
[  10% ] update_scripts_classes | 
[  15% ] update_scripts_classes | 
[  21% ] update_scripts_classes | BattleRoot
[  26% ] update_scripts_classes | MainFlowCoordinator
[  31% ] update_scripts_classes | DataValidator
[  36% ] update_scripts_classes | StatDefinitions
[  42% ] update_scripts_classes | 
[  47% ] update_scripts_classes | 
[  52% ] update_scripts_classes | 
[  57% ] update_scripts_classes | 
[  63% ] update_scripts_classes | BattleHud
[  68% ] update_scripts_classes | BattleUtilityOverlay
[  73% ] update_scripts_classes | EnchantmentWorkbench
[  78% ] update_scripts_classes | ItemInventoryCard
[  84% ] update_scripts_classes | MainMenuUIController
[  89% ] update_scripts_classes | SettingsUIStyle
[ DONE ] update_scripts_classes

[   0% ] _update_scan_actions | Started 正在扫描动作…… (42 steps)
[   0% ] _update_scan_actions | black_hole_01.wav
[   2% ] _update_scan_actions | electric_spark_01.wav
[   4% ] _update_scan_actions | explosion_01.wav
[   6% ] _update_scan_actions | fire_01.wav
[   9% ] _update_scan_actions | ice_01.wav
[  11% ] _update_scan_actions | lightning_01.wav
[  13% ] _update_scan_actions | light_sword_01.wav
[  16% ] _update_scan_actions | plasma_hit_01.wav
[  18% ] _update_scan_actions | reaction_cancel_01.wav
[  20% ] _update_scan_actions | reaction_conduct_01.wav
[  23% ] _update_scan_actions | reaction_conduct_strike_01.wav
[  25% ] _update_scan_actions | reaction_dark_flame_01.wav
[  27% ] _update_scan_actions | reaction_freeze_01.wav
[  30% ] _update_scan_actions | reaction_holy_01.wav
[  32% ] _update_scan_actions | reaction_ice_expand_01.wav
[  34% ] _update_scan_actions | reaction_reflection_01.wav
[  37% ] _update_scan_actions | reaction_steam_01.wav
[  39% ] _update_scan_actions | reaction_thaw_01.wav
[  41% ] _update_scan_actions | reaction_thunder_fire_01.wav
[  44% ] _update_scan_actions | reaction_thunder_fire_strike_01.wav
[  46% ] _update_scan_actions | reaction_wet_spread_01.wav
[  48% ] _update_scan_actions | spark_charge_01.wav
[  51% ] _update_scan_actions | water_01.wav
[  53% ] _update_scan_actions | wind_01.wav
[  55% ] _update_scan_actions | wood_arrow_01.wav
[  58% ] _update_scan_actions | elite_rusher_dash_path.png
[  60% ] _update_scan_actions | elite_rusher_dash_path.svg
[  62% ] _update_scan_actions | enemy_rift_rusher_dash.png
[  65% ] _update_scan_actions | enemy_rift_rusher_death.png
[  67% ] _update_scan_actions | enemy_rift_rusher_idle.png
[  69% ] _update_scan_actions | enemy_rift_rusher_move.png
[  72% ] _update_scan_actions | enemy_rift_rusher_recover.png
[  74% ] _update_scan_actions | enemy_rift_rusher_windup.png
[  76% ] _update_scan_actions | enemy_rift_rusher_dash.png
[  79% ] _update_scan_actions | enemy_rift_rusher_death.png
[  81% ] _update_scan_actions | enemy_rift_rusher_idle.png
[  83% ] _update_scan_actions | enemy_rift_rusher_move.png
[  86% ] _update_scan_actions | enemy_rift_rusher_recover.png
[  88% ] _update_scan_actions | enemy_rift_rusher_reference.png
[  90% ] _update_scan_actions | enemy_rift_rusher_windup.png
[  93% ] _update_scan_actions | void_hunter_idle_right.png
[  95% ] _update_scan_actions | void_hunter_walk_right_spritesheet.png
[ DONE ] _update_scan_actions

[   0% ] loading_editor_layout | Started 正在加载编辑器 (5 steps)
[   0% ] loading_editor_layout | 正在加载编辑器布局……
[  16% ] loading_editor_layout | 正在加载停靠面板……
[ DONE ] loading_editor_layout

