Godot Engine v4.7.2.stable.official.ed1daf0bf - https://godotengine.org

[DataRegistry] config load summary
[DataRegistry] - weapons: 2 records
[DataRegistry] - relics: 72 records
[DataRegistry] - bonds: 4 records
[DataRegistry] - characters: 1 records
[DataRegistry] - enemies: 2 records
[DataRegistry] - erosion_pressure_rules: 1 records
[DataRegistry] - camp_buildings: 6 records
[DataRegistry] - zones: 3 records
[DataRegistry] - waves: 20 records
[DataRegistry] - drop_tables: 3 records
[DataRegistry] - augmentations: 12 records
[DataRegistry] stat check: attack_speed=100 => interval 0.50s from 1.00s
[DataRegistry] stat check: armor=100 => damage_taken_percent 50
[DataRegistry] stat check: area_size=40 => radius 140 from 100
[DataRegistry] stat check: finance=101 interest_rate=5 => gain 6
[DataRegistry] load completed without errors
[GameGlobal] game root ready
PASS start real battle
PASS 01_combat_settings wrench enabled
PASS 01_combat_settings real wrench click opens settings
PASS 01_combat_settings underlying state preserved
PASS 01_combat_settings pauses runtime
PASS 01_combat_settings both return actions visible
PASS 01_combat_settings wave clock frozen
PASS 01_combat_settings returns to source screen
PASS 01_combat_settings restores previous pause state
PASS 01_combat_settings no reroll grant or healing
PASS 02_esc_settings wrench enabled
PASS 02_esc_settings real wrench click opens settings
PASS 02_esc_settings underlying state preserved
PASS 02_esc_settings pauses runtime
PASS 02_esc_settings both return actions visible
PASS 02_esc_settings wave clock frozen
PASS 02_esc_settings returns to source screen
PASS 02_esc_settings restores previous pause state
PASS 02_esc_settings no reroll grant or healing
PASS ESC inventory remains visible after settings
PASS ESC still returns to combat
PASS 03_upgrade_settings wrench enabled
PASS 03_upgrade_settings real wrench click opens settings
PASS 03_upgrade_settings underlying state preserved
PASS 03_upgrade_settings pauses runtime
PASS 03_upgrade_settings both return actions visible
PASS 03_upgrade_settings wave clock frozen
PASS 03_upgrade_settings returns to source screen
PASS 03_upgrade_settings restores previous pause state
PASS 03_upgrade_settings no reroll grant or healing
PASS upgrade cards remain visible
PASS 04_relic_settings wrench enabled
PASS 04_relic_settings real wrench click opens settings
PASS 04_relic_settings underlying state preserved
PASS 04_relic_settings pauses runtime
PASS 04_relic_settings both return actions visible
PASS 04_relic_settings wave clock frozen
PASS 04_relic_settings returns to source screen
PASS 04_relic_settings restores previous pause state
PASS 04_relic_settings no reroll grant or healing
PASS relic choice identity survives settings
PASS finance page ready
PASS 05_finance_settings wrench enabled
PASS 05_finance_settings real wrench click opens settings
PASS 05_finance_settings underlying state preserved
PASS 05_finance_settings pauses runtime
PASS 05_finance_settings both return actions visible
PASS 05_finance_settings wave clock frozen
PASS 05_finance_settings returns to source screen
PASS 05_finance_settings restores previous pause state
PASS 05_finance_settings no reroll grant or healing
PASS finance form survives settings
PASS settings reuse saved audio controls
PASS main menu action resets flow
PASS battle scene and context released
PASS battle dialogs closed on main menu
PASS abandoned run rewards cleared
PASS main menu visible
PASS main menu settings share persisted audio
BATTLE_SETTINGS_COMPLETE checks=59 failures=0
