Godot Engine v4.7.2.stable.official.ed1daf0bf - https://godotengine.org
OpenGL API 3.3.0 - Build 31.0.101.5333 - Compatibility - Using Device: Intel - Intel(R) Arc(TM) Graphics

[DataRegistry] config load summary
[DataRegistry] - weapons: 3 records
[DataRegistry] - relics: 72 records
[DataRegistry] - bonds: 4 records
[DataRegistry] - characters: 1 records
[DataRegistry] - enemies: 2 records
[DataRegistry] - erosion_pressure_rules: 1 records
[DataRegistry] - camp_buildings: 6 records
[DataRegistry] - zones: 3 records
[DataRegistry] - waves: 20 records
[DataRegistry] - drop_tables: 3 records
[DataRegistry] - augmentations: 12 records
[DataRegistry] stat check: attack_speed=100 => interval 0.50s from 1.00s
[DataRegistry] stat check: armor=100 => damage_taken_percent 50
[DataRegistry] stat check: area_size=40 => radius 140 from 100
[DataRegistry] stat check: finance=101 interest_rate=5 => gain 6
[DataRegistry] load completed without errors
[GameGlobal] game root ready
CAPTURE_LAUNCH frame=10 child=false
CAPTURE_DETONATION frame=24 hits=4 child=false batches=4
CAPTURE_LAUNCH frame=24 child=true
CAPTURE_LAUNCH frame=24 child=true
CAPTURE_LAUNCH frame=24 child=true
CAPTURE_LAUNCH frame=24 child=true
CAPTURE_LAUNCH frame=24 child=true
CAPTURE_LAUNCH frame=24 child=true
CAPTURE_LAUNCH frame=24 child=true
CAPTURE_LAUNCH frame=24 child=true
CAPTURE_DETONATION frame=34 hits=1 child=true batches=1
CAPTURE_DETONATION frame=34 hits=1 child=true batches=1
CAPTURE_DETONATION frame=34 hits=1 child=true batches=1
CAPTURE_DETONATION frame=34 hits=1 child=true batches=1
CAPTURE_DETONATION frame=34 hits=1 child=true batches=1
CAPTURE_DETONATION frame=34 hits=1 child=true batches=1
CAPTURE_DETONATION frame=34 hits=1 child=true batches=1
CAPTURE_DETONATION frame=34 hits=1 child=true batches=1
CAPTURE_LAUNCH frame=64 child=false
CAPTURE_DETONATION frame=78 hits=4 child=false batches=4
CAPTURE_LAUNCH frame=78 child=true
CAPTURE_LAUNCH frame=78 child=true
CAPTURE_LAUNCH frame=78 child=true
CAPTURE_LAUNCH frame=78 child=true
CAPTURE_LAUNCH frame=78 child=true
CAPTURE_LAUNCH frame=78 child=true
CAPTURE_LAUNCH frame=78 child=true
CAPTURE_LAUNCH frame=78 child=true
CAPTURE_DETONATION frame=88 hits=1 child=true batches=1
CAPTURE_DETONATION frame=88 hits=1 child=true batches=1
CAPTURE_DETONATION frame=88 hits=1 child=true batches=1
CAPTURE_DETONATION frame=88 hits=1 child=true batches=1
CAPTURE_DETONATION frame=88 hits=1 child=true batches=1
CAPTURE_DETONATION frame=88 hits=1 child=true batches=1
CAPTURE_DETONATION frame=88 hits=1 child=true batches=1
CAPTURE_DETONATION frame=88 hits=1 child=true batches=1
CAPTURE_LAUNCH frame=118 child=false
CAPTURE_DETONATION frame=132 hits=4 child=false batches=4
CAPTURE_LAUNCH frame=132 child=true
CAPTURE_LAUNCH frame=132 child=true
CAPTURE_LAUNCH frame=132 child=true
CAPTURE_LAUNCH frame=132 child=true
CAPTURE_LAUNCH frame=132 child=true
CAPTURE_LAUNCH frame=132 child=true
CAPTURE_LAUNCH frame=132 child=true
CAPTURE_LAUNCH frame=132 child=true
CAPTURE_DETONATION frame=142 hits=1 child=true batches=1
CAPTURE_DETONATION frame=142 hits=1 child=true batches=1
CAPTURE_DETONATION frame=142 hits=1 child=true batches=1
CAPTURE_DETONATION frame=142 hits=1 child=true batches=1
CAPTURE_DETONATION frame=142 hits=1 child=true batches=1
CAPTURE_DETONATION frame=142 hits=1 child=true batches=1
CAPTURE_DETONATION frame=142 hits=1 child=true batches=1
CAPTURE_DETONATION frame=142 hits=1 child=true batches=1
CAPTURE_LAUNCH frame=172 child=false
CAPTURE_SPLIT_CHECK children=24 core_hp=952 outer_hp=970
CAPTURE_DONE frames=180 launches=28 detonations=3 valid=true
WARNING: 1 RID of type "Canvas" was leaked.
   at: _free_rids (servers/rendering/renderer_canvas_cull.cpp:2733)
WARNING: 1 RID of type "CanvasItem" was leaked.
   at: _free_rids (servers/rendering/renderer_canvas_cull.cpp:2733)
WARNING: 4 ObjectDB instances were leaked at exit (run with `--verbose` for details).
   at: cleanup (core/object/object.cpp:2536)
