Godot Engine v4.7.2.stable.official.ed1daf0bf - https://godotengine.org
OpenGL API 3.3.0 - Build 31.0.101.5333 - Compatibility - Using Device: Intel - Intel(R) Arc(TM) Graphics

[DataRegistry] config load summary
[DataRegistry] - weapons: 3 records
[DataRegistry] - relics: 72 records
[DataRegistry] - bonds: 4 records
[DataRegistry] - characters: 1 records
[DataRegistry] - enemies: 2 records
[DataRegistry] - erosion_pressure_rules: 1 records
[DataRegistry] - camp_buildings: 6 records
[DataRegistry] - zones: 3 records
[DataRegistry] - waves: 20 records
[DataRegistry] - drop_tables: 3 records
[DataRegistry] - augmentations: 12 records
[DataRegistry] stat check: attack_speed=100 => interval 0.50s from 1.00s
[DataRegistry] stat check: armor=100 => damage_taken_percent 50
[DataRegistry] stat check: area_size=40 => radius 140 from 100
[DataRegistry] stat check: finance=101 interest_rate=5 => gain 6
[DataRegistry] load completed without errors
[GameGlobal] game root ready
PASS grenade can start a real battle
PASS config equips with correct load
PASS two attachment slots
PASS base native damage 16
PASS critical damage 150 percent
PASS base interval 1.8 seconds
PASS coefficient applies to player damage before percent and rounding
PASS native blast ignores melee and element bonuses
PASS element bonus remains available for attachments
PASS attack range does not enlarge blast
PASS blast area scales independently
PASS attack speed changes launch interval
PASS tooltip displays coefficient radius and fixed flight time
PASS level 2 base damage
PASS level 3 base damage
PASS level 4 base damage
PASS level 5 base damage
PASS level five radius and max-level boundary
PASS dense group wins over nearest lone enemy
PASS second grenade prioritizes independent group
PASS third grenade covers remaining isolated enemy
PASS flight does no contact damage
PASS capture 01_grenade_in_flight
PASS pause freezes grenade flight
PASS one blast hits exactly the three in-radius enemies
PASS native damage has no falloff or extra direct hit
PASS native blast does not apply fire
PASS capture 02_grenade_explosion
PASS smoke and repeat detonate cannot deal damage twice
PASS fixed landing does not track enemy or trigger enchantment on miss
PASS real loadout fires grenades
PASS projectile count creates two actual grenades
PASS separate grenades each damage same single target: 968
PASS empty battlefield does not consume cooldown
PASS compatible enchantment attaches
PASS multi-victim blast dispatches one attachment batch
PASS native blast kills primary
PASS one 15-damage elemental blast survives lethal primary and does not recurse
PASS existing plasma still equips
PASS existing bow still equips
PASS pierce remains valid on bow
PASS incompatible transfer rejected
PASS rejected transfer preserves source ownership
PASS runtime blocks direct unsupported split attachment
PASS normal wave end enters finance: finance_popup
PASS workbench explains disabled incompatible attachment
PASS authoritative operation reports compatibility reason
PASS capture 03_grenade_workbench
PASS new weapon appears in shop and reward candidate pool
PASS candidate respects load capacity
PASS wave cleanup cancels airborne grenade immediately
PASS cancelled grenade cannot detonate in next wave
GRENADE_WEAPON_COMPLETE checks=52 failures=0
