Godot Engine v4.7.2.stable.official.ed1daf0bf - https://godotengine.org

Unable to open Android 'build-tools' directory.
[   0% ] first_scan_filesystem | Started 项目初始化 (5 steps)
[   0% ] first_scan_filesystem | 正在扫描文件结构……
[  16% ] first_scan_filesystem | 正在加载全局类名……
[  33% ] first_scan_filesystem | 正在校验 GDExtension……
[  50% ] first_scan_filesystem | 正在创建自动加载脚本……
[  66% ] first_scan_filesystem | 正在初始化插件……
[  83% ] first_scan_filesystem | 正在启动文件扫描……
[ DONE ] first_scan_filesystem

[   0% ] update_scripts_classes | Started 正在注册全局类…… (120 steps)
[   0% ] update_scripts_classes | 
[   0% ] update_scripts_classes | 
[   1% ] update_scripts_classes | 
[   2% ] update_scripts_classes | 
[   3% ] update_scripts_classes | WindowSettingsManager
[   4% ] update_scripts_classes | 
[   4% ] update_scripts_classes | 
[   5% ] update_scripts_classes | 
[   6% ] update_scripts_classes | BattleEnvironment
[   7% ] update_scripts_classes | BattleRoot
[   8% ] update_scripts_classes | 
[   9% ] update_scripts_classes | HorizonSea
[   9% ] update_scripts_classes | WetlandBackdrop
[  10% ] update_scripts_classes | WetlandHorizonFold
[  11% ] update_scripts_classes | CampBuildingSlot
[  12% ] update_scripts_classes | CampRoot
[  13% ] update_scripts_classes | 
[  14% ] update_scripts_classes | GameRoot
[  14% ] update_scripts_classes | GameSceneDirector
[  15% ] update_scripts_classes | MainFlowCoordinator
[  16% ] update_scripts_classes | DataValidator
[  17% ] update_scripts_classes | StatDefinitions
[  18% ] update_scripts_classes | UnlockRegistry
[  19% ] update_scripts_classes | 
[  19% ] update_scripts_classes | BlackHoleEffect
[  20% ] update_scripts_classes | CombatEffectWorld
[  21% ] update_scripts_classes | CombatRenderWorld
[  22% ] update_scripts_classes | EffectContext
[  23% ] update_scripts_classes | 
[  23% ] update_scripts_classes | 
[  24% ] update_scripts_classes | 
[  25% ] update_scripts_classes | ElectricSparkEffect
[  26% ] update_scripts_classes | ElementReactionResolver
[  27% ] update_scripts_classes | 
[  28% ] update_scripts_classes | 
[  28% ] update_scripts_classes | ExplosionEffect
[  29% ] update_scripts_classes | FirePatch
[  30% ] update_scripts_classes | FireSeed
[  31% ] update_scripts_classes | HitParticleBurst
[  32% ] update_scripts_classes | IceFieldEffect
[  33% ] update_scripts_classes | LightningParticleEffect
[  33% ] update_scripts_classes | 
[  34% ] update_scripts_classes | LightReflectionEffect
[  35% ] update_scripts_classes | LightSwordEffect
[  36% ] update_scripts_classes | ParticleEmitterRuntime
[  37% ] update_scripts_classes | 
[  38% ] update_scripts_classes | ParticleLightField
[  38% ] update_scripts_classes | ParticleMotionBehavior
[  39% ] update_scripts_classes | 
[  40% ] update_scripts_classes | 
[  41% ] update_scripts_classes | 
[  42% ] update_scripts_classes | WaterWaveEffect
[  42% ] update_scripts_classes | WindBladeEffect
[  43% ] update_scripts_classes | EliteRusher
[  44% ] update_scripts_classes | EnemyController
[  45% ] update_scripts_classes | 
[  46% ] update_scripts_classes | ItemInventory
[  47% ] update_scripts_classes | Modifier
[  47% ] update_scripts_classes | ModifierStack
[  48% ] update_scripts_classes | AugmentationPickup
[  49% ] update_scripts_classes | ExpOrb
[  50% ] update_scripts_classes | HealthPack
[  51% ] update_scripts_classes | RelicPickup
[  52% ] update_scripts_classes | PlayerController
[  52% ] update_scripts_classes | 
[  53% ] update_scripts_classes | 
[  54% ] update_scripts_classes | RelicBondSystem
[  55% ] update_scripts_classes | BattleFinanceSystem
[  56% ] update_scripts_classes | DropRewardSystem
[  57% ] update_scripts_classes | InventoryTradeService
[  57% ] update_scripts_classes | RewardSnapshot
[  58% ] update_scripts_classes | DestructibleTestArea
[  59% ] update_scripts_classes | 
[  60% ] update_scripts_classes | 
[  61% ] update_scripts_classes | 
[  61% ] update_scripts_classes | 
[  62% ] update_scripts_classes | 
[  63% ] update_scripts_classes | 
[  64% ] update_scripts_classes | 
[  65% ] update_scripts_classes | 
[  66% ] update_scripts_classes | 
[  66% ] update_scripts_classes | BankCounterPortrait
[  67% ] update_scripts_classes | BattleHud
[  68% ] update_scripts_classes | BattleUtilityOverlay
[  69% ] update_scripts_classes | BondDisplay
[  70% ] update_scripts_classes | CampBlueprintUIController
[  71% ] update_scripts_classes | CampUIController
[  71% ] update_scripts_classes | EnchantmentInventoryCard
[  72% ] update_scripts_classes | EnchantmentSlotCard
[  73% ] update_scripts_classes | EnchantmentWorkbench
[  74% ] update_scripts_classes | EscOverlay
[  75% ] update_scripts_classes | FinancePopup
[  76% ] update_scripts_classes | FinanceUIController
[  76% ] update_scripts_classes | FinanceUIStyle
[  77% ] update_scripts_classes | InterestSettlementPopup
[  78% ] update_scripts_classes | ItemInventoryCard
[  79% ] update_scripts_classes | MainMenuUIController
[  80% ] update_scripts_classes | MobileJoystick
[  80% ] update_scripts_classes | PreparationOfferCard
[  81% ] update_scripts_classes | RewardOption
[  82% ] update_scripts_classes | RoleSelectBackdrop
[  83% ] update_scripts_classes | ShopOfferGenerator
[  84% ] update_scripts_classes | ShopPopup
[  85% ] update_scripts_classes | ShopUIController
[  85% ] update_scripts_classes | 
[  86% ] update_scripts_classes | StatPreviewBuilder
[  87% ] update_scripts_classes | TouchScrollContainer
[  88% ] update_scripts_classes | VirtualShopGrid
[  89% ] update_scripts_classes | WeaponSlotButton
[  90% ] update_scripts_classes | WeaponStrip
[  90% ] update_scripts_classes | ZoneHarvestResultPopup
[  91% ] update_scripts_classes | ZoneSelectCard
[  92% ] update_scripts_classes | ZoneSelectPopup
[  93% ] update_scripts_classes | ZoneUIController
[  94% ] update_scripts_classes | WaveManager
[  95% ] update_scripts_classes | DamageEvent
[  95% ] update_scripts_classes | ProjectileInstance
[  96% ] update_scripts_classes | TargetingService
[  97% ] update_scripts_classes | WeaponInstance
[  98% ] update_scripts_classes | WeaponLoadout
[ DONE ] update_scripts_classes

[   0% ] _update_scan_actions | Started 正在扫描动作…… (224 steps)
[   0% ] _update_scan_actions | bgm_battle.ogg
[   0% ] _update_scan_actions | bgm_menu.ogg
[   0% ] _update_scan_actions | black_hole_01.wav
[   1% ] _update_scan_actions | electric_spark_01.wav
[   1% ] _update_scan_actions | explosion_01.wav
[   2% ] _update_scan_actions | fire_01.wav
[   2% ] _update_scan_actions | ice_01.wav
[   3% ] _update_scan_actions | lightning_01.wav
[   3% ] _update_scan_actions | light_sword_01.wav
[   4% ] _update_scan_actions | plasma_hit_01.wav
[   4% ] _update_scan_actions | reaction_cancel_01.wav
[   4% ] _update_scan_actions | reaction_conduct_01.wav
[   5% ] _update_scan_actions | reaction_conduct_strike_01.wav
[   5% ] _update_scan_actions | reaction_dark_flame_01.wav
[   6% ] _update_scan_actions | reaction_freeze_01.wav
[   6% ] _update_scan_actions | reaction_holy_01.wav
[   7% ] _update_scan_actions | reaction_ice_expand_01.wav
[   7% ] _update_scan_actions | reaction_reflection_01.wav
[   8% ] _update_scan_actions | reaction_steam_01.wav
[   8% ] _update_scan_actions | reaction_thaw_01.wav
[   8% ] _update_scan_actions | reaction_thunder_fire_01.wav
[   9% ] _update_scan_actions | reaction_thunder_fire_strike_01.wav
[   9% ] _update_scan_actions | reaction_wet_spread_01.wav
[  10% ] _update_scan_actions | spark_charge_01.wav
[  10% ] _update_scan_actions | water_01.wav
[  11% ] _update_scan_actions | wind_01.wav
[  11% ] _update_scan_actions | wood_arrow_01.wav
[  12% ] _update_scan_actions | lighting_1.wav
[  12% ] _update_scan_actions | lighting_2.wav
[  12% ] _update_scan_actions | thunder_1.wav
[  13% ] _update_scan_actions | water_drop.wav
[  13% ] _update_scan_actions | wet_step_01.wav
[  14% ] _update_scan_actions | wet_step_02.wav
[  14% ] _update_scan_actions | bank_deposit.wav
[  15% ] _update_scan_actions | bank_withdraw.wav
[  15% ] _update_scan_actions | stats_chain_close.wav
[  16% ] _update_scan_actions | stats_chain_open.wav
[  16% ] _update_scan_actions | ark-pixel-12px-monospaced-zh_cn.otf
[  16% ] _update_scan_actions | ark-pixel-16px-monospaced-zh_cn.otf
[  17% ] _update_scan_actions | IPix-pixel_font.ttf
[  17% ] _update_scan_actions | TerrarumSansBitmap.woff2
[  18% ] _update_scan_actions | VT323-Regular.ttf
[  18% ] _update_scan_actions | decal_brick_01.png
[  19% ] _update_scan_actions | decal_brick_02.png
[  19% ] _update_scan_actions | decal_crack_01.png
[  20% ] _update_scan_actions | decal_crack_02.png
[  20% ] _update_scan_actions | decal_crack_03.png
[  20% ] _update_scan_actions | decal_moss_01.png
[  21% ] _update_scan_actions | decal_moss_02.png
[  21% ] _update_scan_actions | decal_rubble_01.png
[  22% ] _update_scan_actions | decal_rubble_02.png
[  22% ] _update_scan_actions | fx_wet_ripple.png
[  23% ] _update_scan_actions | ruin_broken_pillar.png
[  23% ] _update_scan_actions | ruin_low_wall_01.png
[  24% ] _update_scan_actions | ruin_low_wall_02.png
[  24% ] _update_scan_actions | background-icon-baike.png
[  24% ] _update_scan_actions | background-icon-plugin.png
[  25% ] _update_scan_actions | background-porperty-bar.png
[  25% ] _update_scan_actions | background-sky-Recovered.png
[  26% ] _update_scan_actions | background-stone-brick-floor.png
[  26% ] _update_scan_actions | background-stone-piller1.png
[  27% ] _update_scan_actions | background-stone-piller2.png
[  27% ] _update_scan_actions | camp_relic_archive.png
[  28% ] _update_scan_actions | background1.png
[  28% ] _update_scan_actions | background2.png
[  28% ] _update_scan_actions | stone1.png
[  29% ] _update_scan_actions | stone2.png
[  29% ] _update_scan_actions | stone3.png
[  30% ] _update_scan_actions | stone4.png
[  30% ] _update_scan_actions | thicket1.png
[  31% ] _update_scan_actions | tree1.png
[  31% ] _update_scan_actions | tree1_shader.png
[  32% ] _update_scan_actions | tree2.png
[  32% ] _update_scan_actions | tree3.png
[  32% ] _update_scan_actions | tree4.png
[  33% ] _update_scan_actions | tree5.png
[  33% ] _update_scan_actions | tree6.png
[  34% ] _update_scan_actions | tree7.png
[  34% ] _update_scan_actions | tree8.png
[  35% ] _update_scan_actions | wood1.png
[  35% ] _update_scan_actions | wood2.png
[  36% ] _update_scan_actions | elite_rusher_dash_path.png
[  36% ] _update_scan_actions | elite_rusher_dash_path.svg
[  36% ] _update_scan_actions | enemy_rift_rusher_dash.png
[  37% ] _update_scan_actions | enemy_rift_rusher_death.png
[  37% ] _update_scan_actions | enemy_rift_rusher_idle.png
[  38% ] _update_scan_actions | enemy_rift_rusher_move.png
[  38% ] _update_scan_actions | enemy_rift_rusher_recover.png
[  39% ] _update_scan_actions | enemy_rift_rusher_windup.png
[  39% ] _update_scan_actions | enemy_gloom_mite_idle.png
[  40% ] _update_scan_actions | enemy_gloom_mite_move.png
[  40% ] _update_scan_actions | enemy_rift_rusher_dash.png
[  40% ] _update_scan_actions | enemy_rift_rusher_death.png
[  41% ] _update_scan_actions | enemy_rift_rusher_idle.png
[  41% ] _update_scan_actions | enemy_rift_rusher_move.png
[  42% ] _update_scan_actions | enemy_rift_rusher_recover.png
[  42% ] _update_scan_actions | enemy_rift_rusher_reference.png
[  43% ] _update_scan_actions | enemy_rift_rusher_windup.png
[  43% ] _update_scan_actions | enemy_gloom_mite_idle.png
[  44% ] _update_scan_actions | enemy_gloom_mite_idle_legacy.png
[  44% ] _update_scan_actions | enemy_gloom_mite_move.png
[  44% ] _update_scan_actions | enemy_gloom_mite_move_legacy.png
[  45% ] _update_scan_actions | pickup_exp_orb.png
[  45% ] _update_scan_actions | pickup_health_pack.png
[  46% ] _update_scan_actions | void_hunter_idle_right.png
[  46% ] _update_scan_actions | void_hunter_walk_right_spritesheet.png
[  47% ] _update_scan_actions | player_void_hunter_right_base.png
[  47% ] _update_scan_actions | player_void_hunter_walk_right_spritesheet.png
[  48% ] _update_scan_actions | void_hunter_idle_right.png
[  48% ] _update_scan_actions | void_hunter_walk_right_spritesheet.png
[  48% ] _update_scan_actions | projectile_wood_arrow.png
[  49% ] _update_scan_actions | bank_counter_desk.png
[  49% ] _update_scan_actions | finance_bill.svg
[  50% ] _update_scan_actions | finance_board.png
[  50% ] _update_scan_actions | finance_coin.svg
[  51% ] _update_scan_actions | goblin_banker_states.png
[  51% ] _update_scan_actions | inspect_enchantment.svg
[  52% ] _update_scan_actions | scroll_black_hole.png
[  52% ] _update_scan_actions | scroll_black_hole.svg
[  52% ] _update_scan_actions | scroll_explosion.png
[  53% ] _update_scan_actions | scroll_fire.png
[  53% ] _update_scan_actions | scroll_ice.png
[  54% ] _update_scan_actions | scroll_lightning.png
[  54% ] _update_scan_actions | scroll_light_sword.png
[  55% ] _update_scan_actions | scroll_light_sword.svg
[  55% ] _update_scan_actions | scroll_pierce.png
[  56% ] _update_scan_actions | scroll_split.png
[  56% ] _update_scan_actions | scroll_water.png
[  56% ] _update_scan_actions | scroll_water.svg
[  57% ] _update_scan_actions | scroll_wind.png
[  57% ] _update_scan_actions | scroll_wind.svg
[  58% ] _update_scan_actions | icon_void_hunter.png
[  58% ] _update_scan_actions | icon_hud_hp.png
[  59% ] _update_scan_actions | icon_hud_relics.png
[  59% ] _update_scan_actions | icon_hud_shield.png
[  60% ] _update_scan_actions | icon_hud_stats.png
[  60% ] _update_scan_actions | relic_amulet_of_humanity.png
[  60% ] _update_scan_actions | relic_annual_leave_cutback.png
[  61% ] _update_scan_actions | relic_bankruptcy_reorg.png
[  61% ] _update_scan_actions | relic_barrier_crystal.png
[  62% ] _update_scan_actions | relic_berserker_copper_badge.png
[  62% ] _update_scan_actions | relic_black_spot_eagle_eye.png
[  63% ] _update_scan_actions | relic_blocking_counterweight.png
[  63% ] _update_scan_actions | relic_bloodstained_belt.png
[  64% ] _update_scan_actions | relic_brass_pocket_watch.png
[  64% ] _update_scan_actions | relic_broken_crystal.png
[  64% ] _update_scan_actions | relic_chain_of_hardship.png
[  65% ] _update_scan_actions | relic_compound_interest_tome.png
[  65% ] _update_scan_actions | relic_corroded_blowpipe.png
[  66% ] _update_scan_actions | relic_costly_seed_of_life.png
[  66% ] _update_scan_actions | relic_cracked_stone_bullet.png
[  67% ] _update_scan_actions | relic_cultic_holy_shield.png
[  67% ] _update_scan_actions | relic_dead_shield_badge.png
[  68% ] _update_scan_actions | relic_defiled_blessing_coin.png
[  68% ] _update_scan_actions | relic_dividend_check.png
[  68% ] _update_scan_actions | relic_divine_fusion.png
[  69% ] _update_scan_actions | relic_executioner_bracer.png
[  69% ] _update_scan_actions | relic_expanded_backpack_strap.png
[  70% ] _update_scan_actions | relic_finance_manager.png
[  70% ] _update_scan_actions | relic_fixed_deposit_certificate.png
[  71% ] _update_scan_actions | relic_flesh_pauldron.png
[  71% ] _update_scan_actions | relic_flyer_ad.png
[  72% ] _update_scan_actions | relic_gale_roulette.png
[  72% ] _update_scan_actions | relic_gift_mark.png
[  72% ] _update_scan_actions | relic_goblin_central_bank_printer.png
[  73% ] _update_scan_actions | relic_gold_compass.png
[  73% ] _update_scan_actions | relic_gold_digger_gloves.png
[  74% ] _update_scan_actions | relic_guarding_heart_copper_mirror.png
[  74% ] _update_scan_actions | relic_harvest_sacrificial_vessel.png
[  75% ] _update_scan_actions | relic_hasty_spring_trigger.png
[  75% ] _update_scan_actions | relic_high_yield_contract.png
[  76% ] _update_scan_actions | relic_holy_silver_cup.png
[  76% ] _update_scan_actions | relic_hostile_takeover.png
[  76% ] _update_scan_actions | relic_incomplete_divination_dice.png
[  77% ] _update_scan_actions | relic_judgment_eye_pendant.png
[  77% ] _update_scan_actions | relic_load_iron_bracer.png
[  78% ] _update_scan_actions | relic_lost_wayfarer_greave.png
[  78% ] _update_scan_actions | relic_medical_cutback.png
[  79% ] _update_scan_actions | relic_merger_reorg.png
[  79% ] _update_scan_actions | relic_nightmare_healing_urn.png
[  80% ] _update_scan_actions | relic_pain_vessel.png
[  80% ] _update_scan_actions | relic_periodic_dividend_clock.png
[  80% ] _update_scan_actions | relic_perpetual_annuity_scroll.png
[  81% ] _update_scan_actions | relic_piggy_bank.png
[  81% ] _update_scan_actions | relic_poison_mist_pouch.png
[  82% ] _update_scan_actions | relic_prison_copper_anklet.png
[  82% ] _update_scan_actions | relic_pungent_sachet.png
[  83% ] _update_scan_actions | relic_quant_trading.png
[  83% ] _update_scan_actions | relic_reincarnation_hellfire_candle.png
[  84% ] _update_scan_actions | relic_rough_grinding_lens.png
[  84% ] _update_scan_actions | relic_salary_adjustment.png
[  84% ] _update_scan_actions | relic_shadowless_greave.png
[  85% ] _update_scan_actions | relic_soul_keeper_face_stone.png
[  85% ] _update_scan_actions | relic_split_crystal_warhead.png
[  86% ] _update_scan_actions | relic_stargazers_lens.png
[  86% ] _update_scan_actions | relic_steel_vault.png
[  87% ] _update_scan_actions | relic_suffering_carapace.png
[  87% ] _update_scan_actions | relic_tip_tray.png
[  88% ] _update_scan_actions | relic_travelers_ledger.png
[  88% ] _update_scan_actions | relic_tremor_grip.png
[  88% ] _update_scan_actions | relic_true_silver_armor.png
[  89% ] _update_scan_actions | relic_turtle_shell_pendant.png
[  89% ] _update_scan_actions | relic_vitality_potion.png
[  90% ] _update_scan_actions | relic_void_storage_casket.png
[  90% ] _update_scan_actions | relic_void_tentacle.png
[  91% ] _update_scan_actions | relic_welfare_cutback.png
[  91% ] _update_scan_actions | relic_worn_fighting_gloves.png
[  92% ] _update_scan_actions | relic_worn_hemostatic_cloth.png
[  92% ] _update_scan_actions | weapon_plasma_cannon.png
[  92% ] _update_scan_actions | weapon_wood_arrow.png
[  93% ] _update_scan_actions | placeholder_icon.png
[  93% ] _update_scan_actions | bg_main_menu.png
[  94% ] _update_scan_actions | bg_main_menu_back.png
[  94% ] _update_scan_actions | bg_main_menu_backup.png
[  95% ] _update_scan_actions | button_main_menu.png
[  95% ] _update_scan_actions | title_main_menu.png
[  96% ] _update_scan_actions | stats_board_blank.png
[  96% ] _update_scan_actions | stats_board_bottom.png
[  96% ] _update_scan_actions | stats_board_top.png
[  97% ] _update_scan_actions | stats_leather_handle.png
[  97% ] _update_scan_actions | stats_rail_left.png
[  98% ] _update_scan_actions | stats_rail_right.png
[  98% ] _update_scan_actions | stats_wood_tile.png
[  99% ] _update_scan_actions | icon.svg
[ DONE ] _update_scan_actions

[   0% ] reimport | Started 正在导入或重新导入资产 (15 steps)
[   0% ] reimport | 正在准备重新导入文件……
[   6% ] reimport | 正在准备重新导入文件……
[  12% ] reimport | 正在准备重新导入文件……
[  18% ] reimport | 正在准备重新导入文件……
[  25% ] reimport | 正在准备重新导入文件……
[  31% ] reimport | 正在准备重新导入文件……
[  37% ] reimport | 正在准备重新导入文件……
[  43% ] reimport | 正在准备重新导入文件……
[  50% ] reimport | 正在准备重新导入文件……
[  56% ] reimport | 正在准备重新导入文件……
[  62% ] reimport | 正在准备重新导入文件……
[  68% ] reimport | 正在准备重新导入文件……
[  75% ] reimport | 正在准备重新导入文件……
[  81% ] reimport | 正在准备重新导入文件……
[  87% ] reimport | 正在准备重新导入文件……
[   0% ] reimport | 正在执行重新导入的前置操作……
[   0% ] reimport | elite_rusher_dash_path.png
[   6% ] reimport | elite_rusher_dash_path.svg
[  12% ] reimport | enemy_rift_rusher_dash.png
[  18% ] reimport | enemy_rift_rusher_death.png
[  25% ] reimport | enemy_rift_rusher_idle.png
[  31% ] reimport | enemy_rift_rusher_move.png
[  37% ] reimport | enemy_rift_rusher_recover.png
[  43% ] reimport | enemy_rift_rusher_windup.png
[  50% ] reimport | enemy_rift_rusher_dash.png
[  56% ] reimport | enemy_rift_rusher_death.png
[  62% ] reimport | enemy_rift_rusher_idle.png
[  68% ] reimport | enemy_rift_rusher_move.png
[  75% ] reimport | enemy_rift_rusher_recover.png
[  81% ] reimport | enemy_rift_rusher_reference.png
[  87% ] reimport | enemy_rift_rusher_windup.png
[  93% ] reimport | 正在结束资产导入……
[ DONE ] reimport

[   0% ] reimport | Started 正在导入或重新导入资产 (15 steps)
[   0% ] reimport | 正在执行重新导入的后置操作……
[ DONE ] reimport

[   0% ] loading_editor_layout | Started 正在加载编辑器 (5 steps)
[   0% ] loading_editor_layout | 正在加载编辑器布局……
[  16% ] loading_editor_layout | 正在加载停靠面板……
[ DONE ] loading_editor_layout

