Godot Engine v4.7.2.stable.official.ed1daf0bf - https://godotengine.org

[DataRegistry] config load summary
[DataRegistry] - weapons: 11 records
[DataRegistry] - relics: 90 records
[DataRegistry] - bonds: 4 records
[DataRegistry] - characters: 2 records
[DataRegistry] - enemies: 2 records
[DataRegistry] - erosion_pressure_rules: 1 records
[DataRegistry] - camp_buildings: 6 records
[DataRegistry] - zones: 3 records
[DataRegistry] - waves: 20 records
[DataRegistry] - drop_tables: 3 records
[DataRegistry] - augmentations: 19 records
[DataRegistry] stat check: attack_speed=100 => interval 0.50s from 1.00s
[DataRegistry] stat check: armor=100 => damage_taken_percent 50
[DataRegistry] stat check: area_size=40 => radius 140 from 100
[DataRegistry] stat check: finance=101 interest_rate=5 => gain 6
[DataRegistry] load completed without errors
[GameGlobal] game root ready
FORMAL_WATER_ICE_SMOKE_PASS damage=2062 freeze=true thaw=true
FREEZE_PNG_PASS combo png active={ "frames": 619, "fps": 144.063982096036, "mean_ms": 6.94136025848141, "p95_ms": 7.205, "p99_ms": 9.966, "max_ms": 36.964 } shard_mode=png damage=2062 counters={  }
