Godot Engine v4.7.2.stable.official.ed1daf0bf - https://godotengine.org

[DataRegistry] config load summary
[DataRegistry] - weapons: 2 records
[DataRegistry] - relics: 72 records
[DataRegistry] - bonds: 4 records
[DataRegistry] - characters: 1 records
[DataRegistry] - enemies: 1 records
[DataRegistry] - camp_buildings: 6 records
[DataRegistry] - zones: 3 records
[DataRegistry] - waves: 20 records
[DataRegistry] - drop_tables: 3 records
[DataRegistry] - augmentations: 12 records
[DataRegistry] stat check: attack_speed=100 => interval 0.50s from 1.00s
[DataRegistry] stat check: armor=100 => damage_taken_percent 50
[DataRegistry] stat check: area_size=40 => radius 140 from 100
[DataRegistry] stat check: finance=101 interest_rate=5 => gain 6
[DataRegistry] load completed without errors
PASS all project config loads without validation errors
PASS first elite uses full 5 percent chance
PASS only successful grants increase counter 1
PASS only successful grants increase counter 2
PASS only successful grants increase counter 3
PASS only successful grants increase counter 4
PASS inventory and reward snapshot match actual grants
PASS four acquired relics reduce 10 percent to 0.625 percent
PASS large bonuses cannot bypass decay after baseline cap
PASS decay factor is configurable
PASS elite decay leaves exp_orb rewards unchanged
PASS elite decay leaves health_pack rewards unchanged
PASS elite decay leaves augmentation rewards unchanged
PASS checked all non-relic elite reward types
PASS building deferred rewards does not claim acquisition
PASS same-frame kills roll sequentially using updated acquisition count
PASS second queued elite correctly misses at decayed probability
PASS successful and failed actions cannot be replayed or rerolled
WARNING: [DropRewardSystem] relic reward failed: relic_costly_seed_of_life
   at: push_warning (core/variant/variant_utility.cpp:1033)
   GDScript backtrace (most recent call first):
       [0] spawn_action (res://scripts/rewards/drop_reward_system.gd:164)
       [1] grant (res://scripts/tests/elite_relic_decay_test.gd:45)
       [2] _test_failed_grant_and_other_sources (res://scripts/tests/elite_relic_decay_test.gd:105)
       [3] _run (res://scripts/tests/elite_relic_decay_test.gd:52)
PASS stack-limit failure does not consume elite allowance or report a reward
PASS boss and direct/shop relic grants neither decay nor increment elite count
PASS first wave starts
PASS wave snapshot exposes acquired elite relic count
PASS next wave starts
PASS new wave resets count and restores chance
PASS old deferred wave rewards cannot leak into the new wave
PASS new run resets decay and invalidates old queued rewards
PASS elite table config defaults to half chance per acquired relic
PASS decay config validates 0
PASS decay config validates 50
PASS decay config validates 100
PASS decay config validates -1
PASS decay config validates 101
PASS decay config validates 0.5
PASS decay config validates invalid
ELITE_RELIC_DECAY_COMPLETE checks=34 failures=0
