Godot Engine v4.7.2.stable.official.ed1daf0bf - https://godotengine.org

[DataRegistry] config load summary
[DataRegistry] - weapons: 5 records
[DataRegistry] - relics: 74 records
[DataRegistry] - bonds: 4 records
[DataRegistry] - characters: 1 records
[DataRegistry] - enemies: 2 records
[DataRegistry] - erosion_pressure_rules: 1 records
[DataRegistry] - camp_buildings: 6 records
[DataRegistry] - zones: 3 records
[DataRegistry] - waves: 20 records
[DataRegistry] - drop_tables: 3 records
[DataRegistry] - augmentations: 12 records
[DataRegistry] stat check: attack_speed=100 => interval 0.50s from 1.00s
[DataRegistry] stat check: armor=100 => damage_taken_percent 50
[DataRegistry] stat check: area_size=40 => radius 140 from 100
[DataRegistry] stat check: finance=101 interest_rate=5 => gain 6
[DataRegistry] load completed without errors
PASS valid economics at 150.0
PASS valid economics at 100.0
PASS valid economics at 50.0
PASS valid economics at 0.0
PASS valid economics at -100.0
PASS valid economics at -300.0
PASS above 100 preserves original economics
PASS 50 sanity purchase +10 percent
PASS 50 sanity sale -9.09 percent
PASS 50 sanity interest -33.33 percent
PASS requested Chinese hover text
PASS negative sanity keeps worsening
PASS purchase rounds once after all multipliers
PASS refresh does not compound surcharge
PASS recovery restores neutral price
[GameGlobal] game root ready
PASS start actual game
PASS actual preparation phase
PASS sanity change retains generation
PASS sanity change retains shelf identities
PASS finance text reflects actual sanity
PASS attribute hover has live economic text
PASS actual shelf uses live prices
PASS actual shelf uses live prices
PASS actual shelf uses live prices
PASS stale purchase rejected
PASS rejected quote does not charge
PASS weapon sale uses sanity
PASS stale sale quote rejected
PASS 600 principal and 10 percent predicts 40
PASS actual payout and explanation match
PASS net payout enters principal
PASS fractional payouts accumulate instead of rounding away penalty
PASS normal sanity retains original ceil payout
PASS withdrawal exposes lost principal attributes
PASS preview does not mutate principal RNG or operation allowance
PASS withdrawal preview appears in bank
PASS interest value explains reduction
PASS sale dialog explains reduction
PASS compact bank preserves sanity explanation (960, 540)
PASS next wave button fits (960, 540)
PASS bank confirmation remains reachable (960, 540)
PASS compact bank preserves sanity explanation (640, 360)
PASS next wave button fits (640, 360)
PASS bank confirmation remains reachable (640, 360)
PASS enchantment quote applies sanity reduction
PASS enchantment sale pays the displayed reduced amount
PASS successful sale removes exactly the sold enchantment
PASS sanity-price purchase candidate exists
PASS successful purchase charges the sanity-adjusted price
PASS paid purchase delivers its relic
HUMANITY_ECONOMY_COMPLETE checks=50 failures=0
