Godot Engine v4.7.2.stable.official.ed1daf0bf - https://godotengine.org

Unable to open Android 'build-tools' directory.
[   0% ] first_scan_filesystem | Started 项目初始化 (5 steps)
[   0% ] first_scan_filesystem | 正在扫描文件结构……
[  16% ] first_scan_filesystem | 正在加载全局类名……
[  33% ] first_scan_filesystem | 正在校验 GDExtension……
[  50% ] first_scan_filesystem | 正在创建自动加载脚本……
[  66% ] first_scan_filesystem | 正在初始化插件……
[  83% ] first_scan_filesystem | 正在启动文件扫描……
[ DONE ] first_scan_filesystem

[   0% ] update_scripts_classes | Started 正在注册全局类…… (5 steps)
[   0% ] update_scripts_classes | 
[  16% ] update_scripts_classes | BattleHud
[  33% ] update_scripts_classes | FinancePopup
[  50% ] update_scripts_classes | PreparationOfferCard
[  66% ] update_scripts_classes | WrappedTooltipLabel
[ DONE ] update_scripts_classes

[   0% ] _update_scan_actions | Started 正在扫描动作…… (11 steps)
[   0% ] _update_scan_actions | relic_frenzied_dividend.png
[   8% ] _update_scan_actions | relic_gilded_trigger.png
[  16% ] _update_scan_actions | relic_lucid_vow.png
[  25% ] _update_scan_actions | relic_runaway_amplifier.png
[  33% ] _update_scan_actions | relic_sleepless_ledger.png
[  41% ] _update_scan_actions | 01_finance_humanity_50.png
[  50% ] _update_scan_actions | 02_sale_humanity_50.png
[  58% ] _update_scan_actions | 03_bank_640.png
[  66% ] _update_scan_actions | 03_bank_960.png
[  75% ] _update_scan_actions | 04_humanity_hover.png
[  83% ] _update_scan_actions | icon_review.png
[ DONE ] _update_scan_actions

[   0% ] reimport | Started 正在导入或重新导入资产 (11 steps)
[   0% ] reimport | 正在准备重新导入文件……
[   8% ] reimport | 正在准备重新导入文件……
[  16% ] reimport | 正在准备重新导入文件……
[  25% ] reimport | 正在准备重新导入文件……
[  33% ] reimport | 正在准备重新导入文件……
[  41% ] reimport | 正在准备重新导入文件……
[  50% ] reimport | 正在准备重新导入文件……
[  58% ] reimport | 正在准备重新导入文件……
[  66% ] reimport | 正在准备重新导入文件……
[  75% ] reimport | 正在准备重新导入文件……
[  83% ] reimport | 正在准备重新导入文件……
[   0% ] reimport | 正在执行重新导入的前置操作……
[   0% ] reimport | relic_frenzied_dividend.png
[   8% ] reimport | relic_gilded_trigger.png
[  16% ] reimport | relic_lucid_vow.png
[  25% ] reimport | relic_runaway_amplifier.png
[  33% ] reimport | relic_sleepless_ledger.png
[  41% ] reimport | 01_finance_humanity_50.png
[  50% ] reimport | 02_sale_humanity_50.png
[  58% ] reimport | 03_bank_640.png
[  66% ] reimport | 03_bank_960.png
[  75% ] reimport | 04_humanity_hover.png
[  83% ] reimport | icon_review.png
[  91% ] reimport | 正在结束资产导入……
[ DONE ] reimport

[   0% ] reimport | Started 正在导入或重新导入资产 (11 steps)
[   0% ] reimport | 正在执行重新导入的后置操作……
[ DONE ] reimport

[   0% ] loading_editor_layout | Started 正在加载编辑器 (5 steps)
[   0% ] loading_editor_layout | 正在加载编辑器布局……
[  16% ] loading_editor_layout | 正在加载停靠面板……
[  33% ] loading_editor_layout | 正在重新打开场景……
[  50% ] loading_editor_layout | 正在加载中央编辑器布局……
[  66% ] loading_editor_layout | 正在加载插件窗口布局……
[  83% ] loading_editor_layout | 编辑器布局就绪。
[ DONE ] loading_editor_layout

