Godot Engine v4.7.2.stable.official.ed1daf0bf - https://godotengine.org

[   0% ] [90m[1mfirst_scan_filesystem[22m | Started 项目初始化 (5 steps)[39m[0m
[   0% ] [90m[1mfirst_scan_filesystem[22m | 正在扫描文件结构……[39m[0m
[  16% ] [90m[1mfirst_scan_filesystem[22m | 正在加载全局类名……[39m[0m
[  33% ] [90m[1mfirst_scan_filesystem[22m | 正在校验 GDExtension……[39m[0m
[  50% ] [90m[1mfirst_scan_filesystem[22m | 正在创建自动加载脚本……[39m[0m
[  66% ] [90m[1mfirst_scan_filesystem[22m | 正在初始化插件……[39m[0m
[  83% ] [90m[1mfirst_scan_filesystem[22m | 正在启动文件扫描……[39m[0m
[92m[ DONE ][39m [1mfirst_scan_filesystem[22m
[0m
[   0% ] [90m[1mupdate_scripts_classes[22m | Started 正在注册全局类…… (4 steps)[39m[0m
[   0% ] [90m[1mupdate_scripts_classes[22m | [39m[0m
[  20% ] [90m[1mupdate_scripts_classes[22m | [39m[0m
[  40% ] [90m[1mupdate_scripts_classes[22m | [39m[0m
[  60% ] [90m[1mupdate_scripts_classes[22m | ProjectileInstance[39m[0m
[92m[ DONE ][39m [1mupdate_scripts_classes[22m
[0m
[   0% ] [90m[1m_update_scan_actions[22m | Started 正在扫描动作…… (236 steps)[39m[0m
[   0% ] [90m[1m_update_scan_actions[22m | bgm_battle.ogg[39m[0m
[   0% ] [90m[1m_update_scan_actions[22m | bgm_menu.ogg[39m[0m
[   0% ] [90m[1m_update_scan_actions[22m | black_hole_01.wav[39m[0m
[   1% ] [90m[1m_update_scan_actions[22m | electric_spark_01.wav[39m[0m
[   1% ] [90m[1m_update_scan_actions[22m | explosion_01.wav[39m[0m
[   2% ] [90m[1m_update_scan_actions[22m | fire_01.wav[39m[0m
[   2% ] [90m[1m_update_scan_actions[22m | grenade_launch_01.wav[39m[0m
[   2% ] [90m[1m_update_scan_actions[22m | ice_01.wav[39m[0m
[   3% ] [90m[1m_update_scan_actions[22m | lightning_01.wav[39m[0m
[   3% ] [90m[1m_update_scan_actions[22m | light_sword_01.wav[39m[0m
[   4% ] [90m[1m_update_scan_actions[22m | plasma_hit_01.wav[39m[0m
[   4% ] [90m[1m_update_scan_actions[22m | reaction_cancel_01.wav[39m[0m
[   5% ] [90m[1m_update_scan_actions[22m | reaction_conduct_01.wav[39m[0m
[   5% ] [90m[1m_update_scan_actions[22m | reaction_conduct_strike_01.wav[39m[0m
[   5% ] [90m[1m_update_scan_actions[22m | reaction_dark_flame_01.wav[39m[0m
[   6% ] [90m[1m_update_scan_actions[22m | reaction_freeze_01.wav[39m[0m
[   6% ] [90m[1m_update_scan_actions[22m | reaction_holy_01.wav[39m[0m
[   7% ] [90m[1m_update_scan_actions[22m | reaction_ice_expand_01.wav[39m[0m
[   7% ] [90m[1m_update_scan_actions[22m | reaction_reflection_01.wav[39m[0m
[   8% ] [90m[1m_update_scan_actions[22m | reaction_steam_01.wav[39m[0m
[   8% ] [90m[1m_update_scan_actions[22m | reaction_thaw_01.wav[39m[0m
[   8% ] [90m[1m_update_scan_actions[22m | reaction_thunder_fire_01.wav[39m[0m
[   9% ] [90m[1m_update_scan_actions[22m | reaction_thunder_fire_strike_01.wav[39m[0m
[   9% ] [90m[1m_update_scan_actions[22m | reaction_wet_spread_01.wav[39m[0m
[  10% ] [90m[1m_update_scan_actions[22m | spark_charge_01.wav[39m[0m
[  10% ] [90m[1m_update_scan_actions[22m | water_01.wav[39m[0m
[  10% ] [90m[1m_update_scan_actions[22m | wind_01.wav[39m[0m
[  11% ] [90m[1m_update_scan_actions[22m | wood_arrow_01.wav[39m[0m
[  11% ] [90m[1m_update_scan_actions[22m | lighting_1.wav[39m[0m
[  12% ] [90m[1m_update_scan_actions[22m | lighting_2.wav[39m[0m
[  12% ] [90m[1m_update_scan_actions[22m | thunder_1.wav[39m[0m
[  13% ] [90m[1m_update_scan_actions[22m | water_drop.wav[39m[0m
[  13% ] [90m[1m_update_scan_actions[22m | wet_step_01.wav[39m[0m
[  13% ] [90m[1m_update_scan_actions[22m | wet_step_02.wav[39m[0m
[  14% ] [90m[1m_update_scan_actions[22m | bank_deposit.wav[39m[0m
[  14% ] [90m[1m_update_scan_actions[22m | bank_withdraw.wav[39m[0m
[  15% ] [90m[1m_update_scan_actions[22m | stats_chain_close.wav[39m[0m
[  15% ] [90m[1m_update_scan_actions[22m | stats_chain_open.wav[39m[0m
[  16% ] [90m[1m_update_scan_actions[22m | ark-pixel-12px-monospaced-zh_cn.otf[39m[0m
[  16% ] [90m[1m_update_scan_actions[22m | ark-pixel-16px-monospaced-zh_cn.otf[39m[0m
[  16% ] [90m[1m_update_scan_actions[22m | IPix-pixel_font.ttf[39m[0m
[  17% ] [90m[1m_update_scan_actions[22m | TerrarumSansBitmap.woff2[39m[0m
[  17% ] [90m[1m_update_scan_actions[22m | VT323-Regular.ttf[39m[0m
[  18% ] [90m[1m_update_scan_actions[22m | decal_brick_01.png[39m[0m
[  18% ] [90m[1m_update_scan_actions[22m | decal_brick_02.png[39m[0m
[  18% ] [90m[1m_update_scan_actions[22m | decal_crack_01.png[39m[0m
[  19% ] [90m[1m_update_scan_actions[22m | decal_crack_02.png[39m[0m
[  19% ] [90m[1m_update_scan_actions[22m | decal_crack_03.png[39m[0m
[  20% ] [90m[1m_update_scan_actions[22m | decal_moss_01.png[39m[0m
[  20% ] [90m[1m_update_scan_actions[22m | decal_moss_02.png[39m[0m
[  21% ] [90m[1m_update_scan_actions[22m | decal_rubble_01.png[39m[0m
[  21% ] [90m[1m_update_scan_actions[22m | decal_rubble_02.png[39m[0m
[  21% ] [90m[1m_update_scan_actions[22m | fx_wet_ripple.png[39m[0m
[  22% ] [90m[1m_update_scan_actions[22m | ruin_broken_pillar.png[39m[0m
[  22% ] [90m[1m_update_scan_actions[22m | ruin_low_wall_01.png[39m[0m
[  23% ] [90m[1m_update_scan_actions[22m | ruin_low_wall_02.png[39m[0m
[  23% ] [90m[1m_update_scan_actions[22m | background-icon-baike.png[39m[0m
[  24% ] [90m[1m_update_scan_actions[22m | background-icon-plugin.png[39m[0m
[  24% ] [90m[1m_update_scan_actions[22m | background-porperty-bar.png[39m[0m
[  24% ] [90m[1m_update_scan_actions[22m | background-sky-Recovered.png[39m[0m
[  25% ] [90m[1m_update_scan_actions[22m | background-stone-brick-floor.png[39m[0m
[  25% ] [90m[1m_update_scan_actions[22m | background-stone-piller1.png[39m[0m
[  26% ] [90m[1m_update_scan_actions[22m | background-stone-piller2.png[39m[0m
[  26% ] [90m[1m_update_scan_actions[22m | camp_relic_archive.png[39m[0m
[  27% ] [90m[1m_update_scan_actions[22m | background1.png[39m[0m
[  27% ] [90m[1m_update_scan_actions[22m | background2.png[39m[0m
[  27% ] [90m[1m_update_scan_actions[22m | stone1.png[39m[0m
[  28% ] [90m[1m_update_scan_actions[22m | stone2.png[39m[0m
[  28% ] [90m[1m_update_scan_actions[22m | stone3.png[39m[0m
[  29% ] [90m[1m_update_scan_actions[22m | stone4.png[39m[0m
[  29% ] [90m[1m_update_scan_actions[22m | thicket1.png[39m[0m
[  29% ] [90m[1m_update_scan_actions[22m | tree1.png[39m[0m
[  30% ] [90m[1m_update_scan_actions[22m | tree1_shader.png[39m[0m
[  30% ] [90m[1m_update_scan_actions[22m | tree2.png[39m[0m
[  31% ] [90m[1m_update_scan_actions[22m | tree3.png[39m[0m
[  31% ] [90m[1m_update_scan_actions[22m | tree4.png[39m[0m
[  32% ] [90m[1m_update_scan_actions[22m | tree5.png[39m[0m
[  32% ] [90m[1m_update_scan_actions[22m | tree6.png[39m[0m
[  32% ] [90m[1m_update_scan_actions[22m | tree7.png[39m[0m
[  33% ] [90m[1m_update_scan_actions[22m | tree8.png[39m[0m
[  33% ] [90m[1m_update_scan_actions[22m | wood1.png[39m[0m
[  34% ] [90m[1m_update_scan_actions[22m | wood2.png[39m[0m
[  34% ] [90m[1m_update_scan_actions[22m | elite_rusher_dash_path.png[39m[0m
[  35% ] [90m[1m_update_scan_actions[22m | elite_rusher_dash_path.svg[39m[0m
[  35% ] [90m[1m_update_scan_actions[22m | enemy_rift_rusher_dash.png[39m[0m
[  35% ] [90m[1m_update_scan_actions[22m | enemy_rift_rusher_death.png[39m[0m
[  36% ] [90m[1m_update_scan_actions[22m | enemy_rift_rusher_idle.png[39m[0m
[  36% ] [90m[1m_update_scan_actions[22m | enemy_rift_rusher_move.png[39m[0m
[  37% ] [90m[1m_update_scan_actions[22m | enemy_rift_rusher_recover.png[39m[0m
[  37% ] [90m[1m_update_scan_actions[22m | enemy_rift_rusher_windup.png[39m[0m
[  37% ] [90m[1m_update_scan_actions[22m | enemy_gloom_mite_idle.png[39m[0m
[  38% ] [90m[1m_update_scan_actions[22m | enemy_gloom_mite_move.png[39m[0m
[  38% ] [90m[1m_update_scan_actions[22m | enemy_rift_rusher_dash.png[39m[0m
[  39% ] [90m[1m_update_scan_actions[22m | enemy_rift_rusher_death.png[39m[0m
[  39% ] [90m[1m_update_scan_actions[22m | enemy_rift_rusher_idle.png[39m[0m
[  40% ] [90m[1m_update_scan_actions[22m | enemy_rift_rusher_move.png[39m[0m
[  40% ] [90m[1m_update_scan_actions[22m | enemy_rift_rusher_recover.png[39m[0m
[  40% ] [90m[1m_update_scan_actions[22m | enemy_rift_rusher_reference.png[39m[0m
[  41% ] [90m[1m_update_scan_actions[22m | enemy_rift_rusher_windup.png[39m[0m
[  41% ] [90m[1m_update_scan_actions[22m | enemy_gloom_mite_idle.png[39m[0m
[  42% ] [90m[1m_update_scan_actions[22m | enemy_gloom_mite_idle_legacy.png[39m[0m
[  42% ] [90m[1m_update_scan_actions[22m | enemy_gloom_mite_move.png[39m[0m
[  43% ] [90m[1m_update_scan_actions[22m | enemy_gloom_mite_move_legacy.png[39m[0m
[  43% ] [90m[1m_update_scan_actions[22m | pickup_exp_orb.png[39m[0m
[  43% ] [90m[1m_update_scan_actions[22m | pickup_health_pack.png[39m[0m
[  44% ] [90m[1m_update_scan_actions[22m | void_hunter_idle_right.png[39m[0m
[  44% ] [90m[1m_update_scan_actions[22m | void_hunter_walk_right_spritesheet.png[39m[0m
[  45% ] [90m[1m_update_scan_actions[22m | player_void_hunter_right_base.png[39m[0m
[  45% ] [90m[1m_update_scan_actions[22m | player_void_hunter_walk_right_spritesheet.png[39m[0m
[  45% ] [90m[1m_update_scan_actions[22m | void_hunter_idle_right.png[39m[0m
[  46% ] [90m[1m_update_scan_actions[22m | void_hunter_walk_right_spritesheet.png[39m[0m
[  46% ] [90m[1m_update_scan_actions[22m | projectile_wood_arrow.png[39m[0m
[  47% ] [90m[1m_update_scan_actions[22m | kunyu_domain_rune.png[39m[0m
[  47% ] [90m[1m_update_scan_actions[22m | rentier_coin_spin.png[39m[0m
[  48% ] [90m[1m_update_scan_actions[22m | weapon_kunyu_ritual_tome.png[39m[0m
[  48% ] [90m[1m_update_scan_actions[22m | weapon_kunyu_ritual_tome_animated.png[39m[0m
[  48% ] [90m[1m_update_scan_actions[22m | weapon_nightwatch_spear.png[39m[0m
[  49% ] [90m[1m_update_scan_actions[22m | weapon_rentier_purse.png[39m[0m
[  49% ] [90m[1m_update_scan_actions[22m | weapon_rentier_purse_animated.png[39m[0m
[  50% ] [90m[1m_update_scan_actions[22m | bank_counter_desk.png[39m[0m
[  50% ] [90m[1m_update_scan_actions[22m | finance_bill.svg[39m[0m
[  51% ] [90m[1m_update_scan_actions[22m | finance_board.png[39m[0m
[  51% ] [90m[1m_update_scan_actions[22m | finance_coin.svg[39m[0m
[  51% ] [90m[1m_update_scan_actions[22m | goblin_banker_states.png[39m[0m
[  52% ] [90m[1m_update_scan_actions[22m | inspect_enchantment.svg[39m[0m
[  52% ] [90m[1m_update_scan_actions[22m | scroll_black_hole.png[39m[0m
[  53% ] [90m[1m_update_scan_actions[22m | scroll_black_hole.svg[39m[0m
[  53% ] [90m[1m_update_scan_actions[22m | scroll_explosion.png[39m[0m
[  54% ] [90m[1m_update_scan_actions[22m | scroll_fire.png[39m[0m
[  54% ] [90m[1m_update_scan_actions[22m | scroll_ice.png[39m[0m
[  54% ] [90m[1m_update_scan_actions[22m | scroll_lightning.png[39m[0m
[  55% ] [90m[1m_update_scan_actions[22m | scroll_light_sword.png[39m[0m
[  55% ] [90m[1m_update_scan_actions[22m | scroll_light_sword.svg[39m[0m
[  56% ] [90m[1m_update_scan_actions[22m | scroll_pierce.png[39m[0m
[  56% ] [90m[1m_update_scan_actions[22m | scroll_split.png[39m[0m
[  56% ] [90m[1m_update_scan_actions[22m | scroll_water.png[39m[0m
[  57% ] [90m[1m_update_scan_actions[22m | scroll_water.svg[39m[0m
[  57% ] [90m[1m_update_scan_actions[22m | scroll_wind.png[39m[0m
[  58% ] [90m[1m_update_scan_actions[22m | scroll_wind.svg[39m[0m
[  58% ] [90m[1m_update_scan_actions[22m | icon_void_hunter.png[39m[0m
[  59% ] [90m[1m_update_scan_actions[22m | icon_hud_hp.png[39m[0m
[  59% ] [90m[1m_update_scan_actions[22m | icon_hud_relics.png[39m[0m
[  59% ] [90m[1m_update_scan_actions[22m | icon_hud_shield.png[39m[0m
[  60% ] [90m[1m_update_scan_actions[22m | icon_hud_stats.png[39m[0m
[  60% ] [90m[1m_update_scan_actions[22m | relic_amulet_of_humanity.png[39m[0m
[  61% ] [90m[1m_update_scan_actions[22m | relic_annual_leave_cutback.png[39m[0m
[  61% ] [90m[1m_update_scan_actions[22m | relic_bankruptcy_reorg.png[39m[0m
[  62% ] [90m[1m_update_scan_actions[22m | relic_barrier_crystal.png[39m[0m
[  62% ] [90m[1m_update_scan_actions[22m | relic_berserker_copper_badge.png[39m[0m
[  62% ] [90m[1m_update_scan_actions[22m | relic_black_spot_eagle_eye.png[39m[0m
[  63% ] [90m[1m_update_scan_actions[22m | relic_blocking_counterweight.png[39m[0m
[  63% ] [90m[1m_update_scan_actions[22m | relic_bloodstained_belt.png[39m[0m
[  64% ] [90m[1m_update_scan_actions[22m | relic_brass_pocket_watch.png[39m[0m
[  64% ] [90m[1m_update_scan_actions[22m | relic_broken_crystal.png[39m[0m
[  64% ] [90m[1m_update_scan_actions[22m | relic_chain_of_hardship.png[39m[0m
[  65% ] [90m[1m_update_scan_actions[22m | relic_compound_interest_tome.png[39m[0m
[  65% ] [90m[1m_update_scan_actions[22m | relic_corroded_blowpipe.png[39m[0m
[  66% ] [90m[1m_update_scan_actions[22m | relic_costly_seed_of_life.png[39m[0m
[  66% ] [90m[1m_update_scan_actions[22m | relic_cracked_stone_bullet.png[39m[0m
[  67% ] [90m[1m_update_scan_actions[22m | relic_cultic_holy_shield.png[39m[0m
[  67% ] [90m[1m_update_scan_actions[22m | relic_dead_shield_badge.png[39m[0m
[  67% ] [90m[1m_update_scan_actions[22m | relic_defiled_blessing_coin.png[39m[0m
[  68% ] [90m[1m_update_scan_actions[22m | relic_dividend_check.png[39m[0m
[  68% ] [90m[1m_update_scan_actions[22m | relic_divine_fusion.png[39m[0m
[  69% ] [90m[1m_update_scan_actions[22m | relic_executioner_bracer.png[39m[0m
[  69% ] [90m[1m_update_scan_actions[22m | relic_expanded_backpack_strap.png[39m[0m
[  70% ] [90m[1m_update_scan_actions[22m | relic_finance_manager.png[39m[0m
[  70% ] [90m[1m_update_scan_actions[22m | relic_fixed_deposit_certificate.png[39m[0m
[  70% ] [90m[1m_update_scan_actions[22m | relic_flesh_pauldron.png[39m[0m
[  71% ] [90m[1m_update_scan_actions[22m | relic_flyer_ad.png[39m[0m
[  71% ] [90m[1m_update_scan_actions[22m | relic_gale_roulette.png[39m[0m
[  72% ] [90m[1m_update_scan_actions[22m | relic_gift_mark.png[39m[0m
[  72% ] [90m[1m_update_scan_actions[22m | relic_goblin_central_bank_printer.png[39m[0m
[  72% ] [90m[1m_update_scan_actions[22m | relic_gold_compass.png[39m[0m
[  73% ] [90m[1m_update_scan_actions[22m | relic_gold_digger_gloves.png[39m[0m
[  73% ] [90m[1m_update_scan_actions[22m | relic_guarding_heart_copper_mirror.png[39m[0m
[  74% ] [90m[1m_update_scan_actions[22m | relic_harvest_sacrificial_vessel.png[39m[0m
[  74% ] [90m[1m_update_scan_actions[22m | relic_hasty_spring_trigger.png[39m[0m
[  75% ] [90m[1m_update_scan_actions[22m | relic_high_yield_contract.png[39m[0m
[  75% ] [90m[1m_update_scan_actions[22m | relic_holy_silver_cup.png[39m[0m
[  75% ] [90m[1m_update_scan_actions[22m | relic_hostile_takeover.png[39m[0m
[  76% ] [90m[1m_update_scan_actions[22m | relic_incomplete_divination_dice.png[39m[0m
[  76% ] [90m[1m_update_scan_actions[22m | relic_judgment_eye_pendant.png[39m[0m
[  77% ] [90m[1m_update_scan_actions[22m | relic_load_iron_bracer.png[39m[0m
[  77% ] [90m[1m_update_scan_actions[22m | relic_lost_wayfarer_greave.png[39m[0m
[  78% ] [90m[1m_update_scan_actions[22m | relic_medical_cutback.png[39m[0m
[  78% ] [90m[1m_update_scan_actions[22m | relic_merger_reorg.png[39m[0m
[  78% ] [90m[1m_update_scan_actions[22m | relic_nightmare_healing_urn.png[39m[0m
[  79% ] [90m[1m_update_scan_actions[22m | relic_pain_vessel.png[39m[0m
[  79% ] [90m[1m_update_scan_actions[22m | relic_periodic_dividend_clock.png[39m[0m
[  80% ] [90m[1m_update_scan_actions[22m | relic_perpetual_annuity_scroll.png[39m[0m
[  80% ] [90m[1m_update_scan_actions[22m | relic_piggy_bank.png[39m[0m
[  81% ] [90m[1m_update_scan_actions[22m | relic_poison_mist_pouch.png[39m[0m
[  81% ] [90m[1m_update_scan_actions[22m | relic_prison_copper_anklet.png[39m[0m
[  81% ] [90m[1m_update_scan_actions[22m | relic_pungent_sachet.png[39m[0m
[  82% ] [90m[1m_update_scan_actions[22m | relic_quant_trading.png[39m[0m
[  82% ] [90m[1m_update_scan_actions[22m | relic_reincarnation_hellfire_candle.png[39m[0m
[  83% ] [90m[1m_update_scan_actions[22m | relic_rough_grinding_lens.png[39m[0m
[  83% ] [90m[1m_update_scan_actions[22m | relic_salary_adjustment.png[39m[0m
[  83% ] [90m[1m_update_scan_actions[22m | relic_shadowless_greave.png[39m[0m
[  84% ] [90m[1m_update_scan_actions[22m | relic_soul_keeper_face_stone.png[39m[0m
[  84% ] [90m[1m_update_scan_actions[22m | relic_split_crystal_warhead.png[39m[0m
[  85% ] [90m[1m_update_scan_actions[22m | relic_stargazers_lens.png[39m[0m
[  85% ] [90m[1m_update_scan_actions[22m | relic_steel_vault.png[39m[0m
[  86% ] [90m[1m_update_scan_actions[22m | relic_suffering_carapace.png[39m[0m
[  86% ] [90m[1m_update_scan_actions[22m | relic_tip_tray.png[39m[0m
[  86% ] [90m[1m_update_scan_actions[22m | relic_travelers_ledger.png[39m[0m
[  87% ] [90m[1m_update_scan_actions[22m | relic_tremor_grip.png[39m[0m
[  87% ] [90m[1m_update_scan_actions[22m | relic_true_silver_armor.png[39m[0m
[  88% ] [90m[1m_update_scan_actions[22m | relic_turtle_shell_pendant.png[39m[0m
[  88% ] [90m[1m_update_scan_actions[22m | relic_vitality_potion.png[39m[0m
[  89% ] [90m[1m_update_scan_actions[22m | relic_void_storage_casket.png[39m[0m
[  89% ] [90m[1m_update_scan_actions[22m | relic_void_tentacle.png[39m[0m
[  89% ] [90m[1m_update_scan_actions[22m | relic_welfare_cutback.png[39m[0m
[  90% ] [90m[1m_update_scan_actions[22m | relic_worn_fighting_gloves.png[39m[0m
[  90% ] [90m[1m_update_scan_actions[22m | relic_worn_hemostatic_cloth.png[39m[0m
[  91% ] [90m[1m_update_scan_actions[22m | weapon_iron_grenade_cannon.png[39m[0m
[  91% ] [90m[1m_update_scan_actions[22m | weapon_kunyu_ritual_tome.png[39m[0m
[  91% ] [90m[1m_update_scan_actions[22m | weapon_nightwatch_spear.png[39m[0m
[  92% ] [90m[1m_update_scan_actions[22m | weapon_plasma_cannon.png[39m[0m
[  92% ] [90m[1m_update_scan_actions[22m | weapon_plasma_cannon_v2.png[39m[0m
[  93% ] [90m[1m_update_scan_actions[22m | weapon_rentier_purse.png[39m[0m
[  93% ] [90m[1m_update_scan_actions[22m | weapon_wood_arrow.png[39m[0m
[  94% ] [90m[1m_update_scan_actions[22m | placeholder_icon.png[39m[0m
[  94% ] [90m[1m_update_scan_actions[22m | bg_main_menu.png[39m[0m
[  94% ] [90m[1m_update_scan_actions[22m | bg_main_menu_back.png[39m[0m
[  95% ] [90m[1m_update_scan_actions[22m | bg_main_menu_backup.png[39m[0m
[  95% ] [90m[1m_update_scan_actions[22m | button_main_menu.png[39m[0m
[  96% ] [90m[1m_update_scan_actions[22m | title_main_menu.png[39m[0m
[  96% ] [90m[1m_update_scan_actions[22m | stats_board_blank.png[39m[0m
[  97% ] [90m[1m_update_scan_actions[22m | stats_board_bottom.png[39m[0m
[  97% ] [90m[1m_update_scan_actions[22m | stats_board_top.png[39m[0m
[  97% ] [90m[1m_update_scan_actions[22m | stats_leather_handle.png[39m[0m
[  98% ] [90m[1m_update_scan_actions[22m | stats_rail_left.png[39m[0m
[  98% ] [90m[1m_update_scan_actions[22m | stats_rail_right.png[39m[0m
[  99% ] [90m[1m_update_scan_actions[22m | stats_wood_tile.png[39m[0m
[92m[ DONE ][39m [1m_update_scan_actions[22m
[0m
[   0% ] [90m[1mloading_editor_layout[22m | Started 正在加载编辑器 (5 steps)[39m[0m
[   0% ] [90m[1mloading_editor_layout[22m | 正在加载编辑器布局……[39m[0m
[  16% ] [90m[1mloading_editor_layout[22m | 正在加载停靠面板……[39m[0m
[92m[ DONE ][39m [1mloading_editor_layout[22m
[0m
