Godot Engine v4.7.2.stable.official.ed1daf0bf - https://godotengine.org

[   0% ] first_scan_filesystem | Started 项目初始化 (5 steps)
[   0% ] first_scan_filesystem | 正在扫描文件结构……
[  16% ] first_scan_filesystem | 正在加载全局类名……
[  33% ] first_scan_filesystem | 正在校验 GDExtension……
[  50% ] first_scan_filesystem | 正在创建自动加载脚本……
[  66% ] first_scan_filesystem | 正在初始化插件……
[  83% ] first_scan_filesystem | 正在启动文件扫描……
[ DONE ] first_scan_filesystem

[   0% ] update_scripts_classes | Started 正在注册全局类…… (10 steps)
[   0% ] update_scripts_classes | DataValidator
[   9% ] update_scripts_classes | 
[  18% ] update_scripts_classes | PlayerController
[  27% ] update_scripts_classes | 
[  36% ] update_scripts_classes | 
[  45% ] update_scripts_classes | 
[  54% ] update_scripts_classes | 
[  63% ] update_scripts_classes | WaveManager
[  72% ] update_scripts_classes | ProjectileInstance
[  81% ] update_scripts_classes | WeaponInstance
[ DONE ] update_scripts_classes

[   0% ] _update_scan_actions | Started 正在扫描动作…… (5 steps)
[   0% ] _update_scan_actions | relic_frenzied_dividend.png
[  16% ] _update_scan_actions | relic_gilded_trigger.png
[  33% ] _update_scan_actions | relic_lucid_vow.png
[  50% ] _update_scan_actions | relic_runaway_amplifier.png
[  66% ] _update_scan_actions | relic_sleepless_ledger.png
[ DONE ] _update_scan_actions

[   0% ] reimport | Started 正在导入或重新导入资产 (3 steps)
[   0% ] reimport | 正在准备重新导入文件……
[  25% ] reimport | 正在准备重新导入文件……
[  50% ] reimport | 正在准备重新导入文件……
[   0% ] reimport | 正在执行重新导入的前置操作……
[   0% ] reimport | relic_gilded_trigger.png
[  25% ] reimport | relic_lucid_vow.png
[  50% ] reimport | relic_runaway_amplifier.png
[  75% ] reimport | 正在结束资产导入……
[ DONE ] reimport

[   0% ] reimport | Started 正在导入或重新导入资产 (3 steps)
[   0% ] reimport | 正在执行重新导入的后置操作……
[ DONE ] reimport

[   0% ] loading_editor_layout | Started 正在加载编辑器 (5 steps)
[   0% ] loading_editor_layout | 正在加载编辑器布局……
[  16% ] loading_editor_layout | 正在加载停靠面板……
[ DONE ] loading_editor_layout

