Godot Engine v4.7.2.stable.official.ed1daf0bf - https://godotengine.org

[DataRegistry] config load summary
[DataRegistry] - weapons: 5 records
[DataRegistry] - relics: 77 records
[DataRegistry] - bonds: 4 records
[DataRegistry] - characters: 1 records
[DataRegistry] - enemies: 2 records
[DataRegistry] - erosion_pressure_rules: 1 records
[DataRegistry] - camp_buildings: 6 records
[DataRegistry] - zones: 3 records
[DataRegistry] - waves: 20 records
[DataRegistry] - drop_tables: 3 records
[DataRegistry] - augmentations: 12 records
[DataRegistry] stat check: attack_speed=100 => interval 0.50s from 1.00s
[DataRegistry] stat check: armor=100 => damage_taken_percent 50
[DataRegistry] stat check: area_size=40 => radius 140 from 100
[DataRegistry] stat check: finance=101 interest_rate=5 => gain 6
[DataRegistry] load completed without errors
PASS MD vitality regen 0.5
PASS MD turtle max HP +2
PASS MD stargazer luck +18
PASS relic rebuild preserves full HP
PASS weapon refresh preserves HP
PASS rebuild never heals injured player
PASS real max HP loss clamps to final cap
[PlayerController] player revived, remaining=0
PASS seed consumes revive and adds erosion
PASS DESIGN seed refresh restores spent revive
PASS projectile count weapon_void_blade 1
PASS projectile count weapon_void_blade 2
PASS projectile count weapon_void_blade 3
PASS projectile count weapon_plasma_cannon 1
PASS projectile count weapon_plasma_cannon 2
PASS projectile count weapon_plasma_cannon 3
PASS DESIGN ranged weapon ignores melee damage
PASS annuity rejects a second copy
PASS contract covers normal periodic and single annuity settlements deposit=0
PASS tome grows once per successful settlement deposit=0
PASS manual interest outside wave-end restriction grows tome
PASS annuity rejects a second copy
PASS contract covers normal periodic and single annuity settlements deposit=49
PASS tome grows once per successful settlement deposit=49
PASS annuity rejects a second copy
PASS contract covers normal periodic and single annuity settlements deposit=50
PASS tome grows once per successful settlement deposit=50
PASS fusion updates immediately after player erosion
PASS first settlement uses current fusion rate
PASS HUD rate includes tome and fusion
PASS shield-break erosion refreshes fusion immediately
PASS urn regenerates one HP in 1.25 seconds
PASS urn retains one sanity loss per wave
PASS mirror keeps luck and grants twenty percent gold
PASS mirror recovery offsets urn decay
PASS ledger adds four percentage points
PASS ledger capped at one copy
PASS ledger first settlement pays before wave-end sanity loss
PASS ledger wave-end sanity minus three
PASS ledger decay continues below zero
PASS frenzy capped at one copy
PASS no principal grants no frenzy growth or cost
PASS second annuity payout uses sanity lost after first payout
PASS two successful payouts grant damage two and sanity minus four
PASS manual positive settlement triggers frenzy once
PASS blocked settlements grant no frenzy growth or cost
PASS zero integer payout accrues fractions without triggering frenzy
PASS capped relics leave the candidate pool
PASS relic_gilded_trigger available in shop
PASS relic_gilded_trigger accepts only one copy
PASS relic_runaway_amplifier available in shop
PASS relic_runaway_amplifier accepts only one copy
PASS relic_lucid_vow available in shop
PASS relic_lucid_vow accepts only one copy
PASS three owned tradeoff relics leave shop pool
PASS tradeoff relic damage bonuses use additive damage stat
PASS gilded trigger trades twenty sanity for twenty-five damage
PASS trigger immediately changes purchase and sale economics
PASS trigger reduces actual interest with fractional carry
PASS trigger sanity cost is not repeated at wave end
PASS amplifier grants damage without acquisition decay at 100
PASS amplifier first wave uses pre-trigger sanity at 100
PASS amplifier subsequent wave keeps negative sanity decay at 100
PASS amplifier grants damage without acquisition decay at 0
PASS amplifier first wave uses pre-trigger sanity at 0
PASS amplifier subsequent wave keeps negative sanity decay at 0
PASS amplifier grants damage without acquisition decay at -1
PASS amplifier first wave uses pre-trigger sanity at -1
PASS amplifier subsequent wave keeps negative sanity decay at -1
PASS wave-end condition snapshot companion=relic_sleepless_ledger sanity=-1 reversed=false
PASS wave-end condition snapshot companion=relic_sleepless_ledger sanity=-1 reversed=true
PASS wave-end condition snapshot companion=relic_sleepless_ledger sanity=0 reversed=false
PASS wave-end condition snapshot companion=relic_sleepless_ledger sanity=0 reversed=true
PASS wave-end condition snapshot companion=relic_sleepless_ledger sanity=1 reversed=false
PASS wave-end condition snapshot companion=relic_sleepless_ledger sanity=1 reversed=true
PASS wave-end condition snapshot companion=relic_lucid_vow sanity=-1 reversed=false
PASS wave-end condition snapshot companion=relic_lucid_vow sanity=-1 reversed=true
PASS wave-end condition snapshot companion=relic_lucid_vow sanity=0 reversed=false
PASS wave-end condition snapshot companion=relic_lucid_vow sanity=0 reversed=true
PASS wave-end condition snapshot companion=relic_lucid_vow sanity=1 reversed=false
PASS wave-end condition snapshot companion=relic_lucid_vow sanity=1 reversed=true
PASS vow pays damage immediately and waits for wave end
PASS vow restores sanity across zero
PASS vow builds buffer above 100 without extra economic bonus
PASS candle blocks subsequent vow recovery
PASS condition execution preserves shared relic definition
PASS conditional event accepts negative stat changes
PASS conditional event rejects invalid config { "condition": "unknown" }
PASS conditional event rejects invalid config { "else_value": "invalid" }
PASS conditional event rejects invalid config { "threshold": "invalid" }
PASS conditional else amount requires a condition
PASS candle preserves preexisting sanity bonus
PASS candle blocks new static and wave-end sanity gains
PASS new soul stone cannot bypass candle
PASS candle preserves existing derived sanity
PASS existing stone cannot gain more sanity
PASS blocked derived sanity can decrease
PASS blocked derived sanity cannot recover after decrease
PASS dependency order independent ["relic_lost_wayfarer_greave", "relic_soul_keeper_face_stone", "relic_shadowless_greave"]
PASS dependency change recalculates condition and armor
PASS dependency order independent ["relic_shadowless_greave", "relic_lost_wayfarer_greave", "relic_soul_keeper_face_stone"]
PASS dependency change recalculates condition and armor
PASS dependency order independent ["relic_soul_keeper_face_stone", "relic_shadowless_greave", "relic_lost_wayfarer_greave"]
PASS dependency change recalculates condition and armor
PASS 100 small pickups retain +5% gold and +8% XP
PASS 100 pickups retain net -15% gold penalty
PASS fractional rewards survive wave counter reset
PASS new run resets fractional rewards
PASS 154 previews match real acquisition including finance, bonds and candle: []
PASS display two discounts as 15.36%
PASS discount display and price use same multiplier
PASS display combined discount and surcharge
PASS fractional discount display format
PASS bankruptcy preview accounts for purchase cost
RELIC_TEST_COMPLETE checks=113 failures=0
