Godot Engine v4.7.2.stable.official.ed1daf0bf - https://godotengine.org

[DataRegistry] config load summary
[DataRegistry] - weapons: 5 records
[DataRegistry] - relics: 77 records
[DataRegistry] - bonds: 4 records
[DataRegistry] - characters: 1 records
[DataRegistry] - enemies: 2 records
[DataRegistry] - erosion_pressure_rules: 1 records
[DataRegistry] - camp_buildings: 6 records
[DataRegistry] - zones: 3 records
[DataRegistry] - waves: 20 records
[DataRegistry] - drop_tables: 3 records
[DataRegistry] - augmentations: 12 records
[DataRegistry] stat check: attack_speed=100 => interval 0.50s from 1.00s
[DataRegistry] stat check: armor=100 => damage_taken_percent 50
[DataRegistry] stat check: area_size=40 => radius 140 from 100
[DataRegistry] stat check: finance=101 interest_rate=5 => gain 6
[DataRegistry] load completed without errors
PASS configuration loads with common erosion rules
PASS uncapped stat pressure at erosion -100
PASS uncapped stat pressure at erosion 0
PASS uncapped stat pressure at erosion 1
PASS uncapped stat pressure at erosion 10
PASS uncapped stat pressure at erosion 50
PASS uncapped stat pressure at erosion 100
PASS uncapped stat pressure at erosion 150
PASS uncapped stat pressure at erosion 200
PASS uncapped stat pressure at erosion 1000000
PASS zero erosion count anchors remain 1 and 2
PASS erosion count bonus doubles
PASS three miniboss hard cap still applies
PASS zero erosion does not modify baseline enemies
PASS enemy_mutated_grub HP combines wave, region and erosion once
PASS enemy_mutated_grub armor combines rank and erosion once
PASS enemy_mutated_grub spawns with full scaled health
PASS enemy_mutated_grub erosion 200 spawns at full increased health
PASS enemy_mutated_grub erosion 200 armor continues scaling
PASS enemy_mutated_grub also scales ranged_damage
PASS enemy_mutated_grub erosion 200 continues scaling ranged_damage
PASS enemy_mutated_grub also scales element_damage
PASS enemy_mutated_grub erosion 200 continues scaling element_damage
PASS enemy_mutated_grub actual attack hits harder
PASS enemy_mutated_grub erosion 200 actual attack exceeds erosion 100
PASS enemy_mutated_grub actual incoming damage uses increased armor
PASS enemy_elite_rusher HP combines wave, region and erosion once
PASS enemy_elite_rusher armor combines rank and erosion once
PASS enemy_elite_rusher spawns with full scaled health
PASS enemy_elite_rusher erosion 200 spawns at full increased health
PASS enemy_elite_rusher erosion 200 armor continues scaling
PASS enemy_elite_rusher also scales ranged_damage
PASS enemy_elite_rusher erosion 200 continues scaling ranged_damage
PASS enemy_elite_rusher also scales element_damage
PASS enemy_elite_rusher erosion 200 continues scaling element_damage
PASS enemy_elite_rusher actual attack hits harder
PASS enemy_elite_rusher erosion 200 actual attack exceeds erosion 100
PASS enemy_elite_rusher actual incoming damage uses increased armor
PASS erosion preserves elite 20x normal HP
PASS mid-wave erosion change affects neither existing nor later enemies
PASS pressure snapshot remains frozen
PASS external reads cannot mutate pressure snapshot
PASS next wave adopts changed erosion
PASS new run clears pressure snapshot
PASS shared enemy configuration is unchanged
PASS wave-start relic adds erosion once
PASS enemy stats and miniboss count share post-relic erosion
PASS wave-start relic is included in stat pressure
PASS reject invalid pressure field erosion_full_at=-1
PASS reject invalid pressure field erosion_full_at=0.5
PASS reject invalid pressure field erosion_full_at=invalid
PASS reject invalid pressure field max_hp_bonus_percent=-1
PASS reject invalid pressure field max_hp_bonus_percent=0.5
PASS reject invalid pressure field max_hp_bonus_percent=invalid
PASS reject invalid pressure field damage_bonus_percent=-1
PASS reject invalid pressure field damage_bonus_percent=0.5
PASS reject invalid pressure field damage_bonus_percent=invalid
PASS reject invalid pressure field armor_bonus_percent=-1
PASS reject invalid pressure field armor_bonus_percent=0.5
PASS reject invalid pressure field armor_bonus_percent=invalid
PASS reject zero erosion divisor
EROSION_PRESSURE_COMPLETE checks=61 failures=0
