Godot Engine v4.7.2.stable.official.ed1daf0bf - https://godotengine.org

[DataRegistry] config load summary
[DataRegistry] - weapons: 3 records
[DataRegistry] - relics: 72 records
[DataRegistry] - bonds: 4 records
[DataRegistry] - characters: 1 records
[DataRegistry] - enemies: 2 records
[DataRegistry] - erosion_pressure_rules: 1 records
[DataRegistry] - camp_buildings: 6 records
[DataRegistry] - zones: 3 records
[DataRegistry] - waves: 20 records
[DataRegistry] - drop_tables: 3 records
[DataRegistry] - augmentations: 12 records
[DataRegistry] stat check: attack_speed=100 => interval 0.50s from 1.00s
[DataRegistry] stat check: armor=100 => damage_taken_percent 50
[DataRegistry] stat check: area_size=40 => radius 140 from 100
[DataRegistry] stat check: finance=101 interest_rate=5 => gain 6
[DataRegistry] load completed without errors
[GameGlobal] game root ready
PASS review battle available
PASS weapon body is hidden during combat
PASS five three-projectile volleys
PASS all three coins contact targets per volley
PASS each target takes one hit per volley
PASS principal only scales damage and is not consumed
PASS 400 principal adds six damage to four base damage
PASS effect centered on player
PASS effect follows a moved player
PASS pause freezes particles and attack timing
MATERIAL_REVIEW_COMPLETE variant=purse checks=10 failures=0
WARNING: 1 RID of type "Canvas" was leaked.
   at: _free_rids (servers/rendering/renderer_canvas_cull.cpp:2733)
WARNING: 1 RID of type "CanvasItem" was leaked.
   at: _free_rids (servers/rendering/renderer_canvas_cull.cpp:2733)
WARNING: 10 ObjectDB instances were leaked at exit (run with `--verbose` for details).
   at: cleanup (core/object/object.cpp:2536)
ERROR: 3 resources still in use at exit (run with --verbose for details).
   at: clear (core/io/resource.cpp:822)
