Godot Engine v4.7.2.stable.official.ed1daf0bf - https://godotengine.org

[DataRegistry] config load summary
[DataRegistry] - weapons: 11 records
[DataRegistry] - relics: 90 records
[DataRegistry] - bonds: 4 records
[DataRegistry] - characters: 2 records
[DataRegistry] - enemies: 2 records
[DataRegistry] - erosion_pressure_rules: 1 records
[DataRegistry] - camp_buildings: 6 records
[DataRegistry] - zones: 3 records
[DataRegistry] - waves: 20 records
[DataRegistry] - drop_tables: 3 records
[DataRegistry] - augmentations: 19 records
[DataRegistry] stat check: attack_speed=100 => interval 0.50s from 1.00s
[DataRegistry] stat check: armor=100 => damage_taken_percent 50
[DataRegistry] stat check: area_size=40 => radius 140 from 100
[DataRegistry] stat check: finance=101 interest_rate=5 => gain 6
[DataRegistry] load completed without errors
PASS ice base radius is eighty percent of the previous radius
PASS ice covers enemy bodies touching the horizontal and projected vertical edges
PASS ice rejects bodies outside either ellipse axis and the removed circular area
PASS wind expands both ellipse axes and reaches newly covered bodies
PASS projected expansion does not repeat damage
PASS damage-area bonuses enlarge the projected footprint without restoring circular hits
PASS water parameters isolated in ["scroll_water", "scroll_black_hole"]
PASS black hole parameters isolated in ["scroll_water", "scroll_black_hole"]
PASS water parameters isolated in ["scroll_black_hole", "scroll_water"]
PASS black hole parameters isolated in ["scroll_black_hole", "scroll_water"]
PASS foreign rolled parameter does not leak
PASS explicit global modifier still works
PASS steam both orders ["water", "fire"]
PASS steam both orders ["fire", "water"]
PASS freeze both orders ["water", "ice"]
PASS thaw restores wet without immediate refreeze
PASS freeze both orders ["ice", "water"]
PASS thaw restores wet without immediate refreeze
PASS dark flame both orders ["dark", "fire"]
PASS water steams but preserves dark flame
PASS dark flame both orders ["fire", "dark"]
PASS water steams but preserves dark flame
PASS holy tick is 2x and preserves light ["light", "fire"]
PASS first holy direct hit gets 30 percent exposure without clearing holy burn
PASS holy cannot sustain global exposure on later direct hits
PASS holy tick is 2x and preserves light ["fire", "light"]
PASS first holy direct hit gets 30 percent exposure without clearing holy burn
PASS holy cannot sustain global exposure on later direct hits
PASS opposite light/dark cancel ["dark", "light"]
PASS cancellation removes markers without adding a cue
PASS opposite light/dark cancel ["light", "dark"]
PASS cancellation removes markers without adding a cue
PASS light exposure keeps rounded final damage 46
PASS damage label displays final number without a formula
PASS same impact water and ice freeze synchronously
PASS outer ice target initially outside
PASS wind ice expansion affects new coverage
PASS wind ice does not double hit old coverage
PASS repeated wind cannot rehit previous ice victim
PASS wind cannot shrink a large ice field
PASS entering a live ice field applies its first contact
PASS wind water propagation triggers steam
PASS zero wet propagation limit spreads to nobody
PASS wind initial contact uses configured coefficient
PASS wind path preserves the same launched coefficient after attachment changes
PASS wet electric is same-target extra hit ground=false
PASS wet electric is same-target extra hit ground=true
PASS electric fire detonates for 55 plus 180
PASS lethal electric spark still detonates burning into nearby targets
PASS fire target starts beyond field
PASS wind fire expansion affects newly covered target
PASS new fire seed does not shrink wind-expanded fire field
PASS base chain still hits two targets for unchanged damage
PASS paused chain does not hit second victim
PASS paused stun cue retains lifetime
PASS UI opt-in scheduler continues during battle pause
PASS chain resumes exactly once
PASS reflection all contact orders ["light", "water", "ice"]
PASS refreshing frozen state does not duplicate reflection
PASS reflection all contact orders ["water", "ice", "light"]
PASS refreshing frozen state does not duplicate reflection
PASS reflection all contact orders ["ice", "light", "water"]
PASS refreshing frozen state does not duplicate reflection
PASS sword does not apply light before landing
PASS sword landing leaves light for the next attack
PASS dense ice query covers more than 64 enemies
PASS visual saturation does not skip reaction logic
PASS reaction cue budget is bounded
REACTION_TEST checks=68 failures=0
