WorkerThreadPool: 18 threads, 5 max low-priority.
Godot Engine v4.7.2.stable.official.ed1daf0bf - https://godotengine.org
TextServer: Added interface "Dummy"
TextServer: Added interface "ICU / HarfBuzz / Graphite (Built-in)"
Using "default" pen tablet driver...

TextServer: Primary interface set to: "ICU / HarfBuzz / Graphite (Built-in)".
Loading resource: res://assets/font/theme_global.tres remapped: res://assets/font/theme_global.tres
Loading resource: res://assets/font/ark-pixel-12px-monospaced-zh_cn.otf remapped: res://assets/font/ark-pixel-12px-monospaced-zh_cn.otf
Loading resource: res://.godot/imported/ark-pixel-12px-monospaced-zh_cn.otf-67457498407c3785d012d9f77e2048f3.fontdata remapped: res://.godot/imported/ark-pixel-12px-monospaced-zh_cn.otf-67457498407c3785d012d9f77e2048f3.fontdata
Completed load for: 'res://assets/font/ark-pixel-12px-monospaced-zh_cn.otf' remapped 'res://assets/font/ark-pixel-12px-monospaced-zh_cn.otf' at thread -1
Completed load for: 'res://assets/font/theme_global.tres' remapped 'res://assets/font/theme_global.tres' at thread -1
CORE API HASH: 2004498165
EDITOR API HASH: 1696660745
SceneTreeFTI: traversal method DEFAULT
Loading resource: res://autoloads/data_registry.gd remapped: res://autoloads/data_registry.gd
Loading resource: res://assets/sprites/player/combat/void_hunter_idle_right.png remapped: res://assets/sprites/player/combat/void_hunter_idle_right.png
Loading resource: res://.godot/imported/void_hunter_idle_right.png-e47564c00795dba04352803dcbf3a4b7.ctex remapped: res://.godot/imported/void_hunter_idle_right.png-e47564c00795dba04352803dcbf3a4b7.ctex
Completed load for: 'res://assets/sprites/player/combat/void_hunter_idle_right.png' remapped 'res://assets/sprites/player/combat/void_hunter_idle_right.png' at thread -1
Loading resource: res://assets/sprites/player/combat/void_hunter_walk_right_spritesheet.png remapped: res://assets/sprites/player/combat/void_hunter_walk_right_spritesheet.png
Loading resource: res://.godot/imported/void_hunter_walk_right_spritesheet.png-1e63a35f02b5757356797646ec56fdda.ctex remapped: res://.godot/imported/void_hunter_walk_right_spritesheet.png-1e63a35f02b5757356797646ec56fdda.ctex
Completed load for: 'res://assets/sprites/player/combat/void_hunter_walk_right_spritesheet.png' remapped 'res://assets/sprites/player/combat/void_hunter_walk_right_spritesheet.png' at thread -1
Loading resource: res://assets/audio/sfx/combat/wood_arrow_01.wav remapped: res://assets/audio/sfx/combat/wood_arrow_01.wav
Loading resource: res://.godot/imported/wood_arrow_01.wav-cdc347317541a3529e2a39c677af4747.sample remapped: res://.godot/imported/wood_arrow_01.wav-cdc347317541a3529e2a39c677af4747.sample
Completed load for: 'res://assets/audio/sfx/combat/wood_arrow_01.wav' remapped 'res://assets/audio/sfx/combat/wood_arrow_01.wav' at thread -1
Loading resource: res://assets/audio/sfx/combat/plasma_hit_01.wav remapped: res://assets/audio/sfx/combat/plasma_hit_01.wav
Loading resource: res://.godot/imported/plasma_hit_01.wav-59350b0846c89dc91de8713707e9da13.sample remapped: res://.godot/imported/plasma_hit_01.wav-59350b0846c89dc91de8713707e9da13.sample
Completed load for: 'res://assets/audio/sfx/combat/plasma_hit_01.wav' remapped 'res://assets/audio/sfx/combat/plasma_hit_01.wav' at thread -1
Loading resource: res://assets/audio/sfx/combat/lightning_01.wav remapped: res://assets/audio/sfx/combat/lightning_01.wav
Loading resource: res://.godot/imported/lightning_01.wav-cd7db387ffae6bf6630c6ba57c2784cb.sample remapped: res://.godot/imported/lightning_01.wav-cd7db387ffae6bf6630c6ba57c2784cb.sample
Completed load for: 'res://assets/audio/sfx/combat/lightning_01.wav' remapped 'res://assets/audio/sfx/combat/lightning_01.wav' at thread -1
Loading resource: res://assets/audio/sfx/combat/spark_charge_01.wav remapped: res://assets/audio/sfx/combat/spark_charge_01.wav
Loading resource: res://.godot/imported/spark_charge_01.wav-e647cc55eccf1d290a19b6f690800ee6.sample remapped: res://.godot/imported/spark_charge_01.wav-e647cc55eccf1d290a19b6f690800ee6.sample
Completed load for: 'res://assets/audio/sfx/combat/spark_charge_01.wav' remapped 'res://assets/audio/sfx/combat/spark_charge_01.wav' at thread -1
Loading resource: res://assets/audio/sfx/combat/electric_spark_01.wav remapped: res://assets/audio/sfx/combat/electric_spark_01.wav
Loading resource: res://.godot/imported/electric_spark_01.wav-38ca126eafcf7a6b598d444c8d1212b2.sample remapped: res://.godot/imported/electric_spark_01.wav-38ca126eafcf7a6b598d444c8d1212b2.sample
Completed load for: 'res://assets/audio/sfx/combat/electric_spark_01.wav' remapped 'res://assets/audio/sfx/combat/electric_spark_01.wav' at thread -1
Loading resource: res://assets/audio/sfx/combat/fire_01.wav remapped: res://assets/audio/sfx/combat/fire_01.wav
Loading resource: res://.godot/imported/fire_01.wav-7493124943213e24309a3683493def94.sample remapped: res://.godot/imported/fire_01.wav-7493124943213e24309a3683493def94.sample
Completed load for: 'res://assets/audio/sfx/combat/fire_01.wav' remapped 'res://assets/audio/sfx/combat/fire_01.wav' at thread -1
Loading resource: res://assets/audio/sfx/combat/explosion_01.wav remapped: res://assets/audio/sfx/combat/explosion_01.wav
Loading resource: res://.godot/imported/explosion_01.wav-0b8b4d10100da3b68598e8ab6f9b5b92.sample remapped: res://.godot/imported/explosion_01.wav-0b8b4d10100da3b68598e8ab6f9b5b92.sample
Completed load for: 'res://assets/audio/sfx/combat/explosion_01.wav' remapped 'res://assets/audio/sfx/combat/explosion_01.wav' at thread -1
Loading resource: res://assets/audio/sfx/combat/water_01.wav remapped: res://assets/audio/sfx/combat/water_01.wav
Loading resource: res://.godot/imported/water_01.wav-9b19588c120043e767002e74a98acd08.sample remapped: res://.godot/imported/water_01.wav-9b19588c120043e767002e74a98acd08.sample
Completed load for: 'res://assets/audio/sfx/combat/water_01.wav' remapped 'res://assets/audio/sfx/combat/water_01.wav' at thread -1
Loading resource: res://assets/audio/sfx/combat/wind_01.wav remapped: res://assets/audio/sfx/combat/wind_01.wav
Loading resource: res://.godot/imported/wind_01.wav-c536f7dbebfde370463fb3350fc8853e.sample remapped: res://.godot/imported/wind_01.wav-c536f7dbebfde370463fb3350fc8853e.sample
Completed load for: 'res://assets/audio/sfx/combat/wind_01.wav' remapped 'res://assets/audio/sfx/combat/wind_01.wav' at thread -1
Loading resource: res://assets/audio/sfx/combat/light_sword_01.wav remapped: res://assets/audio/sfx/combat/light_sword_01.wav
Loading resource: res://.godot/imported/light_sword_01.wav-53205df2db061fcfa12b926ae22f0c20.sample remapped: res://.godot/imported/light_sword_01.wav-53205df2db061fcfa12b926ae22f0c20.sample
Completed load for: 'res://assets/audio/sfx/combat/light_sword_01.wav' remapped 'res://assets/audio/sfx/combat/light_sword_01.wav' at thread -1
Loading resource: res://assets/audio/sfx/combat/black_hole_01.wav remapped: res://assets/audio/sfx/combat/black_hole_01.wav
Loading resource: res://.godot/imported/black_hole_01.wav-0c813b07685f338a97b180ae31b8b9f4.sample remapped: res://.godot/imported/black_hole_01.wav-0c813b07685f338a97b180ae31b8b9f4.sample
Completed load for: 'res://assets/audio/sfx/combat/black_hole_01.wav' remapped 'res://assets/audio/sfx/combat/black_hole_01.wav' at thread -1
Loading resource: res://assets/audio/sfx/combat/reaction_steam_01.wav remapped: res://assets/audio/sfx/combat/reaction_steam_01.wav
Loading resource: res://.godot/imported/reaction_steam_01.wav-f12fb2360281766e1d8e2d72f74a5030.sample remapped: res://.godot/imported/reaction_steam_01.wav-f12fb2360281766e1d8e2d72f74a5030.sample
Completed load for: 'res://assets/audio/sfx/combat/reaction_steam_01.wav' remapped 'res://assets/audio/sfx/combat/reaction_steam_01.wav' at thread -1
Loading resource: res://assets/audio/sfx/combat/reaction_thaw_01.wav remapped: res://assets/audio/sfx/combat/reaction_thaw_01.wav
Loading resource: res://.godot/imported/reaction_thaw_01.wav-9a50419686e0bdb16374c39115624d72.sample remapped: res://.godot/imported/reaction_thaw_01.wav-9a50419686e0bdb16374c39115624d72.sample
Completed load for: 'res://assets/audio/sfx/combat/reaction_thaw_01.wav' remapped 'res://assets/audio/sfx/combat/reaction_thaw_01.wav' at thread -1
Loading resource: res://assets/audio/sfx/combat/reaction_holy_01.wav remapped: res://assets/audio/sfx/combat/reaction_holy_01.wav
Loading resource: res://.godot/imported/reaction_holy_01.wav-0fd8844dec3eba4710a86f8ccc4f622e.sample remapped: res://.godot/imported/reaction_holy_01.wav-0fd8844dec3eba4710a86f8ccc4f622e.sample
Completed load for: 'res://assets/audio/sfx/combat/reaction_holy_01.wav' remapped 'res://assets/audio/sfx/combat/reaction_holy_01.wav' at thread -1
Loading resource: res://assets/audio/sfx/combat/reaction_dark_flame_01.wav remapped: res://assets/audio/sfx/combat/reaction_dark_flame_01.wav
Loading resource: res://.godot/imported/reaction_dark_flame_01.wav-a0190159cdef955f1e48eabeeac50ca7.sample remapped: res://.godot/imported/reaction_dark_flame_01.wav-a0190159cdef955f1e48eabeeac50ca7.sample
Completed load for: 'res://assets/audio/sfx/combat/reaction_dark_flame_01.wav' remapped 'res://assets/audio/sfx/combat/reaction_dark_flame_01.wav' at thread -1
Loading resource: res://assets/audio/sfx/combat/reaction_cancel_01.wav remapped: res://assets/audio/sfx/combat/reaction_cancel_01.wav
Loading resource: res://.godot/imported/reaction_cancel_01.wav-0dfc2809444d1deee8b93d37d615062f.sample remapped: res://.godot/imported/reaction_cancel_01.wav-0dfc2809444d1deee8b93d37d615062f.sample
Completed load for: 'res://assets/audio/sfx/combat/reaction_cancel_01.wav' remapped 'res://assets/audio/sfx/combat/reaction_cancel_01.wav' at thread -1
Loading resource: res://assets/audio/sfx/combat/reaction_conduct_01.wav remapped: res://assets/audio/sfx/combat/reaction_conduct_01.wav
Loading resource: res://.godot/imported/reaction_conduct_01.wav-8245fae9fded35bcc4704c13174d5f8a.sample remapped: res://.godot/imported/reaction_conduct_01.wav-8245fae9fded35bcc4704c13174d5f8a.sample
Completed load for: 'res://assets/audio/sfx/combat/reaction_conduct_01.wav' remapped 'res://assets/audio/sfx/combat/reaction_conduct_01.wav' at thread -1
Loading resource: res://assets/audio/sfx/combat/reaction_thunder_fire_01.wav remapped: res://assets/audio/sfx/combat/reaction_thunder_fire_01.wav
Loading resource: res://.godot/imported/reaction_thunder_fire_01.wav-bc648d6b7c8f815bc698a00ebc9de421.sample remapped: res://.godot/imported/reaction_thunder_fire_01.wav-bc648d6b7c8f815bc698a00ebc9de421.sample
Completed load for: 'res://assets/audio/sfx/combat/reaction_thunder_fire_01.wav' remapped 'res://assets/audio/sfx/combat/reaction_thunder_fire_01.wav' at thread -1
Loading resource: res://assets/audio/sfx/combat/reaction_conduct_strike_01.wav remapped: res://assets/audio/sfx/combat/reaction_conduct_strike_01.wav
Loading resource: res://.godot/imported/reaction_conduct_strike_01.wav-f0650fb8f94edb1f797362f2b1a8e63f.sample remapped: res://.godot/imported/reaction_conduct_strike_01.wav-f0650fb8f94edb1f797362f2b1a8e63f.sample
Completed load for: 'res://assets/audio/sfx/combat/reaction_conduct_strike_01.wav' remapped 'res://assets/audio/sfx/combat/reaction_conduct_strike_01.wav' at thread -1
Loading resource: res://assets/audio/sfx/combat/reaction_thunder_fire_strike_01.wav remapped: res://assets/audio/sfx/combat/reaction_thunder_fire_strike_01.wav
Loading resource: res://.godot/imported/reaction_thunder_fire_strike_01.wav-4bc09219dfdc8a7664b88e6f55816fa6.sample remapped: res://.godot/imported/reaction_thunder_fire_strike_01.wav-4bc09219dfdc8a7664b88e6f55816fa6.sample
Completed load for: 'res://assets/audio/sfx/combat/reaction_thunder_fire_strike_01.wav' remapped 'res://assets/audio/sfx/combat/reaction_thunder_fire_strike_01.wav' at thread -1
Loading resource: res://assets/audio/sfx/combat/reaction_wet_spread_01.wav remapped: res://assets/audio/sfx/combat/reaction_wet_spread_01.wav
Loading resource: res://.godot/imported/reaction_wet_spread_01.wav-5cac95716517f94271cdf74ebf99a031.sample remapped: res://.godot/imported/reaction_wet_spread_01.wav-5cac95716517f94271cdf74ebf99a031.sample
Completed load for: 'res://assets/audio/sfx/combat/reaction_wet_spread_01.wav' remapped 'res://assets/audio/sfx/combat/reaction_wet_spread_01.wav' at thread -1
Loading resource: res://assets/audio/sfx/combat/reaction_ice_expand_01.wav remapped: res://assets/audio/sfx/combat/reaction_ice_expand_01.wav
Loading resource: res://.godot/imported/reaction_ice_expand_01.wav-9040bcb3e5f0b2060fba3d701d647035.sample remapped: res://.godot/imported/reaction_ice_expand_01.wav-9040bcb3e5f0b2060fba3d701d647035.sample
Completed load for: 'res://assets/audio/sfx/combat/reaction_ice_expand_01.wav' remapped 'res://assets/audio/sfx/combat/reaction_ice_expand_01.wav' at thread -1
Loading resource: res://assets/audio/sfx/combat/reaction_reflection_01.wav remapped: res://assets/audio/sfx/combat/reaction_reflection_01.wav
Loading resource: res://.godot/imported/reaction_reflection_01.wav-0a45bb8504446d8160f1e412397879d7.sample remapped: res://.godot/imported/reaction_reflection_01.wav-0a45bb8504446d8160f1e412397879d7.sample
Completed load for: 'res://assets/audio/sfx/combat/reaction_reflection_01.wav' remapped 'res://assets/audio/sfx/combat/reaction_reflection_01.wav' at thread -1
Completed load for: 'res://autoloads/data_registry.gd' remapped 'res://autoloads/data_registry.gd' at thread -1
Loading resource: res://autoloads/zone_progression.gd remapped: res://autoloads/zone_progression.gd
Completed load for: 'res://autoloads/zone_progression.gd' remapped 'res://autoloads/zone_progression.gd' at thread -1
Loading resource: res://autoloads/window_settings.gd remapped: res://autoloads/window_settings.gd
Completed load for: 'res://autoloads/window_settings.gd' remapped 'res://autoloads/window_settings.gd' at thread -1
Loading resource: res://autoloads/combat_settings.gd remapped: res://autoloads/combat_settings.gd
Completed load for: 'res://autoloads/combat_settings.gd' remapped 'res://autoloads/combat_settings.gd' at thread -1
Loading resource: res://scripts/enemies/enemy_registry.gd remapped: res://scripts/enemies/enemy_registry.gd
Completed load for: 'res://scripts/enemies/enemy_registry.gd' remapped 'res://scripts/enemies/enemy_registry.gd' at thread -1
Loading resource: res://scripts/effects/effect_scheduler.gd remapped: res://scripts/effects/effect_scheduler.gd
Completed load for: 'res://scripts/effects/effect_scheduler.gd' remapped 'res://scripts/effects/effect_scheduler.gd' at thread -1
Loaded system CA certificates
Loading resource: res://scenes/core/game_root.tscn remapped: res://scenes/core/game_root.tscn
Loading resource: res://scripts/core/game_root.gd remapped: res://scripts/core/game_root.gd
Loading resource: res://scenes/core/main_flow_coordinator.tscn remapped: res://scenes/core/main_flow_coordinator.tscn
Loading resource: res://scripts/core/main_flow_coordinator.gd remapped: res://scripts/core/main_flow_coordinator.gd
Loading resource: res://assets/font/VT323-Regular.ttf remapped: res://assets/font/VT323-Regular.ttf
Loading resource: res://.godot/imported/VT323-Regular.ttf-b984a932aadd2533911db9f8a8b5b288.fontdata remapped: res://.godot/imported/VT323-Regular.ttf-b984a932aadd2533911db9f8a8b5b288.fontdata
Completed load for: 'res://assets/font/VT323-Regular.ttf' remapped 'res://assets/font/VT323-Regular.ttf' at thread -1
Loading resource: res://shaders/effects/pixel_fire.gdshader remapped: res://shaders/effects/pixel_fire.gdshader
Completed load for: 'res://shaders/effects/pixel_fire.gdshader' remapped 'res://shaders/effects/pixel_fire.gdshader' at thread -1
Loading resource: res://assets/shaders/pixel_particle_batch.gdshader remapped: res://assets/shaders/pixel_particle_batch.gdshader
Completed load for: 'res://assets/shaders/pixel_particle_batch.gdshader' remapped 'res://assets/shaders/pixel_particle_batch.gdshader' at thread -1
Loading resource: res://assets/sprites/effects/ice_shards/freeze_d0.png remapped: res://assets/sprites/effects/ice_shards/freeze_d0.png
Loading resource: res://.godot/imported/freeze_d0.png-269c3e06db5458a65993a03715e0eb5b.ctex remapped: res://.godot/imported/freeze_d0.png-269c3e06db5458a65993a03715e0eb5b.ctex
Completed load for: 'res://assets/sprites/effects/ice_shards/freeze_d0.png' remapped 'res://assets/sprites/effects/ice_shards/freeze_d0.png' at thread -1
Loading resource: res://assets/sprites/effects/ice_shards/freeze_d1.png remapped: res://assets/sprites/effects/ice_shards/freeze_d1.png
Loading resource: res://.godot/imported/freeze_d1.png-3ad3570738ff8f3f4132f422fd3f017b.ctex remapped: res://.godot/imported/freeze_d1.png-3ad3570738ff8f3f4132f422fd3f017b.ctex
Completed load for: 'res://assets/sprites/effects/ice_shards/freeze_d1.png' remapped 'res://assets/sprites/effects/ice_shards/freeze_d1.png' at thread -1
Loading resource: res://assets/sprites/effects/ice_shards/thaw_d0.png remapped: res://assets/sprites/effects/ice_shards/thaw_d0.png
Loading resource: res://.godot/imported/thaw_d0.png-b9035f5407c35ef11e9f58973e87b961.ctex remapped: res://.godot/imported/thaw_d0.png-b9035f5407c35ef11e9f58973e87b961.ctex
Completed load for: 'res://assets/sprites/effects/ice_shards/thaw_d0.png' remapped 'res://assets/sprites/effects/ice_shards/thaw_d0.png' at thread -1
Loading resource: res://assets/sprites/effects/ice_shards/thaw_d1.png remapped: res://assets/sprites/effects/ice_shards/thaw_d1.png
Loading resource: res://.godot/imported/thaw_d1.png-434819a8fc45fdcecee3396dff396559.ctex remapped: res://.godot/imported/thaw_d1.png-434819a8fc45fdcecee3396dff396559.ctex
Completed load for: 'res://assets/sprites/effects/ice_shards/thaw_d1.png' remapped 'res://assets/sprites/effects/ice_shards/thaw_d1.png' at thread -1
Loading resource: res://assets/sprites/effects/water_wave/water_d0_p0.png remapped: res://assets/sprites/effects/water_wave/water_d0_p0.png
Loading resource: res://.godot/imported/water_d0_p0.png-ae7633a4b667f31eec099f571d33e08c.ctex remapped: res://.godot/imported/water_d0_p0.png-ae7633a4b667f31eec099f571d33e08c.ctex
Completed load for: 'res://assets/sprites/effects/water_wave/water_d0_p0.png' remapped 'res://assets/sprites/effects/water_wave/water_d0_p0.png' at thread -1
Loading resource: res://assets/sprites/effects/water_wave/water_d0_p1.png remapped: res://assets/sprites/effects/water_wave/water_d0_p1.png
Loading resource: res://.godot/imported/water_d0_p1.png-e5b8fdc0b2c83e713e70a0e6ee381ffc.ctex remapped: res://.godot/imported/water_d0_p1.png-e5b8fdc0b2c83e713e70a0e6ee381ffc.ctex
Completed load for: 'res://assets/sprites/effects/water_wave/water_d0_p1.png' remapped 'res://assets/sprites/effects/water_wave/water_d0_p1.png' at thread -1
Loading resource: res://assets/sprites/effects/water_wave/water_d0_p2.png remapped: res://assets/sprites/effects/water_wave/water_d0_p2.png
Loading resource: res://.godot/imported/water_d0_p2.png-b203abfbfc2cd1472f92e8124ebb1592.ctex remapped: res://.godot/imported/water_d0_p2.png-b203abfbfc2cd1472f92e8124ebb1592.ctex
Completed load for: 'res://assets/sprites/effects/water_wave/water_d0_p2.png' remapped 'res://assets/sprites/effects/water_wave/water_d0_p2.png' at thread -1
Loading resource: res://assets/sprites/effects/water_wave/water_d0_p3.png remapped: res://assets/sprites/effects/water_wave/water_d0_p3.png
Loading resource: res://.godot/imported/water_d0_p3.png-762a987a06a7d8f3ebe67df4af455126.ctex remapped: res://.godot/imported/water_d0_p3.png-762a987a06a7d8f3ebe67df4af455126.ctex
Completed load for: 'res://assets/sprites/effects/water_wave/water_d0_p3.png' remapped 'res://assets/sprites/effects/water_wave/water_d0_p3.png' at thread -1
Loading resource: res://assets/sprites/effects/water_wave/water_d1_p0.png remapped: res://assets/sprites/effects/water_wave/water_d1_p0.png
Loading resource: res://.godot/imported/water_d1_p0.png-9681d37d3f0f446901e47079f5500ffc.ctex remapped: res://.godot/imported/water_d1_p0.png-9681d37d3f0f446901e47079f5500ffc.ctex
Completed load for: 'res://assets/sprites/effects/water_wave/water_d1_p0.png' remapped 'res://assets/sprites/effects/water_wave/water_d1_p0.png' at thread -1
Loading resource: res://assets/sprites/effects/water_wave/water_d1_p1.png remapped: res://assets/sprites/effects/water_wave/water_d1_p1.png
Loading resource: res://.godot/imported/water_d1_p1.png-a84e24a1938e32f4902f4c4369979610.ctex remapped: res://.godot/imported/water_d1_p1.png-a84e24a1938e32f4902f4c4369979610.ctex
Completed load for: 'res://assets/sprites/effects/water_wave/water_d1_p1.png' remapped 'res://assets/sprites/effects/water_wave/water_d1_p1.png' at thread -1
Loading resource: res://assets/sprites/effects/water_wave/water_d1_p2.png remapped: res://assets/sprites/effects/water_wave/water_d1_p2.png
Loading resource: res://.godot/imported/water_d1_p2.png-a7324dcfc9bba67a91cef2ff6a4f67a4.ctex remapped: res://.godot/imported/water_d1_p2.png-a7324dcfc9bba67a91cef2ff6a4f67a4.ctex
Completed load for: 'res://assets/sprites/effects/water_wave/water_d1_p2.png' remapped 'res://assets/sprites/effects/water_wave/water_d1_p2.png' at thread -1
Loading resource: res://assets/sprites/effects/water_wave/water_d1_p3.png remapped: res://assets/sprites/effects/water_wave/water_d1_p3.png
Loading resource: res://.godot/imported/water_d1_p3.png-8e8c5dab21c2040ee2be968aba969205.ctex remapped: res://.godot/imported/water_d1_p3.png-8e8c5dab21c2040ee2be968aba969205.ctex
Completed load for: 'res://assets/sprites/effects/water_wave/water_d1_p3.png' remapped 'res://assets/sprites/effects/water_wave/water_d1_p3.png' at thread -1
Loading resource: res://assets/sprites/effects/water_wave/water_d2_p0.png remapped: res://assets/sprites/effects/water_wave/water_d2_p0.png
Loading resource: res://.godot/imported/water_d2_p0.png-f33fb16498e2b9c7ca271a692a48cf34.ctex remapped: res://.godot/imported/water_d2_p0.png-f33fb16498e2b9c7ca271a692a48cf34.ctex
Completed load for: 'res://assets/sprites/effects/water_wave/water_d2_p0.png' remapped 'res://assets/sprites/effects/water_wave/water_d2_p0.png' at thread -1
Loading resource: res://assets/sprites/effects/water_wave/water_d2_p1.png remapped: res://assets/sprites/effects/water_wave/water_d2_p1.png
Loading resource: res://.godot/imported/water_d2_p1.png-fd7cc13f76988887e1ba11ac71e64a99.ctex remapped: res://.godot/imported/water_d2_p1.png-fd7cc13f76988887e1ba11ac71e64a99.ctex
Completed load for: 'res://assets/sprites/effects/water_wave/water_d2_p1.png' remapped 'res://assets/sprites/effects/water_wave/water_d2_p1.png' at thread -1
Loading resource: res://assets/sprites/effects/water_wave/water_d2_p2.png remapped: res://assets/sprites/effects/water_wave/water_d2_p2.png
Loading resource: res://.godot/imported/water_d2_p2.png-ff35301359374bc14645b581aedfef4f.ctex remapped: res://.godot/imported/water_d2_p2.png-ff35301359374bc14645b581aedfef4f.ctex
Completed load for: 'res://assets/sprites/effects/water_wave/water_d2_p2.png' remapped 'res://assets/sprites/effects/water_wave/water_d2_p2.png' at thread -1
Loading resource: res://assets/sprites/effects/water_wave/water_d2_p3.png remapped: res://assets/sprites/effects/water_wave/water_d2_p3.png
Loading resource: res://.godot/imported/water_d2_p3.png-0f2a82c84fe363076af50059f44176ac.ctex remapped: res://.godot/imported/water_d2_p3.png-0f2a82c84fe363076af50059f44176ac.ctex
Completed load for: 'res://assets/sprites/effects/water_wave/water_d2_p3.png' remapped 'res://assets/sprites/effects/water_wave/water_d2_p3.png' at thread -1
Loading resource: res://assets/sprites/enemies/iron_knight/iron_knight_sprite_frames.tres remapped: res://assets/sprites/enemies/iron_knight/iron_knight_sprite_frames.tres
Loading resource: res://assets/sprites/enemies/iron_knight/knight_idle.png remapped: res://assets/sprites/enemies/iron_knight/knight_idle.png
Loading resource: res://.godot/imported/knight_idle.png-75636e5c015557e4a3b09f781a5e1c68.ctex remapped: res://.godot/imported/knight_idle.png-75636e5c015557e4a3b09f781a5e1c68.ctex
Completed load for: 'res://assets/sprites/enemies/iron_knight/knight_idle.png' remapped 'res://assets/sprites/enemies/iron_knight/knight_idle.png' at thread -1
Loading resource: res://assets/sprites/enemies/iron_knight/knight_move.png remapped: res://assets/sprites/enemies/iron_knight/knight_move.png
Loading resource: res://.godot/imported/knight_move.png-e5943ed9fe665a19e1c2d53186aeb169.ctex remapped: res://.godot/imported/knight_move.png-e5943ed9fe665a19e1c2d53186aeb169.ctex
Completed load for: 'res://assets/sprites/enemies/iron_knight/knight_move.png' remapped 'res://assets/sprites/enemies/iron_knight/knight_move.png' at thread -1
Loading resource: res://assets/sprites/enemies/iron_knight/knight_windup.png remapped: res://assets/sprites/enemies/iron_knight/knight_windup.png
Loading resource: res://.godot/imported/knight_windup.png-5eefeab3a71f4037c20f856062f36317.ctex remapped: res://.godot/imported/knight_windup.png-5eefeab3a71f4037c20f856062f36317.ctex
Completed load for: 'res://assets/sprites/enemies/iron_knight/knight_windup.png' remapped 'res://assets/sprites/enemies/iron_knight/knight_windup.png' at thread -1
Loading resource: res://assets/sprites/enemies/iron_knight/knight_dash.png remapped: res://assets/sprites/enemies/iron_knight/knight_dash.png
Loading resource: res://.godot/imported/knight_dash.png-a447eaa955cae26531391de437e5c6e3.ctex remapped: res://.godot/imported/knight_dash.png-a447eaa955cae26531391de437e5c6e3.ctex
Completed load for: 'res://assets/sprites/enemies/iron_knight/knight_dash.png' remapped 'res://assets/sprites/enemies/iron_knight/knight_dash.png' at thread -1
Loading resource: res://assets/sprites/enemies/iron_knight/knight_recover.png remapped: res://assets/sprites/enemies/iron_knight/knight_recover.png
Loading resource: res://.godot/imported/knight_recover.png-470e0769231dd99d18beac47ec385b47.ctex remapped: res://.godot/imported/knight_recover.png-470e0769231dd99d18beac47ec385b47.ctex
Completed load for: 'res://assets/sprites/enemies/iron_knight/knight_recover.png' remapped 'res://assets/sprites/enemies/iron_knight/knight_recover.png' at thread -1
Completed load for: 'res://assets/sprites/enemies/iron_knight/iron_knight_sprite_frames.tres' remapped 'res://assets/sprites/enemies/iron_knight/iron_knight_sprite_frames.tres' at thread -1
Loading resource: res://assets/sprites/weapons/copper_lamp/copper_lamp.png remapped: res://assets/sprites/weapons/copper_lamp/copper_lamp.png
Loading resource: res://.godot/imported/copper_lamp.png-b3a76118c16f900ba50981e1bc3bc85c.ctex remapped: res://.godot/imported/copper_lamp.png-b3a76118c16f900ba50981e1bc3bc85c.ctex
Completed load for: 'res://assets/sprites/weapons/copper_lamp/copper_lamp.png' remapped 'res://assets/sprites/weapons/copper_lamp/copper_lamp.png' at thread -1
Loading resource: res://shaders/effects/copper_lamp_flame.gdshader remapped: res://shaders/effects/copper_lamp_flame.gdshader
Completed load for: 'res://shaders/effects/copper_lamp_flame.gdshader' remapped 'res://shaders/effects/copper_lamp_flame.gdshader' at thread -1
Loading resource: res://assets/sprites/weapons/mutant_tentacle/mutant_tentacle.png remapped: res://assets/sprites/weapons/mutant_tentacle/mutant_tentacle.png
Loading resource: res://.godot/imported/mutant_tentacle.png-b8c483746ae090d24779f697d4c19235.ctex remapped: res://.godot/imported/mutant_tentacle.png-b8c483746ae090d24779f697d4c19235.ctex
Completed load for: 'res://assets/sprites/weapons/mutant_tentacle/mutant_tentacle.png' remapped 'res://assets/sprites/weapons/mutant_tentacle/mutant_tentacle.png' at thread -1
Loading resource: res://assets/sprites/weapons/meteor_flail/meteor_flail_head.png remapped: res://assets/sprites/weapons/meteor_flail/meteor_flail_head.png
Loading resource: res://.godot/imported/meteor_flail_head.png-5c0ab87483696a2f95910ce2fd1ac1b0.ctex remapped: res://.godot/imported/meteor_flail_head.png-5c0ab87483696a2f95910ce2fd1ac1b0.ctex
Completed load for: 'res://assets/sprites/weapons/meteor_flail/meteor_flail_head.png' remapped 'res://assets/sprites/weapons/meteor_flail/meteor_flail_head.png' at thread -1
Loading resource: res://assets/sprites/weapons/meteor_flail/meteor_flail_chain_link.png remapped: res://assets/sprites/weapons/meteor_flail/meteor_flail_chain_link.png
Loading resource: res://.godot/imported/meteor_flail_chain_link.png-45c5996cf87239e210c650a452174d53.ctex remapped: res://.godot/imported/meteor_flail_chain_link.png-45c5996cf87239e210c650a452174d53.ctex
Completed load for: 'res://assets/sprites/weapons/meteor_flail/meteor_flail_chain_link.png' remapped 'res://assets/sprites/weapons/meteor_flail/meteor_flail_chain_link.png' at thread -1
Loading resource: res://assets/sprites/weapons/meteor_flail/meteor_flail_grip.png remapped: res://assets/sprites/weapons/meteor_flail/meteor_flail_grip.png
Loading resource: res://.godot/imported/meteor_flail_grip.png-ab5f9e046c918282bb7534842598a394.ctex remapped: res://.godot/imported/meteor_flail_grip.png-ab5f9e046c918282bb7534842598a394.ctex
Completed load for: 'res://assets/sprites/weapons/meteor_flail/meteor_flail_grip.png' remapped 'res://assets/sprites/weapons/meteor_flail/meteor_flail_grip.png' at thread -1
Loading resource: res://assets/sprites/weapons/earth_hammer/earth_hammer.png remapped: res://assets/sprites/weapons/earth_hammer/earth_hammer.png
Loading resource: res://.godot/imported/earth_hammer.png-9e0e16a2440209003a4e4ad8246c725c.ctex remapped: res://.godot/imported/earth_hammer.png-9e0e16a2440209003a4e4ad8246c725c.ctex
Completed load for: 'res://assets/sprites/weapons/earth_hammer/earth_hammer.png' remapped 'res://assets/sprites/weapons/earth_hammer/earth_hammer.png' at thread -1
Loading resource: res://assets/sprites/weapons/ground_cracks/ground_cracks.png remapped: res://assets/sprites/weapons/ground_cracks/ground_cracks.png
Loading resource: res://.godot/imported/ground_cracks.png-5ddaac1da22b7fe15a8cc385f431a458.ctex remapped: res://.godot/imported/ground_cracks.png-5ddaac1da22b7fe15a8cc385f431a458.ctex
Completed load for: 'res://assets/sprites/weapons/ground_cracks/ground_cracks.png' remapped 'res://assets/sprites/weapons/ground_cracks/ground_cracks.png' at thread -1
Loading resource: res://assets/sprites/weapons/ground_cracks/review_r04/ground_cracks_r04.png remapped: res://assets/sprites/weapons/ground_cracks/review_r04/ground_cracks_r04.png
Loading resource: res://.godot/imported/ground_cracks_r04.png-fa29bb4705cdf2c21cb666763c4473ba.ctex remapped: res://.godot/imported/ground_cracks_r04.png-fa29bb4705cdf2c21cb666763c4473ba.ctex
Completed load for: 'res://assets/sprites/weapons/ground_cracks/review_r04/ground_cracks_r04.png' remapped 'res://assets/sprites/weapons/ground_cracks/review_r04/ground_cracks_r04.png' at thread -1
Loading resource: res://assets/sprites/weapons/camp_dagger.png remapped: res://assets/sprites/weapons/camp_dagger.png
Loading resource: res://.godot/imported/camp_dagger.png-1431564cd1755d67a590d5060c17a8c7.ctex remapped: res://.godot/imported/camp_dagger.png-1431564cd1755d67a590d5060c17a8c7.ctex
Completed load for: 'res://assets/sprites/weapons/camp_dagger.png' remapped 'res://assets/sprites/weapons/camp_dagger.png' at thread -1
Loading resource: res://assets/sprites/weapons/effects/camp_dagger_slash.png remapped: res://assets/sprites/weapons/effects/camp_dagger_slash.png
Loading resource: res://.godot/imported/camp_dagger_slash.png-d3cb8b136d225ba5ca46571a2518d0a2.ctex remapped: res://.godot/imported/camp_dagger_slash.png-d3cb8b136d225ba5ca46571a2518d0a2.ctex
Completed load for: 'res://assets/sprites/weapons/effects/camp_dagger_slash.png' remapped 'res://assets/sprites/weapons/effects/camp_dagger_slash.png' at thread -1
Loading resource: res://assets/sprites/weapons/weapon_nightwatch_spear.png remapped: res://assets/sprites/weapons/weapon_nightwatch_spear.png
Loading resource: res://.godot/imported/weapon_nightwatch_spear.png-bd820ad7533a4e6bf49d614d1c5bfaf3.ctex remapped: res://.godot/imported/weapon_nightwatch_spear.png-bd820ad7533a4e6bf49d614d1c5bfaf3.ctex
Completed load for: 'res://assets/sprites/weapons/weapon_nightwatch_spear.png' remapped 'res://assets/sprites/weapons/weapon_nightwatch_spear.png' at thread -1
Loading resource: res://assets/sprites/weapons/kunyu_domain_rune.png remapped: res://assets/sprites/weapons/kunyu_domain_rune.png
Loading resource: res://.godot/imported/kunyu_domain_rune.png-34c1b06dee4b7d73125cbe00784cf217.ctex remapped: res://.godot/imported/kunyu_domain_rune.png-34c1b06dee4b7d73125cbe00784cf217.ctex
Completed load for: 'res://assets/sprites/weapons/kunyu_domain_rune.png' remapped 'res://assets/sprites/weapons/kunyu_domain_rune.png' at thread -1
Loading resource: res://assets/sprites/weapons/rentier_coin_spin.png remapped: res://assets/sprites/weapons/rentier_coin_spin.png
Loading resource: res://.godot/imported/rentier_coin_spin.png-3e5347d7a5661318fb6a56f3a10f1932.ctex remapped: res://.godot/imported/rentier_coin_spin.png-3e5347d7a5661318fb6a56f3a10f1932.ctex
Completed load for: 'res://assets/sprites/weapons/rentier_coin_spin.png' remapped 'res://assets/sprites/weapons/rentier_coin_spin.png' at thread -1
Loading resource: res://scenes/pickups/exp_orb.tscn remapped: res://scenes/pickups/exp_orb.tscn
Loading resource: res://scripts/pickups/exp_orb.gd remapped: res://scripts/pickups/exp_orb.gd
Completed load for: 'res://scripts/pickups/exp_orb.gd' remapped 'res://scripts/pickups/exp_orb.gd' at thread -1
Loading resource: res://assets/sprites/pickups/pickup_exp_orb.png remapped: res://assets/sprites/pickups/pickup_exp_orb.png
Loading resource: res://.godot/imported/pickup_exp_orb.png-9ef775fc964876d57550fd3f0a3eb477.ctex remapped: res://.godot/imported/pickup_exp_orb.png-9ef775fc964876d57550fd3f0a3eb477.ctex
Completed load for: 'res://assets/sprites/pickups/pickup_exp_orb.png' remapped 'res://assets/sprites/pickups/pickup_exp_orb.png' at thread -1
Completed load for: 'res://scenes/pickups/exp_orb.tscn' remapped 'res://scenes/pickups/exp_orb.tscn' at thread -1
Loading resource: res://scenes/pickups/health_pack.tscn remapped: res://scenes/pickups/health_pack.tscn
Loading resource: res://scripts/pickups/health_pack.gd remapped: res://scripts/pickups/health_pack.gd
Completed load for: 'res://scripts/pickups/health_pack.gd' remapped 'res://scripts/pickups/health_pack.gd' at thread -1
Loading resource: res://assets/sprites/pickups/pickup_health_pack.png remapped: res://assets/sprites/pickups/pickup_health_pack.png
Loading resource: res://.godot/imported/pickup_health_pack.png-21dc2bc968b0d318376dfd130af063fe.ctex remapped: res://.godot/imported/pickup_health_pack.png-21dc2bc968b0d318376dfd130af063fe.ctex
Completed load for: 'res://assets/sprites/pickups/pickup_health_pack.png' remapped 'res://assets/sprites/pickups/pickup_health_pack.png' at thread -1
Completed load for: 'res://scenes/pickups/health_pack.tscn' remapped 'res://scenes/pickups/health_pack.tscn' at thread -1
Loading resource: res://scenes/pickups/augmentation_pickup.tscn remapped: res://scenes/pickups/augmentation_pickup.tscn
Loading resource: res://scripts/pickups/augmentation_pickup.gd remapped: res://scripts/pickups/augmentation_pickup.gd
Completed load for: 'res://scripts/pickups/augmentation_pickup.gd' remapped 'res://scripts/pickups/augmentation_pickup.gd' at thread -1
Completed load for: 'res://scenes/pickups/augmentation_pickup.tscn' remapped 'res://scenes/pickups/augmentation_pickup.tscn' at thread -1
Loading resource: res://scenes/pickups/relic_pickup.tscn remapped: res://scenes/pickups/relic_pickup.tscn
Loading resource: res://scripts/pickups/relic_pickup.gd remapped: res://scripts/pickups/relic_pickup.gd
Completed load for: 'res://scripts/pickups/relic_pickup.gd' remapped 'res://scripts/pickups/relic_pickup.gd' at thread -1
Completed load for: 'res://scenes/pickups/relic_pickup.tscn' remapped 'res://scenes/pickups/relic_pickup.tscn' at thread -1
Loading resource: res://scenes/camp/camp_building_slot.tscn remapped: res://scenes/camp/camp_building_slot.tscn
Loading resource: res://scripts/camp/camp_building_slot.gd remapped: res://scripts/camp/camp_building_slot.gd
Completed load for: 'res://scripts/camp/camp_building_slot.gd' remapped 'res://scripts/camp/camp_building_slot.gd' at thread -1
Completed load for: 'res://scenes/camp/camp_building_slot.tscn' remapped 'res://scenes/camp/camp_building_slot.tscn' at thread -1
Loading resource: res://assets/ui/finance/clean_frames/panel.png remapped: res://assets/ui/finance/clean_frames/panel.png
Loading resource: res://.godot/imported/panel.png-aeeb70e2ac82c760f03c88123843c0fc.ctex remapped: res://.godot/imported/panel.png-aeeb70e2ac82c760f03c88123843c0fc.ctex
Completed load for: 'res://assets/ui/finance/clean_frames/panel.png' remapped 'res://assets/ui/finance/clean_frames/panel.png' at thread -1
Loading resource: res://assets/ui/finance/clean_frames/slim.png remapped: res://assets/ui/finance/clean_frames/slim.png
Loading resource: res://.godot/imported/slim.png-0fc890ead5e5adef3e44385c5e8213ac.ctex remapped: res://.godot/imported/slim.png-0fc890ead5e5adef3e44385c5e8213ac.ctex
Completed load for: 'res://assets/ui/finance/clean_frames/slim.png' remapped 'res://assets/ui/finance/clean_frames/slim.png' at thread -1
Loading resource: res://assets/ui/finance/clean_frames/card.png remapped: res://assets/ui/finance/clean_frames/card.png
Loading resource: res://.godot/imported/card.png-9e11b92efdc47d005bf46b4d998ce90b.ctex remapped: res://.godot/imported/card.png-9e11b92efdc47d005bf46b4d998ce90b.ctex
Completed load for: 'res://assets/ui/finance/clean_frames/card.png' remapped 'res://assets/ui/finance/clean_frames/card.png' at thread -1
Loading resource: res://assets/ui/finance/clean_frames/card_uncommon.png remapped: res://assets/ui/finance/clean_frames/card_uncommon.png
Loading resource: res://.godot/imported/card_uncommon.png-26b9eccaff90c129ed16d708b78d6494.ctex remapped: res://.godot/imported/card_uncommon.png-26b9eccaff90c129ed16d708b78d6494.ctex
Completed load for: 'res://assets/ui/finance/clean_frames/card_uncommon.png' remapped 'res://assets/ui/finance/clean_frames/card_uncommon.png' at thread -1
Loading resource: res://assets/ui/finance/clean_frames/card_rare.png remapped: res://assets/ui/finance/clean_frames/card_rare.png
Loading resource: res://.godot/imported/card_rare.png-697e43dd43472e72a0b2b12a92a474cc.ctex remapped: res://.godot/imported/card_rare.png-697e43dd43472e72a0b2b12a92a474cc.ctex
Completed load for: 'res://assets/ui/finance/clean_frames/card_rare.png' remapped 'res://assets/ui/finance/clean_frames/card_rare.png' at thread -1
Loading resource: res://assets/ui/finance/clean_frames/card_epic.png remapped: res://assets/ui/finance/clean_frames/card_epic.png
Loading resource: res://.godot/imported/card_epic.png-18c11836e76e4dff59e0affab5649e61.ctex remapped: res://.godot/imported/card_epic.png-18c11836e76e4dff59e0affab5649e61.ctex
Completed load for: 'res://assets/ui/finance/clean_frames/card_epic.png' remapped 'res://assets/ui/finance/clean_frames/card_epic.png' at thread -1
Loading resource: res://assets/ui/finance/clean_frames/card_legendary.png remapped: res://assets/ui/finance/clean_frames/card_legendary.png
Loading resource: res://.godot/imported/card_legendary.png-8d74b4277ae1c48ebcdcf62f6809bef0.ctex remapped: res://.godot/imported/card_legendary.png-8d74b4277ae1c48ebcdcf62f6809bef0.ctex
Completed load for: 'res://assets/ui/finance/clean_frames/card_legendary.png' remapped 'res://assets/ui/finance/clean_frames/card_legendary.png' at thread -1
Loading resource: res://assets/ui/finance/clean_frames/button.png remapped: res://assets/ui/finance/clean_frames/button.png
Loading resource: res://.godot/imported/button.png-1eb32b333598971bdebedcf8cf686274.ctex remapped: res://.godot/imported/button.png-1eb32b333598971bdebedcf8cf686274.ctex
Completed load for: 'res://assets/ui/finance/clean_frames/button.png' remapped 'res://assets/ui/finance/clean_frames/button.png' at thread -1
Loading resource: res://assets/ui/finance/clean_frames/selected.png remapped: res://assets/ui/finance/clean_frames/selected.png
Loading resource: res://.godot/imported/selected.png-80b5a6527446cb15a4fb46f1672d0a50.ctex remapped: res://.godot/imported/selected.png-80b5a6527446cb15a4fb46f1672d0a50.ctex
Completed load for: 'res://assets/ui/finance/clean_frames/selected.png' remapped 'res://assets/ui/finance/clean_frames/selected.png' at thread -1
Loading resource: res://assets/ui/finance/clean_frames/input.png remapped: res://assets/ui/finance/clean_frames/input.png
Loading resource: res://.godot/imported/input.png-a33efe67536fc0ac5998348dfa0bffd9.ctex remapped: res://.godot/imported/input.png-a33efe67536fc0ac5998348dfa0bffd9.ctex
Completed load for: 'res://assets/ui/finance/clean_frames/input.png' remapped 'res://assets/ui/finance/clean_frames/input.png' at thread -1
Loading resource: res://assets/ui/finance/clean_frames/slot.png remapped: res://assets/ui/finance/clean_frames/slot.png
Loading resource: res://.godot/imported/slot.png-c2c908736462071afcdc0094fa0d7eff.ctex remapped: res://.godot/imported/slot.png-c2c908736462071afcdc0094fa0d7eff.ctex
Completed load for: 'res://assets/ui/finance/clean_frames/slot.png' remapped 'res://assets/ui/finance/clean_frames/slot.png' at thread -1
Loading resource: res://assets/ui/finance/clean_frames/thumb.png remapped: res://assets/ui/finance/clean_frames/thumb.png
Loading resource: res://.godot/imported/thumb.png-8ec879610653673f23c6678cf341ea79.ctex remapped: res://.godot/imported/thumb.png-8ec879610653673f23c6678cf341ea79.ctex
Completed load for: 'res://assets/ui/finance/clean_frames/thumb.png' remapped 'res://assets/ui/finance/clean_frames/thumb.png' at thread -1
Completed load for: 'res://scripts/core/main_flow_coordinator.gd' remapped 'res://scripts/core/main_flow_coordinator.gd' at thread -1
Completed load for: 'res://scenes/core/main_flow_coordinator.tscn' remapped 'res://scenes/core/main_flow_coordinator.tscn' at thread -1
Loading resource: res://assets/ui/finance/finance_background.png remapped: res://assets/ui/finance/finance_background.png
Loading resource: res://.godot/imported/finance_background.png-fd9175587d22c4e5edc9028852202e73.ctex remapped: res://.godot/imported/finance_background.png-fd9175587d22c4e5edc9028852202e73.ctex
Completed load for: 'res://assets/ui/finance/finance_background.png' remapped 'res://assets/ui/finance/finance_background.png' at thread -1
Loading resource: res://assets/ui/finance/goblin_banker_states.png remapped: res://assets/ui/finance/goblin_banker_states.png
Loading resource: res://.godot/imported/goblin_banker_states.png-cf9b7b90d7ed7135a113e464c18296d8.ctex remapped: res://.godot/imported/goblin_banker_states.png-cf9b7b90d7ed7135a113e464c18296d8.ctex
Completed load for: 'res://assets/ui/finance/goblin_banker_states.png' remapped 'res://assets/ui/finance/goblin_banker_states.png' at thread -1
Loading resource: res://assets/ui/finance/bank_counter_desk_picxel.png remapped: res://assets/ui/finance/bank_counter_desk_picxel.png
Loading resource: res://.godot/imported/bank_counter_desk_picxel.png-8c55327d3804e5dc28351256fac59425.ctex remapped: res://.godot/imported/bank_counter_desk_picxel.png-8c55327d3804e5dc28351256fac59425.ctex
Completed load for: 'res://assets/ui/finance/bank_counter_desk_picxel.png' remapped 'res://assets/ui/finance/bank_counter_desk_picxel.png' at thread -1
Loading resource: res://assets/ui/finance/trade_panel.png remapped: res://assets/ui/finance/trade_panel.png
Loading resource: res://.godot/imported/trade_panel.png-70a9977aa6833825612b482d24d602ae.ctex remapped: res://.godot/imported/trade_panel.png-70a9977aa6833825612b482d24d602ae.ctex
Completed load for: 'res://assets/ui/finance/trade_panel.png' remapped 'res://assets/ui/finance/trade_panel.png' at thread -1
Loading resource: res://assets/ui/finance/trade_bubble.png remapped: res://assets/ui/finance/trade_bubble.png
Loading resource: res://.godot/imported/trade_bubble.png-9b05f8db54c4146590a74326ca02d533.ctex remapped: res://.godot/imported/trade_bubble.png-9b05f8db54c4146590a74326ca02d533.ctex
Completed load for: 'res://assets/ui/finance/trade_bubble.png' remapped 'res://assets/ui/finance/trade_bubble.png' at thread -1
Loading resource: res://assets/ui/finance/trade_bubble_tail.png remapped: res://assets/ui/finance/trade_bubble_tail.png
Loading resource: res://.godot/imported/trade_bubble_tail.png-b91b3067a3115082bf1ebac763dee37f.ctex remapped: res://.godot/imported/trade_bubble_tail.png-b91b3067a3115082bf1ebac763dee37f.ctex
Completed load for: 'res://assets/ui/finance/trade_bubble_tail.png' remapped 'res://assets/ui/finance/trade_bubble_tail.png' at thread -1
Loading resource: res://assets/ui/finance/trade_seal.png remapped: res://assets/ui/finance/trade_seal.png
Loading resource: res://.godot/imported/trade_seal.png-5ae9ca6469a88374180d5baf149d5489.ctex remapped: res://.godot/imported/trade_seal.png-5ae9ca6469a88374180d5baf149d5489.ctex
Completed load for: 'res://assets/ui/finance/trade_seal.png' remapped 'res://assets/ui/finance/trade_seal.png' at thread -1
Loading resource: res://assets/ui/finance/trade_glints.png remapped: res://assets/ui/finance/trade_glints.png
Loading resource: res://.godot/imported/trade_glints.png-561a45abea7b260529cc33fc39530f30.ctex remapped: res://.godot/imported/trade_glints.png-561a45abea7b260529cc33fc39530f30.ctex
Completed load for: 'res://assets/ui/finance/trade_glints.png' remapped 'res://assets/ui/finance/trade_glints.png' at thread -1
Loading resource: res://assets/audio/sfx/ui/trade_type_01.wav remapped: res://assets/audio/sfx/ui/trade_type_01.wav
Loading resource: res://.godot/imported/trade_type_01.wav-31ecd9e86c7747946f8dd574744ee43b.sample remapped: res://.godot/imported/trade_type_01.wav-31ecd9e86c7747946f8dd574744ee43b.sample
Completed load for: 'res://assets/audio/sfx/ui/trade_type_01.wav' remapped 'res://assets/audio/sfx/ui/trade_type_01.wav' at thread -1
Loading resource: res://assets/audio/sfx/ui/trade_type_02.wav remapped: res://assets/audio/sfx/ui/trade_type_02.wav
Loading resource: res://.godot/imported/trade_type_02.wav-405e3b8d1a7e072584cc0f2cc0311cef.sample remapped: res://.godot/imported/trade_type_02.wav-405e3b8d1a7e072584cc0f2cc0311cef.sample
Completed load for: 'res://assets/audio/sfx/ui/trade_type_02.wav' remapped 'res://assets/audio/sfx/ui/trade_type_02.wav' at thread -1
Loading resource: res://assets/audio/sfx/ui/trade_type_03.wav remapped: res://assets/audio/sfx/ui/trade_type_03.wav
Loading resource: res://.godot/imported/trade_type_03.wav-3a3ae371c7b8e7f3ce0bd6d44298639c.sample remapped: res://.godot/imported/trade_type_03.wav-3a3ae371c7b8e7f3ce0bd6d44298639c.sample
Completed load for: 'res://assets/audio/sfx/ui/trade_type_03.wav' remapped 'res://assets/audio/sfx/ui/trade_type_03.wav' at thread -1
Loading resource: res://assets/audio/sfx/finance/interest_tick.wav remapped: res://assets/audio/sfx/finance/interest_tick.wav
Loading resource: res://.godot/imported/interest_tick.wav-3ac354e4144b2ec81ec8a0257c1f3914.sample remapped: res://.godot/imported/interest_tick.wav-3ac354e4144b2ec81ec8a0257c1f3914.sample
Completed load for: 'res://assets/audio/sfx/finance/interest_tick.wav' remapped 'res://assets/audio/sfx/finance/interest_tick.wav' at thread -1
Loading resource: res://assets/audio/sfx/finance/interest_bonus.wav remapped: res://assets/audio/sfx/finance/interest_bonus.wav
Loading resource: res://.godot/imported/interest_bonus.wav-ee6bde86e5bc4cd3ac997b9157ce88bc.sample remapped: res://.godot/imported/interest_bonus.wav-ee6bde86e5bc4cd3ac997b9157ce88bc.sample
Completed load for: 'res://assets/audio/sfx/finance/interest_bonus.wav' remapped 'res://assets/audio/sfx/finance/interest_bonus.wav' at thread -1
Loading resource: res://assets/audio/sfx/finance/interest_arrive.wav remapped: res://assets/audio/sfx/finance/interest_arrive.wav
Loading resource: res://.godot/imported/interest_arrive.wav-8ce117a9624d21bfef6b572f3ac98fd6.sample remapped: res://.godot/imported/interest_arrive.wav-8ce117a9624d21bfef6b572f3ac98fd6.sample
Completed load for: 'res://assets/audio/sfx/finance/interest_arrive.wav' remapped 'res://assets/audio/sfx/finance/interest_arrive.wav' at thread -1
Loading resource: res://assets/ui/finance/inspect_enchantment.svg remapped: res://assets/ui/finance/inspect_enchantment.svg
Loading resource: res://.godot/imported/inspect_enchantment.svg-023ef68840227a16f814f872c50e870f.ctex remapped: res://.godot/imported/inspect_enchantment.svg-023ef68840227a16f814f872c50e870f.ctex
Completed load for: 'res://assets/ui/finance/inspect_enchantment.svg' remapped 'res://assets/ui/finance/inspect_enchantment.svg' at thread -1
Completed load for: 'res://scripts/core/game_root.gd' remapped 'res://scripts/core/game_root.gd' at thread -1
Loading resource: res://scenes/ui/finance/finance_ui_controller.tscn remapped: res://scenes/ui/finance/finance_ui_controller.tscn
Loading resource: res://scripts/ui/finance_ui_controller.gd remapped: res://scripts/ui/finance_ui_controller.gd
Loading resource: res://assets/audio/sfx/ui/stats_chain_open.wav remapped: res://assets/audio/sfx/ui/stats_chain_open.wav
Loading resource: res://.godot/imported/stats_chain_open.wav-d639baefc69f655a3171b47d78d93142.sample remapped: res://.godot/imported/stats_chain_open.wav-d639baefc69f655a3171b47d78d93142.sample
Completed load for: 'res://assets/audio/sfx/ui/stats_chain_open.wav' remapped 'res://assets/audio/sfx/ui/stats_chain_open.wav' at thread -1
Loading resource: res://assets/audio/sfx/ui/stats_chain_close.wav remapped: res://assets/audio/sfx/ui/stats_chain_close.wav
Loading resource: res://.godot/imported/stats_chain_close.wav-358eef7eb3a573dd36fb958738581fee.sample remapped: res://.godot/imported/stats_chain_close.wav-358eef7eb3a573dd36fb958738581fee.sample
Completed load for: 'res://assets/audio/sfx/ui/stats_chain_close.wav' remapped 'res://assets/audio/sfx/ui/stats_chain_close.wav' at thread -1
Loading resource: res://shaders/ui/weapon_cooldown.gdshader remapped: res://shaders/ui/weapon_cooldown.gdshader
Completed load for: 'res://shaders/ui/weapon_cooldown.gdshader' remapped 'res://shaders/ui/weapon_cooldown.gdshader' at thread -1
Loading resource: res://assets/ui/stats_drawer/stats_parchment_panel.png remapped: res://assets/ui/stats_drawer/stats_parchment_panel.png
Loading resource: res://.godot/imported/stats_parchment_panel.png-fa7e38fef9687830b188e1d74767bda6.ctex remapped: res://.godot/imported/stats_parchment_panel.png-fa7e38fef9687830b188e1d74767bda6.ctex
Completed load for: 'res://assets/ui/stats_drawer/stats_parchment_panel.png' remapped 'res://assets/ui/stats_drawer/stats_parchment_panel.png' at thread -1
Loading resource: res://shaders/ui/attack_indicator_clearance.gdshader remapped: res://shaders/ui/attack_indicator_clearance.gdshader
Completed load for: 'res://shaders/ui/attack_indicator_clearance.gdshader' remapped 'res://shaders/ui/attack_indicator_clearance.gdshader' at thread -1
Loading resource: res://assets/ui/combat/move_destination.png remapped: res://assets/ui/combat/move_destination.png
Loading resource: res://.godot/imported/move_destination.png-f17d65f7eb94f626f94f3ca5abbb66e1.ctex remapped: res://.godot/imported/move_destination.png-f17d65f7eb94f626f94f3ca5abbb66e1.ctex
Completed load for: 'res://assets/ui/combat/move_destination.png' remapped 'res://assets/ui/combat/move_destination.png' at thread -1
Completed load for: 'res://scripts/ui/finance_ui_controller.gd' remapped 'res://scripts/ui/finance_ui_controller.gd' at thread -1
Loading resource: res://scenes/ui/finance/finance_popup.tscn remapped: res://scenes/ui/finance/finance_popup.tscn
Completed load for: 'res://scenes/ui/finance/finance_popup.tscn' remapped 'res://scenes/ui/finance/finance_popup.tscn' at thread -1
Loading resource: res://scenes/ui/finance/interest_settlement_popup.tscn remapped: res://scenes/ui/finance/interest_settlement_popup.tscn
Loading resource: res://scripts/ui/interest_settlement_popup.gd remapped: res://scripts/ui/interest_settlement_popup.gd
Completed load for: 'res://scripts/ui/interest_settlement_popup.gd' remapped 'res://scripts/ui/interest_settlement_popup.gd' at thread -1
Completed load for: 'res://scenes/ui/finance/interest_settlement_popup.tscn' remapped 'res://scenes/ui/finance/interest_settlement_popup.tscn' at thread -1
Completed load for: 'res://scenes/ui/finance/finance_ui_controller.tscn' remapped 'res://scenes/ui/finance/finance_ui_controller.tscn' at thread -1
Loading resource: res://scenes/ui/shop/shop_ui_controller.tscn remapped: res://scenes/ui/shop/shop_ui_controller.tscn
Loading resource: res://scripts/ui/shop_ui_controller.gd remapped: res://scripts/ui/shop_ui_controller.gd
Loading resource: res://scenes/ui/shop/shop_popup.tscn remapped: res://scenes/ui/shop/shop_popup.tscn
Loading resource: res://scripts/ui/shop_popup.gd remapped: res://scripts/ui/shop_popup.gd
Loading resource: res://scenes/ui/rewards/reward_option.tscn remapped: res://scenes/ui/rewards/reward_option.tscn
Loading resource: res://scripts/ui/reward_option.gd remapped: res://scripts/ui/reward_option.gd
Loading resource: res://assets/ui/finance/finance_coin.svg remapped: res://assets/ui/finance/finance_coin.svg
Loading resource: res://.godot/imported/finance_coin.svg-ccd96f9d127053d6309f966f87f8ea98.ctex remapped: res://.godot/imported/finance_coin.svg-ccd96f9d127053d6309f966f87f8ea98.ctex
Completed load for: 'res://assets/ui/finance/finance_coin.svg' remapped 'res://assets/ui/finance/finance_coin.svg' at thread -1
Completed load for: 'res://scripts/ui/reward_option.gd' remapped 'res://scripts/ui/reward_option.gd' at thread -1
Completed load for: 'res://scenes/ui/rewards/reward_option.tscn' remapped 'res://scenes/ui/rewards/reward_option.tscn' at thread -1
Completed load for: 'res://scripts/ui/shop_popup.gd' remapped 'res://scripts/ui/shop_popup.gd' at thread -1
Loading resource: res://scenes/ui/common/weapon_strip.tscn remapped: res://scenes/ui/common/weapon_strip.tscn
Completed load for: 'res://scenes/ui/common/weapon_strip.tscn' remapped 'res://scenes/ui/common/weapon_strip.tscn' at thread -1
Completed load for: 'res://scenes/ui/shop/shop_popup.tscn' remapped 'res://scenes/ui/shop/shop_popup.tscn' at thread -1
Loading resource: res://scenes/battle/battle_root.tscn remapped: res://scenes/battle/battle_root.tscn
Loading resource: res://scenes/player/player_root.tscn remapped: res://scenes/player/player_root.tscn
Loading resource: res://scripts/player/player_ground_marker.gd remapped: res://scripts/player/player_ground_marker.gd
Completed load for: 'res://scripts/player/player_ground_marker.gd' remapped 'res://scripts/player/player_ground_marker.gd' at thread -1
Loading resource: res://scripts/player/player_visibility_glow.gd remapped: res://scripts/player/player_visibility_glow.gd
Completed load for: 'res://scripts/player/player_visibility_glow.gd' remapped 'res://scripts/player/player_visibility_glow.gd' at thread -1
Loading resource: res://shaders/player/visibility_glow.gdshader remapped: res://shaders/player/visibility_glow.gdshader
Completed load for: 'res://shaders/player/visibility_glow.gdshader' remapped 'res://shaders/player/visibility_glow.gdshader' at thread -1
Completed load for: 'res://scenes/player/player_root.tscn' remapped 'res://scenes/player/player_root.tscn' at thread -1
Loading resource: res://scenes/weapons/weapon_loadout.tscn remapped: res://scenes/weapons/weapon_loadout.tscn
Completed load for: 'res://scenes/weapons/weapon_loadout.tscn' remapped 'res://scenes/weapons/weapon_loadout.tscn' at thread -1
Loading resource: res://scenes/waves/wave_manager.tscn remapped: res://scenes/waves/wave_manager.tscn
Completed load for: 'res://scenes/waves/wave_manager.tscn' remapped 'res://scenes/waves/wave_manager.tscn' at thread -1
Loading resource: res://shaders/ui/modal_backdrop.gdshader remapped: res://shaders/ui/modal_backdrop.gdshader
Completed load for: 'res://shaders/ui/modal_backdrop.gdshader' remapped 'res://shaders/ui/modal_backdrop.gdshader' at thread -1
Loading resource: res://scenes/ui/esc/esc_overlay.tscn remapped: res://scenes/ui/esc/esc_overlay.tscn
Completed load for: 'res://scenes/ui/esc/esc_overlay.tscn' remapped 'res://scenes/ui/esc/esc_overlay.tscn' at thread -1
Loading resource: res://scripts/battle/battle_environment.gd remapped: res://scripts/battle/battle_environment.gd
Loading resource: res://shaders/battle/wetland_ground.gdshader remapped: res://shaders/battle/wetland_ground.gdshader
Loading resource: res://shaders/battle/wetland_horizon.gdshaderinc remapped: res://shaders/battle/wetland_horizon.gdshaderinc
Loading resource: res://shaders/battle/horizon_depth.gdshaderinc remapped: res://shaders/battle/horizon_depth.gdshaderinc
Completed load for: 'res://shaders/battle/horizon_depth.gdshaderinc' remapped 'res://shaders/battle/horizon_depth.gdshaderinc' at thread -1
Completed load for: 'res://shaders/battle/wetland_horizon.gdshaderinc' remapped 'res://shaders/battle/wetland_horizon.gdshaderinc' at thread -1
Completed load for: 'res://shaders/battle/wetland_ground.gdshader' remapped 'res://shaders/battle/wetland_ground.gdshader' at thread -1
Loading resource: res://shaders/battle/wetland_decal_depth.gdshader remapped: res://shaders/battle/wetland_decal_depth.gdshader
Completed load for: 'res://shaders/battle/wetland_decal_depth.gdshader' remapped 'res://shaders/battle/wetland_decal_depth.gdshader' at thread -1
Loading resource: res://assets/audio/sfx/environment/wet_step_01.wav remapped: res://assets/audio/sfx/environment/wet_step_01.wav
Loading resource: res://.godot/imported/wet_step_01.wav-768fff50c0d398c4f2e9894b22f3a95f.sample remapped: res://.godot/imported/wet_step_01.wav-768fff50c0d398c4f2e9894b22f3a95f.sample
Completed load for: 'res://assets/audio/sfx/environment/wet_step_01.wav' remapped 'res://assets/audio/sfx/environment/wet_step_01.wav' at thread -1
Loading resource: res://assets/audio/sfx/environment/wet_step_02.wav remapped: res://assets/audio/sfx/environment/wet_step_02.wav
Loading resource: res://.godot/imported/wet_step_02.wav-4ad114f42962ba656cbe1e1207aec133.sample remapped: res://.godot/imported/wet_step_02.wav-4ad114f42962ba656cbe1e1207aec133.sample
Completed load for: 'res://assets/audio/sfx/environment/wet_step_02.wav' remapped 'res://assets/audio/sfx/environment/wet_step_02.wav' at thread -1
Loading resource: res://assets/audio/sfx/environment/water_drop.wav remapped: res://assets/audio/sfx/environment/water_drop.wav
Loading resource: res://.godot/imported/water_drop.wav-9ee9aba0d04d79949ca2efc2c4d3e928.sample remapped: res://.godot/imported/water_drop.wav-9ee9aba0d04d79949ca2efc2c4d3e928.sample
Completed load for: 'res://assets/audio/sfx/environment/water_drop.wav' remapped 'res://assets/audio/sfx/environment/water_drop.wav' at thread -1
Loading resource: res://shaders/battle/meadow/continuous_ground.gdshader remapped: res://shaders/battle/meadow/continuous_ground.gdshader
Loading resource: res://shaders/battle/meadow/continuous_land.gdshaderinc remapped: res://shaders/battle/meadow/continuous_land.gdshaderinc
Completed load for: 'res://shaders/battle/meadow/continuous_land.gdshaderinc' remapped 'res://shaders/battle/meadow/continuous_land.gdshaderinc' at thread -1
Completed load for: 'res://shaders/battle/meadow/continuous_ground.gdshader' remapped 'res://shaders/battle/meadow/continuous_ground.gdshader' at thread -1
Loading resource: res://shaders/battle/meadow/continuous_grass.gdshader remapped: res://shaders/battle/meadow/continuous_grass.gdshader
Completed load for: 'res://shaders/battle/meadow/continuous_grass.gdshader' remapped 'res://shaders/battle/meadow/continuous_grass.gdshader' at thread -1
Loading resource: res://shaders/battle/meadow/foreground_decoration.gdshader remapped: res://shaders/battle/meadow/foreground_decoration.gdshader
Completed load for: 'res://shaders/battle/meadow/foreground_decoration.gdshader' remapped 'res://shaders/battle/meadow/foreground_decoration.gdshader' at thread -1
Loading resource: res://assets/sprites/background/meadow/meadow-ground.png remapped: res://assets/sprites/background/meadow/meadow-ground.png
Loading resource: res://.godot/imported/meadow-ground.png-62548995c05ffa2142b7bb3b83f28d37.ctex remapped: res://.godot/imported/meadow-ground.png-62548995c05ffa2142b7bb3b83f28d37.ctex
Completed load for: 'res://assets/sprites/background/meadow/meadow-ground.png' remapped 'res://assets/sprites/background/meadow/meadow-ground.png' at thread -1
Loading resource: res://assets/sprites/background/meadow/ground-context.png remapped: res://assets/sprites/background/meadow/ground-context.png
Loading resource: res://.godot/imported/ground-context.png-2f00dac1eab63898df89d86e8ab409e0.ctex remapped: res://.godot/imported/ground-context.png-2f00dac1eab63898df89d86e8ab409e0.ctex
Completed load for: 'res://assets/sprites/background/meadow/ground-context.png' remapped 'res://assets/sprites/background/meadow/ground-context.png' at thread -1
Loading resource: res://assets/sprites/background/meadow/root-shadow.png remapped: res://assets/sprites/background/meadow/root-shadow.png
Loading resource: res://.godot/imported/root-shadow.png-7e34fa91f41f5b3c2c6deccd8597badf.ctex remapped: res://.godot/imported/root-shadow.png-7e34fa91f41f5b3c2c6deccd8597badf.ctex
Completed load for: 'res://assets/sprites/background/meadow/root-shadow.png' remapped 'res://assets/sprites/background/meadow/root-shadow.png' at thread -1
Loading resource: res://assets/sprites/background/meadow/grass-atlas.png remapped: res://assets/sprites/background/meadow/grass-atlas.png
Loading resource: res://.godot/imported/grass-atlas.png-d9db000b4dab6e01c42408fa2a5480a6.ctex remapped: res://.godot/imported/grass-atlas.png-d9db000b4dab6e01c42408fa2a5480a6.ctex
Completed load for: 'res://assets/sprites/background/meadow/grass-atlas.png' remapped 'res://assets/sprites/background/meadow/grass-atlas.png' at thread -1
Loading resource: res://shaders/battle/green_ground.gdshader remapped: res://shaders/battle/green_ground.gdshader
Completed load for: 'res://shaders/battle/green_ground.gdshader' remapped 'res://shaders/battle/green_ground.gdshader' at thread -1
Completed load for: 'res://scripts/battle/battle_environment.gd' remapped 'res://scripts/battle/battle_environment.gd' at thread -1
Loading resource: res://shaders/battle/crt_ambience.gdshader remapped: res://shaders/battle/crt_ambience.gdshader
Completed load for: 'res://shaders/battle/crt_ambience.gdshader' remapped 'res://shaders/battle/crt_ambience.gdshader' at thread -1
Loading resource: res://assets/ui/icons/hud/icon_hud_hp.png remapped: res://assets/ui/icons/hud/icon_hud_hp.png
Loading resource: res://.godot/imported/icon_hud_hp.png-2d5478a589d98a6d35e224745ed77a97.ctex remapped: res://.godot/imported/icon_hud_hp.png-2d5478a589d98a6d35e224745ed77a97.ctex
Completed load for: 'res://assets/ui/icons/hud/icon_hud_hp.png' remapped 'res://assets/ui/icons/hud/icon_hud_hp.png' at thread -1
Loading resource: res://assets/ui/icons/hud/icon_hud_shield.png remapped: res://assets/ui/icons/hud/icon_hud_shield.png
Loading resource: res://.godot/imported/icon_hud_shield.png-6950ab398864249ab8211392b78822f5.ctex remapped: res://.godot/imported/icon_hud_shield.png-6950ab398864249ab8211392b78822f5.ctex
Completed load for: 'res://assets/ui/icons/hud/icon_hud_shield.png' remapped 'res://assets/ui/icons/hud/icon_hud_shield.png' at thread -1
Loading resource: res://assets/ui/finance/finance_bill.svg remapped: res://assets/ui/finance/finance_bill.svg
Loading resource: res://.godot/imported/finance_bill.svg-86159d6659f077ed385210b51914d598.ctex remapped: res://.godot/imported/finance_bill.svg-86159d6659f077ed385210b51914d598.ctex
Completed load for: 'res://assets/ui/finance/finance_bill.svg' remapped 'res://assets/ui/finance/finance_bill.svg' at thread -1
Loading resource: res://scenes/ui/mobile/mobile_joystick.tscn remapped: res://scenes/ui/mobile/mobile_joystick.tscn
Completed load for: 'res://scenes/ui/mobile/mobile_joystick.tscn' remapped 'res://scenes/ui/mobile/mobile_joystick.tscn' at thread -1
Loading resource: res://scripts/effects/particle_light_field.gd remapped: res://scripts/effects/particle_light_field.gd
Completed load for: 'res://scripts/effects/particle_light_field.gd' remapped 'res://scripts/effects/particle_light_field.gd' at thread -1
Loading resource: res://scripts/effects/combat_render_world.gd remapped: res://scripts/effects/combat_render_world.gd
Completed load for: 'res://scripts/effects/combat_render_world.gd' remapped 'res://scripts/effects/combat_render_world.gd' at thread -1
Loading resource: res://assets/sprites/background/background-sky-Recovered.png remapped: res://assets/sprites/background/background-sky-Recovered.png
Loading resource: res://.godot/imported/background-sky-Recovered.png-26bf667c24b8727f4b9e48c3d19a9952.ctex remapped: res://.godot/imported/background-sky-Recovered.png-26bf667c24b8727f4b9e48c3d19a9952.ctex
Completed load for: 'res://assets/sprites/background/background-sky-Recovered.png' remapped 'res://assets/sprites/background/background-sky-Recovered.png' at thread -1
Loading resource: res://assets/sprites/background/background-icon-baike.png remapped: res://assets/sprites/background/background-icon-baike.png
Loading resource: res://.godot/imported/background-icon-baike.png-96bab5570e220cb6991e1919eb0e2f16.ctex remapped: res://.godot/imported/background-icon-baike.png-96bab5570e220cb6991e1919eb0e2f16.ctex
Completed load for: 'res://assets/sprites/background/background-icon-baike.png' remapped 'res://assets/sprites/background/background-icon-baike.png' at thread -1
Loading resource: res://assets/sprites/background/background-icon-plugin.png remapped: res://assets/sprites/background/background-icon-plugin.png
Loading resource: res://.godot/imported/background-icon-plugin.png-bd1c436812640b1533ff8ab08bf0c4bc.ctex remapped: res://.godot/imported/background-icon-plugin.png-bd1c436812640b1533ff8ab08bf0c4bc.ctex
Completed load for: 'res://assets/sprites/background/background-icon-plugin.png' remapped 'res://assets/sprites/background/background-icon-plugin.png' at thread -1
Loading resource: res://scripts/battle/meadow_battle_horizon.gd remapped: res://scripts/battle/meadow_battle_horizon.gd
Loading resource: res://shaders/battle/meadow/continuous_skyline.gdshader remapped: res://shaders/battle/meadow/continuous_skyline.gdshader
Completed load for: 'res://shaders/battle/meadow/continuous_skyline.gdshader' remapped 'res://shaders/battle/meadow/continuous_skyline.gdshader' at thread -1
Loading resource: res://shaders/battle/meadow/distant_ruin.gdshader remapped: res://shaders/battle/meadow/distant_ruin.gdshader
Completed load for: 'res://shaders/battle/meadow/distant_ruin.gdshader' remapped 'res://shaders/battle/meadow/distant_ruin.gdshader' at thread -1
Completed load for: 'res://scripts/battle/meadow_battle_horizon.gd' remapped 'res://scripts/battle/meadow_battle_horizon.gd' at thread -1
Loading resource: res://shaders/battle/horizon_sky.gdshader remapped: res://shaders/battle/horizon_sky.gdshader
Completed load for: 'res://shaders/battle/horizon_sky.gdshader' remapped 'res://shaders/battle/horizon_sky.gdshader' at thread -1
Completed load for: 'res://scenes/battle/battle_root.tscn' remapped 'res://scenes/battle/battle_root.tscn' at thread -1
Loading resource: res://scenes/camp/camp_root.tscn remapped: res://scenes/camp/camp_root.tscn
Loading resource: res://assets/sprites/camp/background1.png remapped: res://assets/sprites/camp/background1.png
Loading resource: res://.godot/imported/background1.png-fa6dd1b0f881daf878532f761f4ef025.ctex remapped: res://.godot/imported/background1.png-fa6dd1b0f881daf878532f761f4ef025.ctex
Completed load for: 'res://assets/sprites/camp/background1.png' remapped 'res://assets/sprites/camp/background1.png' at thread -1
Loading resource: res://assets/sprites/camp/background2.png remapped: res://assets/sprites/camp/background2.png
Loading resource: res://.godot/imported/background2.png-a4a33122ff8799f7c5e1f305d9a5a1ce.ctex remapped: res://.godot/imported/background2.png-a4a33122ff8799f7c5e1f305d9a5a1ce.ctex
Completed load for: 'res://assets/sprites/camp/background2.png' remapped 'res://assets/sprites/camp/background2.png' at thread -1
Loading resource: res://scenes/camp/obstacle/stone2_obstacle.tscn remapped: res://scenes/camp/obstacle/stone2_obstacle.tscn
Loading resource: res://assets/sprites/camp/stone2.png remapped: res://assets/sprites/camp/stone2.png
Loading resource: res://.godot/imported/stone2.png-869868dce8df6dfd418c3bb7cbce1a3c.ctex remapped: res://.godot/imported/stone2.png-869868dce8df6dfd418c3bb7cbce1a3c.ctex
Completed load for: 'res://assets/sprites/camp/stone2.png' remapped 'res://assets/sprites/camp/stone2.png' at thread -1
Completed load for: 'res://scenes/camp/obstacle/stone2_obstacle.tscn' remapped 'res://scenes/camp/obstacle/stone2_obstacle.tscn' at thread -1
Loading resource: res://assets/sprites/camp/buildings/unlocked/camp_relic_archive.png remapped: res://assets/sprites/camp/buildings/unlocked/camp_relic_archive.png
Loading resource: res://.godot/imported/camp_relic_archive.png-bda3f96fb475a3639ad2130a2aa1d624.ctex remapped: res://.godot/imported/camp_relic_archive.png-bda3f96fb475a3639ad2130a2aa1d624.ctex
Completed load for: 'res://assets/sprites/camp/buildings/unlocked/camp_relic_archive.png' remapped 'res://assets/sprites/camp/buildings/unlocked/camp_relic_archive.png' at thread -1
Loading resource: res://scenes/camp/obstacle/tree4_obstacle.tscn remapped: res://scenes/camp/obstacle/tree4_obstacle.tscn
Loading resource: res://assets/sprites/camp/tree4.png remapped: res://assets/sprites/camp/tree4.png
Loading resource: res://.godot/imported/tree4.png-b73441f60b4528f31923d6c60f56d9fc.ctex remapped: res://.godot/imported/tree4.png-b73441f60b4528f31923d6c60f56d9fc.ctex
Completed load for: 'res://assets/sprites/camp/tree4.png' remapped 'res://assets/sprites/camp/tree4.png' at thread -1
Completed load for: 'res://scenes/camp/obstacle/tree4_obstacle.tscn' remapped 'res://scenes/camp/obstacle/tree4_obstacle.tscn' at thread -1
Loading resource: res://scenes/camp/obstacle/tree1_obstacle.tscn remapped: res://scenes/camp/obstacle/tree1_obstacle.tscn
Loading resource: res://assets/sprites/camp/tree1_shader.png remapped: res://assets/sprites/camp/tree1_shader.png
Loading resource: res://.godot/imported/tree1_shader.png-61faa13815572ac9769b0289ccd2a85e.ctex remapped: res://.godot/imported/tree1_shader.png-61faa13815572ac9769b0289ccd2a85e.ctex
Completed load for: 'res://assets/sprites/camp/tree1_shader.png' remapped 'res://assets/sprites/camp/tree1_shader.png' at thread -1
Loading resource: res://assets/sprites/camp/tree1.png remapped: res://assets/sprites/camp/tree1.png
Loading resource: res://.godot/imported/tree1.png-1d63e7d4a1b4a5791554c19999489fe7.ctex remapped: res://.godot/imported/tree1.png-1d63e7d4a1b4a5791554c19999489fe7.ctex
Completed load for: 'res://assets/sprites/camp/tree1.png' remapped 'res://assets/sprites/camp/tree1.png' at thread -1
Completed load for: 'res://scenes/camp/obstacle/tree1_obstacle.tscn' remapped 'res://scenes/camp/obstacle/tree1_obstacle.tscn' at thread -1
Loading resource: res://scenes/camp/obstacle/tree2_obstacle.tscn remapped: res://scenes/camp/obstacle/tree2_obstacle.tscn
Loading resource: res://assets/sprites/camp/tree2.png remapped: res://assets/sprites/camp/tree2.png
Loading resource: res://.godot/imported/tree2.png-b4656a6357e7e6298e17f43621a742d2.ctex remapped: res://.godot/imported/tree2.png-b4656a6357e7e6298e17f43621a742d2.ctex
Completed load for: 'res://assets/sprites/camp/tree2.png' remapped 'res://assets/sprites/camp/tree2.png' at thread -1
Completed load for: 'res://scenes/camp/obstacle/tree2_obstacle.tscn' remapped 'res://scenes/camp/obstacle/tree2_obstacle.tscn' at thread -1
Loading resource: res://scenes/camp/obstacle/stone3_obstacle.tscn remapped: res://scenes/camp/obstacle/stone3_obstacle.tscn
Loading resource: res://assets/sprites/camp/stone3.png remapped: res://assets/sprites/camp/stone3.png
Loading resource: res://.godot/imported/stone3.png-61a7fd486db1506d366781e3b5dd8633.ctex remapped: res://.godot/imported/stone3.png-61a7fd486db1506d366781e3b5dd8633.ctex
Completed load for: 'res://assets/sprites/camp/stone3.png' remapped 'res://assets/sprites/camp/stone3.png' at thread -1
Completed load for: 'res://scenes/camp/obstacle/stone3_obstacle.tscn' remapped 'res://scenes/camp/obstacle/stone3_obstacle.tscn' at thread -1
Loading resource: res://scenes/camp/obstacle/tree7_obstacle.tscn remapped: res://scenes/camp/obstacle/tree7_obstacle.tscn
Loading resource: res://assets/sprites/camp/tree7.png remapped: res://assets/sprites/camp/tree7.png
Loading resource: res://.godot/imported/tree7.png-b49062a60d14c1278085415423c5ee14.ctex remapped: res://.godot/imported/tree7.png-b49062a60d14c1278085415423c5ee14.ctex
Completed load for: 'res://assets/sprites/camp/tree7.png' remapped 'res://assets/sprites/camp/tree7.png' at thread -1
Completed load for: 'res://scenes/camp/obstacle/tree7_obstacle.tscn' remapped 'res://scenes/camp/obstacle/tree7_obstacle.tscn' at thread -1
Loading resource: res://scenes/camp/obstacle/wood1_obstacle.tscn remapped: res://scenes/camp/obstacle/wood1_obstacle.tscn
Loading resource: res://assets/sprites/camp/wood1.png remapped: res://assets/sprites/camp/wood1.png
Loading resource: res://.godot/imported/wood1.png-33b163e08b4763183e613c825d42a9d6.ctex remapped: res://.godot/imported/wood1.png-33b163e08b4763183e613c825d42a9d6.ctex
Completed load for: 'res://assets/sprites/camp/wood1.png' remapped 'res://assets/sprites/camp/wood1.png' at thread -1
Completed load for: 'res://scenes/camp/obstacle/wood1_obstacle.tscn' remapped 'res://scenes/camp/obstacle/wood1_obstacle.tscn' at thread -1
Loading resource: res://assets/sprites/camp/thicket1.png remapped: res://assets/sprites/camp/thicket1.png
Loading resource: res://.godot/imported/thicket1.png-6592bfb7d8ca2f707e737e6859bf3c95.ctex remapped: res://.godot/imported/thicket1.png-6592bfb7d8ca2f707e737e6859bf3c95.ctex
Completed load for: 'res://assets/sprites/camp/thicket1.png' remapped 'res://assets/sprites/camp/thicket1.png' at thread -1
Completed load for: 'res://scenes/camp/camp_root.tscn' remapped 'res://scenes/camp/camp_root.tscn' at thread -1
Completed load for: 'res://scripts/ui/shop_ui_controller.gd' remapped 'res://scripts/ui/shop_ui_controller.gd' at thread -1
Completed load for: 'res://scenes/ui/shop/shop_ui_controller.tscn' remapped 'res://scenes/ui/shop/shop_ui_controller.tscn' at thread -1
Loading resource: res://scenes/ui/main_menu/main_menu_ui_controller.tscn remapped: res://scenes/ui/main_menu/main_menu_ui_controller.tscn
Loading resource: res://scripts/ui/main_menu_ui_controller.gd remapped: res://scripts/ui/main_menu_ui_controller.gd
Loading resource: res://assets/shaders/character_select_breathing.gdshader remapped: res://assets/shaders/character_select_breathing.gdshader
Completed load for: 'res://assets/shaders/character_select_breathing.gdshader' remapped 'res://assets/shaders/character_select_breathing.gdshader' at thread -1
Loading resource: res://assets/ui/settlement/settlement_icons.png remapped: res://assets/ui/settlement/settlement_icons.png
Loading resource: res://.godot/imported/settlement_icons.png-e00d6aa43cf95f4cab8e68d838cea6f6.ctex remapped: res://.godot/imported/settlement_icons.png-e00d6aa43cf95f4cab8e68d838cea6f6.ctex
Completed load for: 'res://assets/ui/settlement/settlement_icons.png' remapped 'res://assets/ui/settlement/settlement_icons.png' at thread -1
Loading resource: res://assets/ui/settlement/goblin_reactions.png remapped: res://assets/ui/settlement/goblin_reactions.png
Loading resource: res://.godot/imported/goblin_reactions.png-18bdb3c5efda81729d0ccac6a4b5f5a7.ctex remapped: res://.godot/imported/goblin_reactions.png-18bdb3c5efda81729d0ccac6a4b5f5a7.ctex
Completed load for: 'res://assets/ui/settlement/goblin_reactions.png' remapped 'res://assets/ui/settlement/goblin_reactions.png' at thread -1
Loading resource: res://assets/ui/settlement/payout_glint.png remapped: res://assets/ui/settlement/payout_glint.png
Loading resource: res://.godot/imported/payout_glint.png-d257658a856067685209cbcac8a05828.ctex remapped: res://.godot/imported/payout_glint.png-d257658a856067685209cbcac8a05828.ctex
Completed load for: 'res://assets/ui/settlement/payout_glint.png' remapped 'res://assets/ui/settlement/payout_glint.png' at thread -1
Completed load for: 'res://scripts/ui/main_menu_ui_controller.gd' remapped 'res://scripts/ui/main_menu_ui_controller.gd' at thread -1
Loading resource: res://assets/ui/main_menu/menu_button_theme.tres remapped: res://assets/ui/main_menu/menu_button_theme.tres
Loading resource: res://assets/ui/main_menu/button_main_menu.png remapped: res://assets/ui/main_menu/button_main_menu.png
Loading resource: res://.godot/imported/button_main_menu.png-dbeb9a2e85467d750a0d23f4ff55e8a7.ctex remapped: res://.godot/imported/button_main_menu.png-dbeb9a2e85467d750a0d23f4ff55e8a7.ctex
Completed load for: 'res://assets/ui/main_menu/button_main_menu.png' remapped 'res://assets/ui/main_menu/button_main_menu.png' at thread -1
Loading resource: res://assets/ui/main_menu/button_focus.png remapped: res://assets/ui/main_menu/button_focus.png
Loading resource: res://.godot/imported/button_focus.png-e6d3f7d052f49aff2b16797c9440c21a.ctex remapped: res://.godot/imported/button_focus.png-e6d3f7d052f49aff2b16797c9440c21a.ctex
Completed load for: 'res://assets/ui/main_menu/button_focus.png' remapped 'res://assets/ui/main_menu/button_focus.png' at thread -1
Completed load for: 'res://assets/ui/main_menu/menu_button_theme.tres' remapped 'res://assets/ui/main_menu/menu_button_theme.tres' at thread -1
Loading resource: res://assets/ui/main_menu/title_main_menu.png remapped: res://assets/ui/main_menu/title_main_menu.png
Loading resource: res://.godot/imported/title_main_menu.png-d57c5ee888dc989a50ce7935adb40456.ctex remapped: res://.godot/imported/title_main_menu.png-d57c5ee888dc989a50ce7935adb40456.ctex
Completed load for: 'res://assets/ui/main_menu/title_main_menu.png' remapped 'res://assets/ui/main_menu/title_main_menu.png' at thread -1
Loading resource: res://assets/ui/main_menu/icon_battle.png remapped: res://assets/ui/main_menu/icon_battle.png
Loading resource: res://.godot/imported/icon_battle.png-0f084b94c2cc7c4bf61fe7c65e4f7cb0.ctex remapped: res://.godot/imported/icon_battle.png-0f084b94c2cc7c4bf61fe7c65e4f7cb0.ctex
Completed load for: 'res://assets/ui/main_menu/icon_battle.png' remapped 'res://assets/ui/main_menu/icon_battle.png' at thread -1
Loading resource: res://assets/ui/main_menu/icon_talent.png remapped: res://assets/ui/main_menu/icon_talent.png
Loading resource: res://.godot/imported/icon_talent.png-5653eac8dc91aa2864e2d76fb8ce0b63.ctex remapped: res://.godot/imported/icon_talent.png-5653eac8dc91aa2864e2d76fb8ce0b63.ctex
Completed load for: 'res://assets/ui/main_menu/icon_talent.png' remapped 'res://assets/ui/main_menu/icon_talent.png' at thread -1
Loading resource: res://assets/ui/main_menu/icon_settings.png remapped: res://assets/ui/main_menu/icon_settings.png
Loading resource: res://.godot/imported/icon_settings.png-6983f8bbcbdb8fa17c66e9d15565a7fe.ctex remapped: res://.godot/imported/icon_settings.png-6983f8bbcbdb8fa17c66e9d15565a7fe.ctex
Completed load for: 'res://assets/ui/main_menu/icon_settings.png' remapped 'res://assets/ui/main_menu/icon_settings.png' at thread -1
Loading resource: res://assets/ui/main_menu/icon_quit.png remapped: res://assets/ui/main_menu/icon_quit.png
Loading resource: res://.godot/imported/icon_quit.png-9dcacecdeb978c148c6ec529d689b221.ctex remapped: res://.godot/imported/icon_quit.png-9dcacecdeb978c148c6ec529d689b221.ctex
Completed load for: 'res://assets/ui/main_menu/icon_quit.png' remapped 'res://assets/ui/main_menu/icon_quit.png' at thread -1
Completed load for: 'res://scenes/ui/main_menu/main_menu_ui_controller.tscn' remapped 'res://scenes/ui/main_menu/main_menu_ui_controller.tscn' at thread -1
Loading resource: res://scenes/ui/camp/camp_blueprint_ui_controller.tscn remapped: res://scenes/ui/camp/camp_blueprint_ui_controller.tscn
Completed load for: 'res://scenes/ui/camp/camp_blueprint_ui_controller.tscn' remapped 'res://scenes/ui/camp/camp_blueprint_ui_controller.tscn' at thread -1
Completed load for: 'res://scenes/core/game_root.tscn' remapped 'res://scenes/core/game_root.tscn' at thread -1
[DataRegistry] config load summary
[DataRegistry] - weapons: 11 records
[DataRegistry] - relics: 90 records
[DataRegistry] - bonds: 4 records
[DataRegistry] - characters: 2 records
[DataRegistry] - enemies: 2 records
[DataRegistry] - erosion_pressure_rules: 1 records
[DataRegistry] - camp_buildings: 6 records
[DataRegistry] - zones: 3 records
[DataRegistry] - waves: 20 records
[DataRegistry] - drop_tables: 3 records
[DataRegistry] - augmentations: 19 records
[DataRegistry] stat check: attack_speed=100 => interval 0.50s from 1.00s
[DataRegistry] stat check: armor=100 => damage_taken_percent 50
[DataRegistry] stat check: area_size=40 => radius 140 from 100
[DataRegistry] stat check: finance=101 interest_rate=5 => gain 6
[DataRegistry] load completed without errors
Loading resource: res://assets/audio/bgm/bgm_menu.ogg remapped: res://assets/audio/bgm/bgm_menu.ogg
Loading resource: res://.godot/imported/bgm_menu.ogg-d6199c1739b97fa02485ca9c59eecf81.oggvorbisstr remapped: res://.godot/imported/bgm_menu.ogg-d6199c1739b97fa02485ca9c59eecf81.oggvorbisstr
Completed load for: 'res://assets/audio/bgm/bgm_menu.ogg' remapped 'res://assets/audio/bgm/bgm_menu.ogg' at thread -1
Loading resource: res://assets/ui/finance/loan/loan_note.png remapped: res://assets/ui/finance/loan/loan_note.png
Loading resource: res://.godot/imported/loan_note.png-05daa47a112e0c5b50bdcea23f180cf9.ctex remapped: res://.godot/imported/loan_note.png-05daa47a112e0c5b50bdcea23f180cf9.ctex
Completed load for: 'res://assets/ui/finance/loan/loan_note.png' remapped 'res://assets/ui/finance/loan/loan_note.png' at thread -1
Loading resource: res://assets/ui/finance/loan/loan_100.png remapped: res://assets/ui/finance/loan/loan_100.png
Loading resource: res://.godot/imported/loan_100.png-65e0053e084a0f7a75ab55a641f3a200.ctex remapped: res://.godot/imported/loan_100.png-65e0053e084a0f7a75ab55a641f3a200.ctex
Completed load for: 'res://assets/ui/finance/loan/loan_100.png' remapped 'res://assets/ui/finance/loan/loan_100.png' at thread -1
Loading resource: res://assets/ui/finance/loan/loan_200.png remapped: res://assets/ui/finance/loan/loan_200.png
Loading resource: res://.godot/imported/loan_200.png-a6f2ba2bec4b0ec175f83989221aeaf0.ctex remapped: res://.godot/imported/loan_200.png-a6f2ba2bec4b0ec175f83989221aeaf0.ctex
Completed load for: 'res://assets/ui/finance/loan/loan_200.png' remapped 'res://assets/ui/finance/loan/loan_200.png' at thread -1
Loading resource: res://assets/ui/finance/loan/loan_500.png remapped: res://assets/ui/finance/loan/loan_500.png
Loading resource: res://.godot/imported/loan_500.png-b9cd3e95f20dd686aa83fe57fd8b0db4.ctex remapped: res://.godot/imported/loan_500.png-b9cd3e95f20dd686aa83fe57fd8b0db4.ctex
Completed load for: 'res://assets/ui/finance/loan/loan_500.png' remapped 'res://assets/ui/finance/loan/loan_500.png' at thread -1
Loading resource: res://assets/ui/character_select/background.png remapped: res://assets/ui/character_select/background.png
Loading resource: res://.godot/imported/background.png-f1243137b7f9d2b72553442c8a430a24.ctex remapped: res://.godot/imported/background.png-f1243137b7f9d2b72553442c8a430a24.ctex
Completed load for: 'res://assets/ui/character_select/background.png' remapped 'res://assets/ui/character_select/background.png' at thread -1
Loading resource: res://assets/ui/character_select/character_shadow.png remapped: res://assets/ui/character_select/character_shadow.png
Loading resource: res://.godot/imported/character_shadow.png-d517e2687532e0ac145b699d4ab87f48.ctex remapped: res://.godot/imported/character_shadow.png-d517e2687532e0ac145b699d4ab87f48.ctex
Completed load for: 'res://assets/ui/character_select/character_shadow.png' remapped 'res://assets/ui/character_select/character_shadow.png' at thread -1
Loading resource: res://assets/ui/character_select/back_button.png remapped: res://assets/ui/character_select/back_button.png
Loading resource: res://.godot/imported/back_button.png-3a9bc066e48bc3e1b3b2e1a1d33a7445.ctex remapped: res://.godot/imported/back_button.png-3a9bc066e48bc3e1b3b2e1a1d33a7445.ctex
Completed load for: 'res://assets/ui/character_select/back_button.png' remapped 'res://assets/ui/character_select/back_button.png' at thread -1
Loading resource: res://assets/ui/character_select/continue_button.png remapped: res://assets/ui/character_select/continue_button.png
Loading resource: res://.godot/imported/continue_button.png-8a936123e2eb0e220fb29cfd37b133ae.ctex remapped: res://.godot/imported/continue_button.png-8a936123e2eb0e220fb29cfd37b133ae.ctex
Completed load for: 'res://assets/ui/character_select/continue_button.png' remapped 'res://assets/ui/character_select/continue_button.png' at thread -1
Loading resource: res://assets/ui/character_select/difficulty_normal.png remapped: res://assets/ui/character_select/difficulty_normal.png
Loading resource: res://.godot/imported/difficulty_normal.png-f1ae79ef79eabfe084308985340035dd.ctex remapped: res://.godot/imported/difficulty_normal.png-f1ae79ef79eabfe084308985340035dd.ctex
Completed load for: 'res://assets/ui/character_select/difficulty_normal.png' remapped 'res://assets/ui/character_select/difficulty_normal.png' at thread -1
Loading resource: res://assets/ui/character_select/difficulty_selected.png remapped: res://assets/ui/character_select/difficulty_selected.png
Loading resource: res://.godot/imported/difficulty_selected.png-4bc174d5477d87efe50c7c731935a49a.ctex remapped: res://.godot/imported/difficulty_selected.png-4bc174d5477d87efe50c7c731935a49a.ctex
Completed load for: 'res://assets/ui/character_select/difficulty_selected.png' remapped 'res://assets/ui/character_select/difficulty_selected.png' at thread -1
Loading resource: res://assets/ui/main_menu/bg_main_menu.png remapped: res://assets/ui/main_menu/bg_main_menu.png
Loading resource: res://.godot/imported/bg_main_menu.png-1305c75316afe91d89219e95e752e82b.ctex remapped: res://.godot/imported/bg_main_menu.png-1305c75316afe91d89219e95e752e82b.ctex
Completed load for: 'res://assets/ui/main_menu/bg_main_menu.png' remapped 'res://assets/ui/main_menu/bg_main_menu.png' at thread -1
[GameGlobal] game root ready
XR: Clearing primary interface
XR: Removed interface "Native mobile"
XR: Removed interface "OpenXR"
Leaked instance: AudioStreamPlaybackOggVorbis:9223372221588703437 - Reference count: 1
Leaked instance: OggPacketSequencePlayback:9223372221605480654 - Reference count: 1
Leaked instance: OggPacketSequence:9223372221504817359 - Reference count: 3
Leaked instance: AudioStreamOggVorbis:9223372221521594576 - Reference count: 1
Hint: Leaked instances typically happen when nodes are removed from the scene tree (with `remove_child()`) but not freed (with `free()` or `queue_free()`).
Resource still in use: res://assets/audio/bgm/bgm_menu.ogg::OggPacketSequence_t040v (OggPacketSequence)
Resource still in use: res://assets/audio/bgm/bgm_menu.ogg (AudioStreamOggVorbis)
Orphan StringName: BGM (static: 0, total: 2)
StringName: 1 unclaimed string names at exit.
WARNING: 4 ObjectDB instances were leaked at exit (run with `--verbose` for details).
   at: cleanup (core/object/object.cpp:2536)
ERROR: 2 resources still in use at exit.
   at: clear (core/io/resource.cpp:817)
