Godot Engine v4.7.2.stable.official.ed1daf0bf - https://godotengine.org

[DataRegistry] config load summary
[DataRegistry] - weapons: 11 records
[DataRegistry] - relics: 90 records
[DataRegistry] - bonds: 4 records
[DataRegistry] - characters: 2 records
[DataRegistry] - enemies: 2 records
[DataRegistry] - erosion_pressure_rules: 1 records
[DataRegistry] - camp_buildings: 6 records
[DataRegistry] - zones: 3 records
[DataRegistry] - waves: 20 records
[DataRegistry] - drop_tables: 3 records
[DataRegistry] - augmentations: 19 records
[DataRegistry] stat check: attack_speed=100 => interval 0.50s from 1.00s
[DataRegistry] stat check: armor=100 => damage_taken_percent 50
[DataRegistry] stat check: area_size=40 => radius 140 from 100
[DataRegistry] stat check: finance=101 interest_rate=5 => gain 6
[DataRegistry] load completed without errors
PASS water immediate radius and damage
PASS water applies wet
PASS water does not damage again on expansion
PASS paused water clock
PASS approved water outlives the old 0.52 second animation
PASS water lifetime
PASS water area modifier still applies
PASS black hole radius and damage
PASS black hole pull speed
PASS black hole applies dark
PASS paused black hole does not pull
PASS black hole lifetime
PASS sword anticipation
PASS sword fall starts at delay
PASS sword impact damage and radius
PASS sword applies light
PASS sword dissolving does not damage twice
PASS sword lifetime
PASS wind speed
PASS wind path radius and ignored original target
PASS wind path uses the same knockback duration as initial contact
PASS wind hits later path target
PASS wind cannot rehit same target
PASS paused wind does not move
PASS wind lifetime
PASS dense effects retain all twelve damage events
PASS dense effects reduce decoration while retaining core
EFFECT_TEST checks=27 failures=0
