Godot Engine v4.7.2.stable.official.ed1daf0bf - https://godotengine.org

[DataRegistry] config load summary
[DataRegistry] - weapons: 5 records
[DataRegistry] - relics: 77 records
[DataRegistry] - bonds: 4 records
[DataRegistry] - characters: 1 records
[DataRegistry] - enemies: 2 records
[DataRegistry] - erosion_pressure_rules: 1 records
[DataRegistry] - camp_buildings: 6 records
[DataRegistry] - zones: 3 records
[DataRegistry] - waves: 20 records
[DataRegistry] - drop_tables: 3 records
[DataRegistry] - augmentations: 12 records
[DataRegistry] stat check: attack_speed=100 => interval 0.50s from 1.00s
[DataRegistry] stat check: armor=100 => damage_taken_percent 50
[DataRegistry] stat check: area_size=40 => radius 140 from 100
[DataRegistry] stat check: finance=101 interest_rate=5 => gain 6
[DataRegistry] load completed without errors
PASS normal character starts with capacity one hundred
PASS shop advertises current load for weapon_void_blade
PASS all five distinct weapons fit through purchase validation: weapon_void_blade
PASS shop advertises current load for weapon_rentier_purse
PASS all five distinct weapons fit through purchase validation: weapon_rentier_purse
PASS shop advertises current load for weapon_kunyu_ritual_tome
PASS all five distinct weapons fit through purchase validation: weapon_kunyu_ritual_tome
PASS shop advertises current load for weapon_plasma_cannon
PASS all five distinct weapons fit through purchase validation: weapon_plasma_cannon
PASS shop advertises current load for weapon_iron_grenade_cannon
PASS all five distinct weapons fit through purchase validation: weapon_iron_grenade_cannon
PASS five weapons consume ninety-three load with seven remaining
WARNING: [WeaponLoadout] weapon_void_blade failed: weapon_already_owned
   at: push_warning (core/variant/variant_utility.cpp:1033)
   GDScript backtrace (most recent call first):
       [0] _fail (res://scripts/weapons/weapon_loadout.gd:455)
       [1] _equip_weapon_internal (res://scripts/weapons/weapon_loadout.gd:241)
       [2] try_buy_weapon (res://scripts/weapons/weapon_loadout.gd:55)
       [3] _run (res://scripts/tests/weapon_balance_test.gd:44)
       [4] setup (res://scripts/tests/pixel_combat_effect_test.gd:51)
       [5] frames (res://scripts/tests/pixel_combat_effect_test.gd:28)
PASS duplicate purchase still rejected without altering load
PASS shop offers exactly the next upgrade for weapon_void_blade level 2
PASS upgrade applies for weapon_void_blade level 2
PASS shop offers exactly the next upgrade for weapon_rentier_purse level 2
PASS upgrade applies for weapon_rentier_purse level 2
PASS shop offers exactly the next upgrade for weapon_kunyu_ritual_tome level 2
PASS upgrade applies for weapon_kunyu_ritual_tome level 2
PASS shop offers exactly the next upgrade for weapon_plasma_cannon level 2
PASS upgrade applies for weapon_plasma_cannon level 2
PASS shop offers exactly the next upgrade for weapon_iron_grenade_cannon level 2
PASS upgrade applies for weapon_iron_grenade_cannon level 2
PASS bow grows smoothly without a level-five projectile jump: 2
PASS plasma gains damage while preserving timing and contact size: 2
PASS upgrades never increase equipped load
PASS shop offers exactly the next upgrade for weapon_void_blade level 3
PASS upgrade applies for weapon_void_blade level 3
PASS shop offers exactly the next upgrade for weapon_rentier_purse level 3
PASS upgrade applies for weapon_rentier_purse level 3
PASS shop offers exactly the next upgrade for weapon_kunyu_ritual_tome level 3
PASS upgrade applies for weapon_kunyu_ritual_tome level 3
PASS shop offers exactly the next upgrade for weapon_plasma_cannon level 3
PASS upgrade applies for weapon_plasma_cannon level 3
PASS shop offers exactly the next upgrade for weapon_iron_grenade_cannon level 3
PASS upgrade applies for weapon_iron_grenade_cannon level 3
PASS bow grows smoothly without a level-five projectile jump: 3
PASS plasma gains damage while preserving timing and contact size: 3
PASS upgrades never increase equipped load
PASS shop offers exactly the next upgrade for weapon_void_blade level 4
PASS upgrade applies for weapon_void_blade level 4
PASS shop offers exactly the next upgrade for weapon_rentier_purse level 4
PASS upgrade applies for weapon_rentier_purse level 4
PASS shop offers exactly the next upgrade for weapon_kunyu_ritual_tome level 4
PASS upgrade applies for weapon_kunyu_ritual_tome level 4
PASS shop offers exactly the next upgrade for weapon_plasma_cannon level 4
PASS upgrade applies for weapon_plasma_cannon level 4
PASS shop offers exactly the next upgrade for weapon_iron_grenade_cannon level 4
PASS upgrade applies for weapon_iron_grenade_cannon level 4
PASS bow grows smoothly without a level-five projectile jump: 4
PASS plasma gains damage while preserving timing and contact size: 4
PASS upgrades never increase equipped load
PASS shop offers exactly the next upgrade for weapon_void_blade level 5
PASS upgrade applies for weapon_void_blade level 5
PASS shop offers exactly the next upgrade for weapon_rentier_purse level 5
PASS upgrade applies for weapon_rentier_purse level 5
PASS shop offers exactly the next upgrade for weapon_kunyu_ritual_tome level 5
PASS upgrade applies for weapon_kunyu_ritual_tome level 5
PASS shop offers exactly the next upgrade for weapon_plasma_cannon level 5
PASS upgrade applies for weapon_plasma_cannon level 5
PASS shop offers exactly the next upgrade for weapon_iron_grenade_cannon level 5
PASS upgrade applies for weapon_iron_grenade_cannon level 5
PASS bow grows smoothly without a level-five projectile jump: 5
PASS plasma gains damage while preserving timing and contact size: 5
PASS upgrades never increase equipped load
PASS max-level bare bow deals nine every half second
PASS all-owned max-level loadout offers no duplicate weapons or sixth-level upgrades
PASS plasma stops at its configured maximum level
WARNING: [WeaponLoadout] weapon_iron_grenade_cannon failed: load_capacity_exceeded_on_purchase
   at: push_warning (core/variant/variant_utility.cpp:1033)
   GDScript backtrace (most recent call first):
       [0] _fail (res://scripts/weapons/weapon_loadout.gd:455)
       [1] _equip_weapon_internal (res://scripts/weapons/weapon_loadout.gd:245)
       [2] try_buy_weapon (res://scripts/weapons/weapon_loadout.gd:55)
       [3] _run (res://scripts/tests/weapon_balance_test.gd:77)
       [4] setup (res://scripts/tests/pixel_combat_effect_test.gd:51)
       [5] frames (res://scripts/tests/pixel_combat_effect_test.gd:28)
PASS shop and purchase both reject grenade when only twenty-four load remains
PASS grenade is purchasable again after restoring capacity
WEAPON_BALANCE_TEST checks=70 failures=0
