Godot Engine v4.7.2.stable.official.ed1daf0bf - https://godotengine.org

[DataRegistry] config load summary
[DataRegistry] - weapons: 5 records
[DataRegistry] - relics: 77 records
[DataRegistry] - bonds: 4 records
[DataRegistry] - characters: 1 records
[DataRegistry] - enemies: 2 records
[DataRegistry] - erosion_pressure_rules: 1 records
[DataRegistry] - camp_buildings: 6 records
[DataRegistry] - zones: 3 records
[DataRegistry] - waves: 20 records
[DataRegistry] - drop_tables: 3 records
[DataRegistry] - augmentations: 12 records
[DataRegistry] stat check: attack_speed=100 => interval 0.50s from 1.00s
[DataRegistry] stat check: armor=100 => damage_taken_percent 50
[DataRegistry] stat check: area_size=40 => radius 140 from 100
[DataRegistry] stat check: finance=101 interest_rate=5 => gain 6
[DataRegistry] load completed without errors
[GameGlobal] game root ready
PASS grenade can start a real battle
PASS config equips with correct load
PASS two attachment slots
PASS base native damage 16
PASS critical damage 150 percent
PASS base interval 1.8 seconds
PASS coefficient applies to player damage before percent and rounding
PASS native blast ignores melee and element bonuses
PASS element bonus remains available for attachments
PASS attack range does not enlarge blast
PASS blast area scales independently
PASS attack speed changes launch interval
PASS tooltip displays coefficient radius and fixed flight time
PASS level 2 base damage
PASS level 3 base damage
PASS level 4 base damage
PASS level 5 base damage
PASS level five radius and max-level boundary
PASS dense group wins over nearest lone enemy
PASS second grenade prioritizes independent group
PASS third grenade covers remaining isolated enemy
PASS flight does no contact damage
PASS pause freezes grenade flight
PASS one blast hits exactly the three in-radius enemies
PASS native damage has no falloff or extra direct hit
PASS native blast does not apply fire
PASS smoke and repeat detonate cannot deal damage twice
PASS fixed landing does not track enemy or trigger enchantment on miss
PASS real loadout fires grenades
PASS projectile count creates two actual grenades
PASS separate grenades each damage same single target: 968
PASS empty battlefield does not consume cooldown
PASS native explosion has no physics-query 64-target cap
PASS one grenade shares critical roll across all victims
PASS each grenade gets an independent critical roll
PASS compatible enchantment attaches
PASS each of three victims dispatches its own attachment batch
PASS native blast kills primary
PASS three 15-damage elemental blasts survive lethal contact and do not recurse
PASS separated contacts dispatch two overlapping elemental blasts: batches=2 hp=954,954
PASS outside native blast only receives nearby victim's enchantment splash
PASS fire attachment attaches
PASS all blast victims receive direct fire application
PASS outside target receives no native hit or contact enchantment
PASS per-target effects preserve one native hit per victim
PASS repeat detonation cannot repeat enchantments or native damage
PASS existing plasma still equips
PASS existing bow still equips
PASS pierce remains valid on bow
PASS incompatible transfer rejected
PASS rejected transfer preserves source ownership
PASS production grenade accepts split
PASS four primary victims create eight production child grenades
PASS siblings reserve distinct outer targets
PASS children use approved damage radius flight and arc
PASS all siblings share immutable primary-hit exclusions
PASS pause freezes every child grenade
PASS child hits never create grandchildren
PASS core takes only primary damage and outer targets take child damage
PASS duplicate detonation cannot duplicate children or damage
PASS child landing on primary victim still excludes its native damage and enchantments
PASS lethal primary hit still splits at captured contact position
PASS child landing stays fixed and misses moved targets
PASS missed primary explosion never splits
PASS split and fire share the two slots
PASS each child applies enchantments to every secondary blast victim
PASS sibling blasts may overlap without recursively splitting
PASS second split instance attaches
PASS independent rolled split counts add two plus four
PASS children inherit area once and scale the original critical result
PASS resolved split values reach weapon details
PASS each real loadout projectile splits independently
PASS wave cleanup cancels all airborne children
PASS dense blast has no hidden primary-target or child-count cap
PASS dense child bursts exclude all primary victims and stop at one generation
GRENADE_SPLIT_STRESS victims=80 children=160 simulation_us=87072
PASS normal wave end enters finance: finance_popup
PASS workbench explains disabled incompatible attachment
PASS authoritative operation still rejects pierce
PASS workbench enables split attachment
PASS finance operation equips split
PASS finance operation detaches split
PASS split still attaches to existing bow
PASS finance transfers split from bow without losing ownership or other attachment
PASS new weapon appears in shop and reward candidate pool
PASS candidate respects load capacity
PASS wave cleanup cancels airborne grenade immediately
PASS cancelled grenade cannot detonate in next wave
GRENADE_WEAPON_COMPLETE checks=87 failures=0
