Godot Engine v4.7.2.stable.official.ed1daf0bf - https://godotengine.org

[DataRegistry] config load summary
[DataRegistry] - weapons: 5 records
[DataRegistry] - relics: 77 records
[DataRegistry] - bonds: 4 records
[DataRegistry] - characters: 1 records
[DataRegistry] - enemies: 2 records
[DataRegistry] - erosion_pressure_rules: 1 records
[DataRegistry] - camp_buildings: 6 records
[DataRegistry] - zones: 3 records
[DataRegistry] - waves: 20 records
[DataRegistry] - drop_tables: 3 records
[DataRegistry] - augmentations: 12 records
[DataRegistry] stat check: attack_speed=100 => interval 0.50s from 1.00s
[DataRegistry] stat check: armor=100 => damage_taken_percent 50
[DataRegistry] stat check: area_size=40 => radius 140 from 100
[DataRegistry] stat check: finance=101 interest_rate=5 => gain 6
[DataRegistry] load completed without errors
PASS native plasma contact radius is twelve pixels
PASS native visible core and physical collider match
PASS old aura and ground discharge footprint deal no remote damage
PASS distant enemies do not trigger contact slowdown
PASS half pixel outside visible contact stays unharmed
PASS visible edge contact starts one tick and slows the ball
PASS no second tick before the contact interval
PASS continued contact deals the next tick after 0.1 seconds
PASS leaving contact stops ticks and restores flight speed
PASS diagonal outside contact is not a bounding-box hit
PASS diagonal recontact resumes the remaining ticks
PASS five total contact ticks retain the original damage and lifetime limit
PASS expired ball cannot add a sixth tick
PASS a batch hits every touching enemy and excludes nearby noncontacts
PASS live damage-area growth updates visible core and collision together
PASS attack range expands travel without secretly expanding contact
PASS expanded visible edge deals contact damage
PASS minimum-radius clamp is shared instead of keeping a larger invisible collider
PASS minimum-radius edge still rejects noncontact
PASS real moving projectile starts damage only after the visible surfaces touch
PASS pause freezes contact damage, movement and visual clock
PASS item details read the shared twelve-pixel contact radius
PASS plasma keeps full direct damage but explosion scales original plus elemental bonus to twenty percent
PASS five delayed explosions retain their scale even after the plasma ball expires
PASS plasma enchantment scaling does not mutate the source or later direct ticks
PASS lightning also receives the scaled base rather than full original damage
PASS small elemental components combine before scaling and final rounding; event copies preserve the scale
PASS ordinary weapon elemental damage retains its original scale
PLASMA_CONTACT_TEST checks=28 failures=0
